******************************************************************************
                  TI ARM Linker PC v18.1.4                     
******************************************************************************
>> Linked Wed Aug 19 02:59:47 2020

OUTPUT FILE NAME:   <sensortag_cc2650stk_app.out>
ENTRY POINT SYMBOL: "ResetISR"  address: 0000b071


MEMORY CONFIGURATION

         name            origin    length      used     unused   attr    fill
----------------------  --------  ---------  --------  --------  ----  --------
  IMAGE_HEADER          00001000   00000010  00000010  00000000  R  X
  FLASH                 00001010   00010010  0000e85a  000017b6  R  X
  SRAM                  20000000   000043f8  000037ba  00000c3e  RW X


SEGMENT ALLOCATION MAP

run origin  load origin   length   init length attrs members
----------  ----------- ---------- ----------- ----- -------
00001000    00001000    0000e870   0000e870    r-x
  00001000    00001000    00000010   00000010    r-- .imgHdr
  00001010    00001010    0000003c   0000003c    r-- .resetVecs
  0000104c    0000104c    0000d62a   0000d62a    r-x .text
  0000e678    0000e678    00000b7c   00000b7c    r-- .const
  0000f1f8    0000f1f8    00000678   00000678    r-- .cinit
20000430    20000430    00000010   00000000    rw-
  20000430    20000430    00000010   00000000    rw- .TI.bound:dmaSpi0RxControlTableEntry$21
20000440    20000440    00000010   00000000    rw-
  20000440    20000440    00000010   00000000    rw- .TI.bound:dmaSpi0TxControlTableEntry$21
20000500    20000500    00000010   00000000    rw-
  20000500    20000500    00000010   00000000    rw- .TI.bound:dmaSpi1RxControlTableEntry$21
20000510    20000510    000034c2   00000000    rw-
  20000510    20000510    00000010   00000000    rw- .TI.bound:dmaSpi1TxControlTableEntry$21
  20000520    20000520    00002498   00000000    rw- .data
  200029b8    200029b8    0000101a   00000000    rw- .bss
200041f8    200041f8    00000200   00000000    rw-
  200041f8    200041f8    00000200   00000000    rw- .stack


SECTION ALLOCATION MAP

 output                                  attributes/
section   page    origin      length       input sections
--------  ----  ----------  ----------   ----------------
.imgHdr    0    00001000    00000010     
                  00001000    00000010     oad_target_external_flash.obj (.imgHdr:retain)

.text      0    0000104c    0000d62a     
                  0000104c    00001a20     sensortag.obj (.text:SensorTag_taskFxn$0)
                  00002a6c    000005bc     peripheral.obj (.text:gapRole_taskFxn$50)
                  00003028    00000450     driverlib.lib : setup.obj (.text:TrimAfterColdResetWakeupFromShutDown$102)
                  00003478    00000280     RFCC26XX_singleMode.obj (.text:fsmActiveState$19)
                  000036f8    00000248     peripheral.obj (.text:GAPRole_SetParameter)
                  00003940    00000228     drivers_cc26xxware.aem3 : PowerCC26XX.oem3 (.text:Power_sleep)
                  00003b68    00000214     driverlib.lib : sys_ctrl.obj (.text:NOROM_SysCtrlSetRechargeBeforePowerDown)
                  00003d7c    0000020c     sensortag_bar.obj (.text:sensorTaskFxn$1)
                  00003f88    000001d0     drivers_cc26xxware.aem3 : PowerCC26XX_calibrateRCOSC.oem3 (.text:calibrateRcoscHf1)
                  00004158    000001c8     PINCC26XX.obj (.text:PIN_init)
                  00004320    000001c0     RFCC26XX_singleMode.obj (.text:fsmSetupState$19)
                  000044e0    000001b4     SPICC26XXDMA.obj (.text:SPICC26XXDMA_transfer)
                  00004694    000001ac     oad.obj (.text:OAD_imgBlockWrite)
                  00004840    000001a8     RFCC26XX_singleMode.obj (.text:RF_postCmd)
                  000049e8    00000184     drivers_cc26xxware.aem3 : PowerCC26XX_calibrateRCOSC.oem3 (.text:PowerCC26XX_doCalibrate)
                  00004b6c    00000184     RFCC26XX_singleMode.obj (.text:abortCmd$19)
                  00004cf0    00000158     SPICC26XXDMA.obj (.text:SPICC26XXDMA_initIO$21)
                  00004e48    00000150     I2CCC26XX.obj (.text:I2CCC26XX_open)
                  00004f98    00000148     driverlib.lib : setup.obj (.text:NOROM_SetupTrimDevice)
                  000050e0    00000148     SPICC26XXDMA.obj (.text:SPICC26XXDMA_open)
                  00005228    00000120     peripheral.obj (.text:GAPRole_GetParameter)
                  00005348    0000011c     drivers_cc26xxware.aem3 : PowerCC26XX.oem3 (.text:Power_init)
                  00005464    00000108     RFCC26XX_singleMode.obj (.text:hwiFxnCpe0Active$19)
                  0000556c    00000106     icall.obj (.text:ICall_primWaitMatch$24)
                  00005672    00000002     ble_user_config.obj (.text:DefaultAssertCback)
                  00005674    00000100     I2CCC26XX.obj (.text:I2CCC26XX_hwiFxn$17)
                  00005774    00000100     sensortag_factoryreset.obj (.text:SensorTagFactoryReset_hasImage)
                  00005874    000000fc     SensorMpu9250.obj (.text:SensorMpu9250_magRead)
                  00005970    000000fc     sensortag_tmp.obj (.text:sensorTaskFxn$13)
                  00005a6c    000000f8     RFCC26XX_singleMode.obj (.text:fsmPowerUpState$19)
                  00005b64    000000f8     RFCC26XX_singleMode.obj (.text:radioOpDoneCb$19)
                  00005c5c    000000f8     sysbios.aem3 : BIOS.obj (.text:xdc_runtime_Startup_startMods__I)
                  00005d54    000000f4     rtsv7M3_T_le_eabi.lib : fputc.c.obj (.text:fputc)
                  00005e48    000000f0     SPICC26XXDMA.obj (.text:SPICC26XXDMA_transferCancel)
                  00005f38    000000ec     RFCC26XX_singleMode.obj (.text:rf_init$19)
                  00006024    000000e8     registerservice.obj (.text:sensor_WriteAttrCB$51)
                  0000610c    000000e4     sensortag_hum.obj (.text:sensorTaskFxn$6)
                  000061f0    000000dc     PINCC26XX.obj (.text:PINCC26XX_setIoCfg$18)
                  000062cc    000000d8     SPICC26XXDMA.obj (.text:SPICC26XXDMA_control)
                  000063a4    000000d8     main.obj (.text:main)
                  0000647c    000000d4     power_cc26xx_tirtos.aem3 : PowerCC26XX_tirtos.oem3 (.text:PowerCC26XX_standbyPolicy)
                  00006550    000000d4     drivers_cc26xxware.aem3 : PowerCC26XX.oem3 (.text:Power_releaseDependency)
                  00006624    000000d4     rtsv7M3_T_le_eabi.lib : setvbuf.c.obj (.text:setvbuf)
                  000066f8    000000d0     drivers_cc26xxware.aem3 : PowerCC26XX.oem3 (.text:Power_setDependency)
                  000067c8    000000d0     RFCC26XX_singleMode.obj (.text:RF_open)
                  00006898    000000d0     SensorMpu9250.obj (.text:SensorMpu9250_enable)
                  00006968    000000d0     SensorMpu9250.obj (.text:SensorMpu9250_reset)
                  00006a38    000000cc     RFCC26XX_singleMode.obj (.text:fsmPowerDownState$19)
                  00006b04    000000cc     sysbios.aem3 : BIOS.obj (.text:ti_sysbios_knl_Semaphore_pend__E)
                  00006bd0    000000c8                  : m3_Hwi_asm.obj (.text:ti_sysbios_family_arm_m3_Hwi_dispatch__I)
                  00006c98    000000c4     ExtFlash.obj (.text:ExtFlash_open)
                  00006d5c    000000c4     barometerservice.obj (.text:sensor_WriteAttrCB$37)
                  00006e20    000000c4     humidityservice.obj (.text:sensor_WriteAttrCB$43)
                  00006ee4    000000c4     irtempservice.obj (.text:sensor_WriteAttrCB$45)
                  00006fa8    000000c4     movementservice.obj (.text:sensor_WriteAttrCB$46)
                  0000706c    000000c4     opticservice.obj (.text:sensor_WriteAttrCB$49)
                  00007130    000000c4     sysbios.aem3 : BIOS.obj (.text:ti_sysbios_knl_Task_Instance_init__E)
                  000071f4    000000c0     I2CCC26XX.obj (.text:I2CCC26XX_transfer)
                  000072b4    000000c0     ioservice.obj (.text:io_WriteAttrCB$44)
                  00007374    000000bc     rtsv7M3_T_le_eabi.lib : fclose.c.obj (.text:__TI_closefile)
                  00007430    000000b8     devinfoservice.obj (.text:DevInfo_SetParameter)
                  000074e8    000000b4     devinfoservice.obj (.text:devInfo_ReadAttrCB$40)
                  0000759c    000000a8     oad.obj (.text:oadWriteAttrCB$47)
                  00007644    000000a4     ccservice.obj (.text:ccService_WriteAttrCB$39)
                  000076e8    000000a0     SPICC26XXDMA.obj (.text:SPICC26XXDMA_hwiFxn$21)
                  00007788    000000a0     TRNGCC26XX.obj (.text:TRNGCC26XX_getNumber)
                  00007828    000000a0     auto_init.aem3 : auto_init.oem3 (.text)
                  000078c8    000000a0     sysbios.aem3 : BIOS.obj (.text:ti_sysbios_knl_Task_setPri__E)
                  00007968    0000009c     sensortag_keys.obj (.text:SensorTagKeys_clockHandler$8)
                  00007a04    0000009c     rtsv7M3_T_le_eabi.lib : memcpy_t2.asm.obj (.text)
                  00007aa0    00000098     gattservapp_util.obj (.text:GATTServApp_ProcessCharCfg)
                  00007b38    00000098     PINCC26XX.obj (.text:PIN_open)
                  00007bd0    00000098     sysbios.aem3 : BIOS.obj (.text:ti_sysbios_knl_Clock_workFuncDynamic__E)
                  00007c68    00000096     rtsv7M3_T_le_eabi.lib : ull_div_t2.asm.obj (.text)
                  00007cfe    00000002     SPICC26XXDMA.obj (.text:SPICC26XXDMA_serviceISR$21)
                  00007d00    00000094     icall.obj (.text:ICall_primSetTimer$24)
                  00007d94    00000094     sysbios.aem3 : BIOS.obj (.text:ti_sysbios_family_arm_m3_Hwi_Instance_init__E)
                  00007e28    00000092     SPICC26XXDMA.obj (.text:SPICC26XXDMA_close)
                  00007eba    00000002     rtsv7M3_T_le_eabi.lib : _lock.c.obj (.text:_nop)
                  00007ebc    00000090     drivers_cc26xxware.aem3 : PowerCC26XX.oem3 (.text:switchXOSCHFclockFunc)
                  00007f4c    0000008c     I2CCC26XX.obj (.text:I2CCC26XX_cancel)
                  00007fd8    0000008c     I2CCC26XX.obj (.text:I2CCC26XX_primeTransfer$17)
                  00008064    0000008c     sensortag_register.obj (.text:SensorTagRegister_update)
                  000080f0    00000088     driverlib.lib : osc.obj (.text:NOROM_OSCHF_GetStartupTime)
                  00008178    00000088     registerservice.obj (.text:sensor_ReadAttrCB$51)
                  00008200    00000084     icall.obj (.text:ICall_heapMalloc)
                  00008284    00000084     sensortag_mov.obj (.text:appStateSet$9)
                  00008308    00000084     sysbios.aem3 : BIOS.obj (.text:ti_sysbios_knl_Task_postInit__I)
                  0000838c    00000080     SensorI2C.obj (.text:SensorI2C_open)
                  0000840c    00000080     sysbios.aem3 : BIOS.obj (.text:ti_sysbios_family_arm_m3_Hwi_initNVIC__E)
                  0000848c    00000080                  : BIOS.obj (.text:xdc_runtime_Core_createObject__I)
                  0000850c    0000007c     RFCC26XX_singleMode.obj (.text:RF_pendCmd)
                  00008588    0000007c     drivers_cc26xxware.aem3 : PowerCC26XX.oem3 (.text:disableLFClockQualifiers)
                  00008604    0000007c     peripheral.obj (.text:gapRole_startConnUpdate$50)
                  00008680    0000007c     RFCC26XX_singleMode.obj (.text:swiFxnHw$19)
                  000086fc    0000007a     rtsv7M3_T_le_eabi.lib : memset_t2.asm.obj (.text)
                  00008776    00000002     RFCC26XX_singleMode.obj (.text:defaultErrCb$19)
                  00008778    00000078     SPICC26XXDMA.obj (.text:SPICC26XXDMA_csnCallback$21)
                  000087f0    00000078     sensortag.obj (.text:SensorTag_enqueueMsg$0)
                  00008868    00000078     sysbios.aem3 : BIOS.obj (.text:ti_sysbios_knl_Clock_walkQueueDynamic__E)
                  000088e0    00000076     gattservapp_util.obj (.text:gattServApp_SendNotiInd$42)
                  00008956    00000002     drivers_cc26xxware.aem3 : PowerCC26XX.oem3 (.text:emptyClockFunc)
                  00008958    00000074     icall_cc2650.obj (.text:ICallPlatform_pwrUpdActivityCounter)
                  000089cc    00000074     icall.obj (.text:ICall_primSend$24)
                  00008a40    00000074     drivers_cc26xxware.aem3 : PowerCC26XX_calibrateRCOSC.oem3 (.text:PowerCC26XX_auxISR)
                  00008ab4    00000074     sensortag.obj (.text:SensorTag_callback$0)
                  00008b28    00000074     drivers_cc26xxware.aem3 : PowerCC26XX_calibrateRCOSC.oem3 (.text:calibrateRcoscHf2)
                  00008b9c    00000074     sysbios.aem3 : BIOS.obj (.text:ti_sysbios_family_arm_cc26xx_Timer_start__E)
                  00008c10    00000072     ExtFlash.obj (.text:ExtFlash_write)
                  00008c82    00000002     rtsv7M3_T_le_eabi.lib : div0.asm.obj (.text)
                  00008c84    00000070     SensorI2C.obj (.text:SensorI2C_select)
                  00008cf4    00000070     sensortag_register.obj (.text:SensorTagRegister_reset)
                  00008d64    00000070     battservice.obj (.text:battNotifyLevel$38)
                  00008dd4    00000070     rtsv7M3_T_le_eabi.lib : fseek.c.obj (.text:fseek)
                  00008e44    00000070     sysbios.aem3 : BIOS.obj (.text:ti_sysbios_knl_Task_sleep__E)
                  00008eb4    0000006c     icall.obj (.text:ICall_createRemoteTasks)
                  00008f20    0000006c     drivers_cc26xxware.aem3 : PowerCC26XX.oem3 (.text:PowerCC26XX_calibrate)
                  00008f8c    0000006c     UDMACC26XX.obj (.text:UDMACC26XX_open)
                  00008ff8    0000006c     movementservice.obj (.text:sensor_ReadAttrCB$46)
                  00009064    0000006c     sysbios.aem3 : BIOS.obj (.text:xdc_runtime_Memory_alloc__E)
                  000090d0    00000068     rtsv7M3_T_le_eabi.lib : hostlseek.c.obj (.text:HOSTlseek)
                  00009138    00000068     driverlib.lib : sys_ctrl.obj (.text:NOROM_SysCtrl_DCDC_VoltageConditionalControl)
                  000091a0    00000068     RFCC26XX_singleMode.obj (.text:decActiveClientCnt$19)
                  00009208    00000068     rtsv7M3_T_le_eabi.lib : copy_decompress_lzss.c.obj (.text:decompress:lzss:__TI_decompress_lzss)
                  00009270    00000068                           : getdevice.c.obj (.text:getdevice)
                  000092d8    00000068     sysbios.aem3 : BIOS.obj (.text:ti_sysbios_knl_Clock_startI__E)
                  00009340    00000068                  : BIOS.obj (.text:ti_sysbios_knl_Swi_restoreHwi__E)
                  000093a8    00000064     rtsv7M3_T_le_eabi.lib : hostrename.c.obj (.text:HOSTrename)
                  0000940c    00000064     I2CCC26XX.obj (.text:I2CCC26XX_close)
                  00009470    00000064     PINCC26XX.obj (.text:PIN_add)
                  000094d4    00000064     sensortag_oad.obj (.text:SensorTag_processOadWriteCB$10)
                  00009538    00000064     sysbios.aem3 : BIOS.obj (.text:ti_sysbios_knl_Semaphore_post__E)
                  0000959c    00000062     barometerservice.obj (.text:sensor_ReadAttrCB$37)
                  000095fe    00000060     gattservapp_util.obj (.text:GATTServApp_ProcessCCCWriteReq)
                  0000965e    00000002     sysbios.aem3 : BIOS.obj (.text:ti_sysbios_BIOS_linkedWithIncorrectBootLibrary__E)
                  00009660    00000060     icall.obj (.text:ICall_primEnroll$24)
                  000096c0    00000060     oad.obj (.text:OAD_sendStatus$47)
                  00009720    00000060     drivers_cc26xxware.aem3 : PowerCC26XX_calibrateRCOSC.oem3 (.text:PowerCC26XX_RCOSC_clockFunc)
                  00009780    00000060                             : PowerCC26XX_calibrateRCOSC.oem3 (.text:updateSubSecInc)
                  000097e0    0000005c     ExtFlash.obj (.text:ExtFlash_erase)
                  0000983c    0000005c     ExtFlash.obj (.text:ExtFlash_waitReady$28)
                  00009898    0000005c     rtsv7M3_T_le_eabi.lib : hostopen.c.obj (.text:HOSTopen)
                  000098f4    0000005c     icall.obj (.text:ICall_primThreadServes$24)
                  00009950    0000005c     driverlib.lib : osc.obj (.text:NOROM_OSCHF_AttemptToSwitchToXosc)
                  000099ac    0000005c                   : sys_ctrl.obj (.text:NOROM_SysCtrlAdjustRechargeAfterPowerDown)
                  00009a08    0000005c     oad.obj (.text:OAD_getNextBlockReq$47)
                  00009a64    0000005c     SensorMpu9250.obj (.text:SensorMpu9250_test)
                  00009ac0    0000005c     RFCC26XX_singleMode.obj (.text:fsmXOSCState$19)
                  00009b1c    0000005c     sysbios.aem3 : BIOS.obj (.text:ti_sysbios_knl_Task_Module_startup__E)
                  00009b78    0000005c                  : BIOS.obj (.text:ti_sysbios_knl_Task_startCore__E)
                  00009bd4    0000005a     humidityservice.obj (.text:sensor_ReadAttrCB$43)
                  00009c2e    0000005a     irtempservice.obj (.text:sensor_ReadAttrCB$45)
                  00009c88    0000005a     opticservice.obj (.text:sensor_ReadAttrCB$49)
                  00009ce2    00000002     app_ble_pem3.oem3 (.text:ti_sysbios_BIOS_nullFunc__I)
                  00009ce4    00000058     rtsv7M3_T_le_eabi.lib : hostread.c.obj (.text:HOSTread)
                  00009d3c    00000058     movementservice.obj (.text:Movement_setParameter)
                  00009d94    00000058     PINCC26XX.obj (.text:PIN_remove)
                  00009dec    00000058     drivers_cc26xxware.aem3 : PowerCC26XX_calibrateRCOSC.oem3 (.text:PowerCC26XX_initiateCalibration)
                  00009e44    00000058     SPICC26XXDMA.obj (.text:SPICC26XXDMA_initHw$21)
                  00009e9c    00000058     battservice.obj (.text:battReadAttrCB$38)
                  00009ef4    00000058     sensortag_keys.obj (.text:processGapStateChange$8)
                  00009f4c    00000058     sysbios.aem3 : BIOS.obj (.text:ti_sysbios_family_arm_m3_Hwi_postInit__I)
                  00009fa4    00000058                  : BIOS.obj (.text:ti_sysbios_knl_Swi_Instance_init__E)
                  00009ffc    00000058                  : BIOS.obj (.text:ti_sysbios_knl_Swi_run__I)
                  0000a054    00000054     barometerservice.obj (.text:Barometer_setParameter)
                  0000a0a8    00000054     ExtFlash.obj (.text:ExtFlash_close)
                  0000a0fc    00000054     rtsv7M3_T_le_eabi.lib : hostwrite.c.obj (.text:HOSTwrite)
                  0000a150    00000054     I2CCC26XX.obj (.text:I2CCC26XX_swiFxn$17)
                  0000a1a4    00000054     icall.obj (.text:ICall_primFetchMsg$24)
                  0000a1f8    00000054     RFCC26XX_singleMode.obj (.text:RF_getCurrentTime)
                  0000a24c    00000054     util.obj (.text:Util_rescheduleClock)
                  0000a2a0    00000054     drivers_cc26xxware.aem3 : PowerCC26XX.oem3 (.text:configureXOSCHF)
                  0000a2f4    00000054     rtsv7M3_T_le_eabi.lib : fflush.c.obj (.text:fflush)
                  0000a348    00000054     RFCC26XX_singleMode.obj (.text:hwiFxnHw$19)
                  0000a39c    00000054     RFCC26XX_singleMode.obj (.text:ratChanFree$19)
                  0000a3f0    00000054     sysbios.aem3 : BIOS.obj (.text:ti_sysbios_family_arm_m3_Hwi_dispatchC__I)
                  0000a444    00000054                  : BIOS.obj (.text:ti_sysbios_knl_Swi_schedule__I)
                  0000a498    00000052     icall.obj (.text:ICall_primWait$24)
                  0000a4ea    00000052     SPICC26XXDMA.obj (.text:SPICC26XXDMA_swiFxn$21)
                  0000a53c    00000050     ExtFlash.obj (.text:ExtFlash_read)
                  0000a58c    00000050     icall_api.obj (.text:GAP_UpdateAdvertisingData)
                  0000a5dc    00000050     humidityservice.obj (.text:Humidity_setParameter)
                  0000a62c    00000050     icall.obj (.text:ICall_primRegisterApp$24)
                  0000a67c    00000050     irtempservice.obj (.text:IRTemp_setParameter)
                  0000a6cc    00000050     opticservice.obj (.text:Optic_setParameter)
                  0000a71c    00000050     RFCC26XX_singleMode.obj (.text:RF_getInfo)
                  0000a76c    00000050     sensortag_bar.obj (.text:SensorTagBar_reset)
                  0000a7bc    00000050     sysbios.aem3 : BIOS.obj (.text:ti_sysbios_knl_Swi_runLoop__I)
                  0000a80c    00000050                  : BIOS.obj (.text:xdc_runtime_Startup_exec__E)
                  0000a85c    0000004e     SensorOpt3001.obj (.text:SensorOpt3001_test)
                  0000a8aa    0000004e     ccservice.obj (.text:ccService_ReadAttrCB$39)
                  0000a8f8    0000004e     ioservice.obj (.text:io_ReadAttrCB$44)
                  0000a946    00000002     sysbios.aem3 : BIOS.obj (.text:ti_sysbios_gates_GateHwi_Instance_init__E)
                  0000a948    0000004c     I2CCC26XX.obj (.text:I2CCC26XX_initHw$17)
                  0000a994    0000004c     icall.obj (.text:ICall_newTask$24)
                  0000a9e0    0000004c     icall.obj (.text:ICall_primGetEntityId$24)
                  0000aa2c    0000004c     driverlib.lib : osc.obj (.text:NOROM_OSCClockSourceSet)
                  0000aa78    0000004c     util.obj (.text:Util_constructClock)
                  0000aac4    0000004c     rtsv7M3_T_le_eabi.lib : fflush.c.obj (.text:__TI_doflush)
                  0000ab10    0000004c     battservice.obj (.text:battWriteAttrCB$38)
                  0000ab5c    0000004c     rtsv7M3_T_le_eabi.lib : cpy_tbl.c.obj (.text:copy_in)
                  0000aba8    0000004c     sysbios.aem3 : m3_TaskSupport_asm.obj (.text:ti_sysbios_family_arm_m3_TaskSupport_buildTaskStack)
                  0000abf4    0000004c                  : BIOS.obj (.text:ti_sysbios_knl_Task_schedule__I)
                  0000ac40    0000004a     RFCC26XX_singleMode.obj (.text:syncCb$19)
                  0000ac8a    00000002     sysbios.aem3 : BIOS.obj (.text:ti_sysbios_knl_Clock_logTick__E)
                  0000ac8c    00000048     peripheral.obj (.text:GAPRole_TerminateConnection)
                  0000acd4    00000048     driverlib.lib : chipinfo.obj (.text:NOROM_ChipInfo_GetChipFamily)
                  0000ad1c    00000048                   : ddi.obj (.text:NOROM_DDI16BitfieldWrite)
                  0000ad64    00000048     sensortag_io.obj (.text:SensorTagIO_reset)
                  0000adac    00000048     icall_api.obj (.text:gattIndNoti$27)
                  0000adf4    00000048     drivers_cc26xxware.aem3 : PowerCC26XX.oem3 (.text:notify)
                  0000ae3c    00000048     sysbios.aem3 : BIOS.obj (.text:ti_sysbios_family_arm_m3_Hwi_Module_startup__E)
                  0000ae84    00000048                  : m3_Hwi_asm_switch.obj (.text:ti_sysbios_family_arm_m3_Hwi_initStacks__E)
                  0000aecc    00000048     app_ble_pem3.oem3 (.text:ti_sysbios_hal_Hwi_create)
                  0000af14    00000048     sysbios.aem3 : BIOS.obj (.text:xdc_runtime_Core_assignParams__I)
                  0000af5c    00000048                  : BIOS.obj (.text:xdc_runtime_Core_constructObject__I)
                  0000afa4    00000044     PINCC26XX.obj (.text:PIN_swi$18)
                  0000afe8    00000044     SensorMpu9250.obj (.text:SensorMpu9250_accSetRange)
                  0000b02c    00000044     sensortag_io.obj (.text:SensorTagIO_blinkLed)
                  0000b070    00000044     boot.aem3 : boot.oem3 (.text)
                  0000b0b4    00000044     icall_api.obj (.text:gapSendParamAndPtrCmd$27)
                  0000b0f8    00000044     SensorMpu9250.obj (.text:sensorMpu9250SetBypass$32)
                  0000b13c    00000044     app_ble_pem3.oem3 (.text:ti_sysbios_family_arm_m3_Hwi_Object__create__S)
                  0000b180    00000044     sysbios.aem3 : BIOS.obj (.text:ti_sysbios_family_arm_m3_Hwi_disableInterrupt__E)
                  0000b1c4    00000044                  : BIOS.obj (.text:ti_sysbios_family_arm_m3_Hwi_enableInterrupt__E)
                  0000b208    00000044                  : BIOS.obj (.text:ti_sysbios_knl_Swi_post__E)
                  0000b24c    00000044                  : BIOS.obj (.text:ti_sysbios_knl_Task_allBlockedFunction__I)
                  0000b290    00000044     app_ble_pem3.oem3 (.text:ti_sysbios_knl_Task_create)
                  0000b2d4    00000042     icall.obj (.text:ICall_primCreateTask$24)
                  0000b316    00000002     sysbios.aem3 : BIOS.obj (.text:ti_sysbios_knl_Clock_triggerFunc__I)
                  0000b318    00000040     ExtFlash.obj (.text:ExtFlash_readInfo$28)
                  0000b358    00000040     peripheral.obj (.text:GAPRole_createTask)
                  0000b398    00000040     rtsv7M3_T_le_eabi.lib : hostclose.c.obj (.text:HOSTclose)
                  0000b3d8    00000040                           : hostunlink.c.obj (.text:HOSTunlink)
                  0000b418    00000040     driverlib.lib : ddi.obj (.text:NOROM_DDI16BitfieldRead)
                  0000b458    00000040     RFCC26XX_singleMode.obj (.text:RF_getRssi)
                  0000b498    00000040     simplekeys.obj (.text:SK_readAttrCB$52)
                  0000b4d8    00000040     SensorI2C.obj (.text:SensorI2C_read)
                  0000b518    00000040     SensorTmp007.obj (.text:SensorTmp007_enable)
                  0000b558    00000040     SensorMpu9250.obj (.text:sensorMpuSleep$32)
                  0000b598    00000040     sysbios.aem3 : BIOS.obj (.text:ti_sysbios_family_arm_m3_Hwi_getStackInfo__E)
                  0000b5d8    00000040                  : BIOS.obj (.text:xdc_runtime_HeapMin_alloc__E)
                  0000b618    0000003c     icall_api.obj (.text:GAP_GetParamValue)
                  0000b654    0000003c     icall_api.obj (.text:GATTServApp_RegisterService)
                  0000b690    0000003c     icall_cc2650.obj (.text:ICallPlatform_pwrConfigACAction)
                  0000b6cc    0000003c     icall.obj (.text:ICall_primFetchServiceMsg$24)
                  0000b708    0000003c     icall.obj (.text:ICall_primGetMaxMSecs$24)
                  0000b744    0000003c     driverlib.lib : osc.obj (.text:NOROM_OSC_HPOSCRelativeFrequencyOffsetGet)
                  0000b780    0000003c     registerservice.obj (.text:Register_setParameter)
                  0000b7bc    0000003c     SensorI2C.obj (.text:SensorI2C_writeRead)
                  0000b7f8    0000003c     sensortag_bar.obj (.text:SensorTagBar_createTask)
                  0000b834    0000003c     sensortag_hum.obj (.text:SensorTagHum_createTask)
                  0000b870    0000003c     sensortag_tmp.obj (.text:SensorTagTmp_createTask)
                  0000b8ac    0000003c     sensortag.obj (.text:SensorTag_createTask)
                  0000b8e8    0000003c     RFCC26XX_singleMode.obj (.text:dispatchOpWhen$19)
                  0000b924    0000003c     oad.obj (.text:oadReadAttrCB$47)
                  0000b960    0000003c     RFCC26XX_singleMode.obj (.text:postDirImmCmd$19)
                  0000b99c    0000003c     icall_api.obj (.text:profileSetParameter$27)
                  0000b9d8    0000003c     icall_api.obj (.text:sendWaitMatchCS$27)
                  0000ba14    0000003c     icall_api.obj (.text:sendWaitMatchValueCS$27)
                  0000ba50    0000003c     app_ble_pem3.oem3 (.text:ti_sysbios_family_arm_m3_Hwi_construct)
                  0000ba8c    0000003a     sysbios.aem3 : BIOS.obj (.text:ti_sysbios_knl_Task_exit__E)
                  0000bac6    00000002                  : BIOS.obj (.text:ti_sysbios_knl_Swi_Instance_finalize__E)
                  0000bac8    00000038     SensorI2C.obj (.text:SensorI2C_write)
                  0000bb00    00000038     sensortag_opt.obj (.text:SensorTagOpt_reset)
                  0000bb38    00000038     util.obj (.text:Util_restartClock)
                  0000bb70    00000038     rtsv7M3_T_le_eabi.lib : trgmsg.c.obj (.text:__TI_writemsg)
                  0000bba8    00000038     sysbios.aem3 : BIOS.obj (.text:ti_sysbios_family_arm_cc26xx_Timer_getCurrentTick__E)
                  0000bbe0    00000038                  : BIOS.obj (.text:ti_sysbios_family_arm_m3_Hwi_Instance_finalize__E)
                  0000bc18    00000038                  : BIOS.obj (.text:ti_sysbios_knl_Clock_Instance_init__E)
                  0000bc50    00000038     app_ble_pem3.oem3 (.text:ti_sysbios_knl_Clock_create)
                  0000bc88    00000038     app_ble_pem3.oem3 (.text:ti_sysbios_knl_Swi_construct)
                  0000bcc0    00000038     app_ble_pem3.oem3 (.text:ti_sysbios_knl_Task_construct)
                  0000bcf8    00000038     sysbios.aem3 : BIOS.obj (.text:xdc_runtime_System_atexit__E)
                  0000bd30    00000036                  : BIOS.obj (.text:ti_sysbios_family_arm_cc26xx_Timer_setNextTick__E)
                  0000bd66    00000036     icall_api.obj (.text:waitMatchCS$27)
                  0000bd9c    00000034     icall_api.obj (.text:GAPBondMgr_SetParameter)
                  0000bdd0    00000034     peripheral.obj (.text:GAPRole_SendUpdateParam)
                  0000be04    00000034     icall_api.obj (.text:GAP_SetParamValue)
                  0000be38    00000034     icall.obj (.text:ICall_primEntityId2ServiceId$24)
                  0000be6c    00000034     icall.obj (.text:ICall_primRegisterISR$24)
                  0000bea0    00000034     icall.obj (.text:ICall_primRegisterISR_Ext$24)
                  0000bed4    00000034     icall.obj (.text:ICall_searchServiceEntity)
                  0000bf08    00000034     ioservice.obj (.text:Io_setParameter)
                  0000bf3c    00000034     movementservice.obj (.text:Movement_getParameter)
                  0000bf70    00000034     driverlib.lib : ddi.obj (.text:NOROM_DDI32RegWrite)
                  0000bfa4    00000034                   : osc.obj (.text:NOROM_OSCHF_SwitchToRcOscTurnOffXosc)
                  0000bfd8    00000034     PINCC26XX.obj (.text:PIN_setOutputValue)
                  0000c00c    00000034     drivers_cc26xxware.aem3 : PowerCC26XX.oem3 (.text:PowerCC26XX_isStableXOSC_HF)
                  0000c040    00000034     RFCC26XX_singleMode.obj (.text:Q_push$19)
                  0000c074    00000034     RFCC26XX_singleMode.obj (.text:RF_runCmd)
                  0000c0a8    00000034     registerservice.obj (.text:Register_getParameter)
                  0000c0dc    00000034     SensorMpu9250.obj (.text:SensorMpu9250_accRead)
                  0000c110    00000034     SensorMpu9250.obj (.text:SensorMpu9250_gyroRead)
                  0000c144    00000034     rtsv7M3_T_le_eabi.lib : trgmsg.c.obj (.text:__TI_readmsg)
                  0000c178    00000034     icall_api.obj (.text:osal_snv_read)
                  0000c1ac    00000034     icall_api.obj (.text:osal_snv_write)
                  0000c1e0    00000034     icall_api.obj (.text:profileAddService$27)
                  0000c214    00000034     rtsv7M3_T_le_eabi.lib : strncpy.c.obj (.text:strncpy)
                  0000c248    00000034     sysbios.aem3 : BIOS.obj (.text:ti_sysbios_family_arm_cc26xx_Timer_initDevice__I)
                  0000c27c    00000034     app_ble_pem3.oem3 (.text:ti_sysbios_knl_Clock_construct)
                  0000c2b0    00000034     app_ble_pem3.oem3 (.text:ti_sysbios_knl_Semaphore_create)
                  0000c2e4    00000034     sysbios.aem3 : BIOS.obj (.text:ti_sysbios_knl_Swi_restore__E)
                  0000c318    00000034                  : BIOS.obj (.text:ti_sysbios_knl_Task_blockI__E)
                  0000c34c    00000032     icall_api.obj (.text:gapSendParamsCmd$27)
                  0000c37e    00000032     icall_api.obj (.text:gapSendPtrParamsCmd$27)
                  0000c3b0    00000032     icall_api.obj (.text:matchGapSetGetParamCS$27)
                  0000c3e2    00000032     icall_api.obj (.text:matchGattCmdStatus$27)
                  0000c414    00000032     icall_api.obj (.text:matchUtilNvCS$27)
                  0000c446    00000030     icall_cc2650.obj (.text:ICallPlatform_pwrNotify$25)
                  0000c476    00000002     sysbios.aem3 : BIOS.obj (.text:xdc_runtime_Error_policySpin__E)
                  0000c478    00000030     icall_cc2650.obj (.text:ICallPlatform_pwrRegisterNotify)
                  0000c4a8    00000030     icall.obj (.text:ICall_dispatch$24)
                  0000c4d8    00000030     icall.obj (.text:ICall_msecs2Ticks$24)
                  0000c508    00000030     icall.obj (.text:ICall_searchTask$24)
                  0000c538    00000030     driverlib.lib : setup_rom.obj (.text:NOROM_SetupSetAonRtcSubSecInc)
                  0000c568    00000030                   : trng.obj (.text:NOROM_TRNGConfigure)
                  0000c598    00000030     PINCC26XX.obj (.text:PIN_setInterrupt)
                  0000c5c8    00000030     drivers_cc26xxware.aem3 : PowerCC26XX.oem3 (.text:Power_releaseConstraint)
                  0000c5f8    00000030                             : PowerCC26XX.oem3 (.text:Power_setConstraint)
                  0000c628    00000030     SensorMpu9250.obj (.text:SensorMpu9250_powerOn)
                  0000c658    00000030     ExtFlash.obj (.text:Spi_read$28)
                  0000c688    00000030     ExtFlash.obj (.text:Spi_write$28)
                  0000c6b8    00000030     oad.obj (.text:crc16$47)
                  0000c6e8    00000030     sensortag_factoryreset.obj (.text:crc16$5)
                  0000c718    00000030     app_ble_pem3.oem3 (.text:ti_sysbios_BIOS_atExitFunc__I)
                  0000c748    00000030     app_ble_pem3.oem3 (.text:ti_sysbios_BIOS_startFunc__I)
                  0000c778    00000030     sysbios.aem3 : BIOS.obj (.text:ti_sysbios_family_arm_cc26xx_Timer_setThreshold__I)
                  0000c7a8    00000030     app_ble_pem3.oem3 (.text:ti_sysbios_gates_GateHwi_Object__create__S)
                  0000c7d8    00000030     app_ble_pem3.oem3 (.text:ti_sysbios_gates_GateMutex_Object__create__S)
                  0000c808    00000030     sysbios.aem3 : BIOS.obj (.text:ti_sysbios_gates_GateMutex_enter__E)
                  0000c838    00000030     app_ble_pem3.oem3 (.text:ti_sysbios_knl_Semaphore_construct)
                  0000c868    00000030     sysbios.aem3 : BIOS.obj (.text:ti_sysbios_knl_Task_processVitalTaskFlag__I)
                  0000c898    00000030     app_ble_pem3.oem3 (.text:xdc_runtime_HeapMin_Object__create__S)
                  0000c8c8    00000030     sysbios.aem3 : BIOS.obj (.text:xdc_runtime_HeapMin_free__E)
                  0000c8f8    00000030                  : BIOS.obj (.text:xdc_runtime_System_processAtExit__E)
                  0000c928    0000002e     icall_cc2650.obj (.text:ICallPlatform_pwrDispenseImpl$25)
                  0000c956    0000002e     icall_cc2650.obj (.text:ICallPlatform_pwrRequireImpl$25)
                  0000c984    0000002e     simplekeys.obj (.text:SK_writeAttrCB$52)
                  0000c9b2    0000002e     SensorOpt3001.obj (.text:SensorOpt3001_enable)
                  0000c9e0    0000002e     app_ble_pem3.oem3 (.text:malloc)
                  0000ca0e    0000002e     sysbios.aem3 : BIOS.obj (.text:ti_sysbios_family_arm_m3_TaskSupport_start__E)
                  0000ca3c    0000002e                  : BIOS.obj (.text:ti_sysbios_hal_Hwi_initStack)
                  0000ca6a    00000002                  : BIOS.obj (.text:xdc_runtime_System_abortSpin__E)
                  0000ca6c    0000002c     ExtFlash.obj (.text:ExtFlash_writeEnable$28)
                  0000ca98    0000002c     icall.obj (.text:ICall_heapFree)
                  0000cac4    0000002c     oad.obj (.text:ICall_malloc$47)
                  0000caf0    0000002c     icall.obj (.text:ICall_msgEnqueue$24)
                  0000cb1c    0000002c     icall.obj (.text:ICall_primAllocMsg$24)
                  0000cb48    0000002c     icall_api.obj (.text:ICall_sendServiceMsg$27)
                  0000cb74    0000002c     PINCC26XX.obj (.text:PINCC26XX_setMux)
                  0000cba0    0000002c     PINCC26XX.obj (.text:PIN_setConfig)
                  0000cbcc    0000002c     SensorI2C.obj (.text:SensorI2C_writeReg)
                  0000cbf8    0000002c     sensortag_mov.obj (.text:SensorTagMov_reset)
                  0000cc24    0000002c     rtsv7M3_T_le_eabi.lib : fopen.c.obj (.text:__TI_cleanup)
                  0000cc50    0000002c     RFCC26XX_singleMode.obj (.text:getCmd$19)
                  0000cc7c    0000002c     icall_api.obj (.text:matchProfileAddServiceCS$27)
                  0000cca8    0000002c     sysbios.aem3 : BIOS.obj (.text:ti_sysbios_knl_Clock_getTicksUntilInterrupt__E)
                  0000ccd4    0000002c     app_ble_pem3.oem3 (.text:ti_sysbios_knl_Queue_construct)
                  0000cd00    0000002c     sysbios.aem3 : BIOS.obj (.text:ti_sysbios_knl_Semaphore_pendTimeout__I)
                  0000cd2c    0000002c                  : BIOS.obj (.text:ti_sysbios_knl_Task_unblockI__E)
                  0000cd58    0000002c     st_util.obj (.text:utilExtractUuid16)
                  0000cd84    0000002a     icall_api.obj (.text:ICall_waitMatch$27)
                  0000cdae    0000002a     icall_api.obj (.text:matchProfileCS$27)
                  0000cdd8    00000028     ccservice.obj (.text:CcService_setParameter)
                  0000ce00    00000028     driverlib.lib : aon_batmon.obj (.text:NOROM_AONBatMonTemperatureGetDegC)
                  0000ce28    00000028                   : rfc.obj (.text:NOROM_RFCDoorbellSendTo)
                  0000ce50    00000028     drivers_cc26xxware.aem3 : PowerCC26XX.oem3 (.text:PowerCC26XX_switchXOSC_HF)
                  0000ce78    00000028                             : PowerCC26XX.oem3 (.text:Power_registerNotify)
                  0000cea0    00000028     simplekeys.obj (.text:SK_SetParameter)
                  0000cec8    00000028     SPICC26XXDMA.obj (.text:SPICC26XXDMA_flushFifos$21)
                  0000cef0    00000028     driverlib.lib : adi.obj (.text:SafeHapiVoid)
                  0000cf18    00000028     SensorBmp280.obj (.text:SensorBmp280_enable)
                  0000cf40    00000028     sensortag_batt.obj (.text:SensorTagBatt_reset)
                  0000cf68    00000028     sensortag_buzzer.obj (.text:SensorTagBuzzer_close)
                  0000cf90    00000028     sensortag_conn_ctrl.obj (.text:SensorTagConnControl_paramUpdateCB)
                  0000cfb8    00000028     sensortag_tmp.obj (.text:SensorTagTmp_reset)
                  0000cfe0    00000028     sensortag.obj (.text:SensorTag_resetAllModules$0)
                  0000d008    00000028     TRNGCC26XX.obj (.text:TRNGCC26XX_init)
                  0000d030    00000028     RFCC26XX_singleMode.obj (.text:clkPowerUpFxn$19)
                  0000d058    00000028     sysbios.aem3 : BIOS.obj (.text:ti_sysbios_knl_Clock_addI__E)
                  0000d080    00000028                  : BIOS.obj (.text:ti_sysbios_knl_Task_restore__E)
                  0000d0a8    00000028     rtsv7M3_T_le_eabi.lib : unlink.c.obj (.text:unlink)
                  0000d0d0    00000028                           : write.c.obj (.text:write)
                  0000d0f8    00000026     drivers_cc26xxware.aem3 : List.oem3 (.text:List_put)
                  0000d11e    00000026     sysbios.aem3 : BIOS.obj (.text:ti_sysbios_hal_Hwi_Instance_init__E)
                  0000d144    00000024     barometerservice.obj (.text:Barometer_getParameter)
                  0000d168    00000024     I2C.obj (.text:I2C_open)
                  0000d18c    00000024     icall_api.obj (.text:ICall_getLocalMsgEntityId$27)
                  0000d1b0    00000024     sensortag_hum.obj (.text:SensorTagHum_reset)
                  0000d1d4    00000024     drivers_cc26xxware.aem3 : PowerCC26XX_calibrateRCOSC.oem3 (.text:getTdcSemaphore)
                  0000d1f8    00000024     RFCC26XX_singleMode.obj (.text:hwiFxnCpe0PowerFsm$19)
                  0000d21c    00000024     rtsv7M3_T_le_eabi.lib : memcmp.c.obj (.text:memcmp)
                  0000d240    00000024     app_ble_pem3.oem3 (.text:ti_sysbios_BIOS_registerRTSLock__I)
                  0000d264    00000024     app_ble_pem3.oem3 (.text:ti_sysbios_BIOS_removeRTSLock__I)
                  0000d288    00000024     sysbios.aem3 : BIOS.obj (.text:ti_sysbios_family_arm_cc26xx_Timer_Module_startup__E)
                  0000d2ac    00000024                  : BIOS.obj (.text:ti_sysbios_family_arm_cc26xx_Timer_getMaxTicks__E)
                  0000d2d0    00000024                  : BIOS.obj (.text:ti_sysbios_family_arm_cc26xx_Timer_startup__E)
                  0000d2f4    00000024                  : BIOS.obj (.text:ti_sysbios_knl_Semaphore_Instance_init__E)
                  0000d318    00000024                  : BIOS.obj (.text:ti_sysbios_knl_Swi_Module_startup__E)
                  0000d33c    00000022                  : BIOS.obj (.text:ti_sysbios_family_arm_cc26xx_Timer_postInit__I)
                  0000d35e    00000002                  : BIOS.obj (.text:xdc_runtime_System_exitSpin__E)
                  0000d360    00000020     gattservapp_util.obj (.text:GATTServApp_InitCharCfg)
                  0000d380    00000020     humidityservice.obj (.text:Humidity_getParameter)
                  0000d3a0    00000020     icall_api.obj (.text:ICall_allocMsg$27)
                  0000d3c0    00000020     icall_api.obj (.text:ICall_getEntityId$27)
                  0000d3e0    00000020     icall.obj (.text:ICall_primService$24)
                  0000d400    00000020     irtempservice.obj (.text:IRTemp_getParameter)
                  0000d420    00000020     opticservice.obj (.text:Optic_getParameter)
                  0000d440    00000020     drivers_cc26xxware.aem3 : PowerCC26XX.oem3 (.text:Power_unregisterNotify)
                  0000d460    00000020     sensortag_mov.obj (.text:SensorTagMov_processInterrupt$9)
                  0000d480    00000020     sensortag_opt.obj (.text:SensorTagOpt_clockHandler$11)
                  0000d4a0    00000020     battservice.obj (.text:battMeasure$38)
                  0000d4c0    00000020     gattservapp_util.obj (.text:gattServApp_FindCharCfgItem$42)
                  0000d4e0    00000020     sensortag_mov.obj (.text:initCharacteristicValue$9)
                  0000d500    00000020     app_ble_pem3.oem3 (.text:ti_sysbios_BIOS_rtsLock__I)
                  0000d520    00000020     sysbios.aem3 : BIOS.obj (.text:ti_sysbios_family_arm_cc26xx_Timer_dynamicStub__E)
                  0000d540    00000020                  : m3_Hwi_asm.obj (.text:ti_sysbios_family_arm_m3_Hwi_excHandlerAsm__I)
                  0000d560    00000020                  : BIOS.obj (.text:ti_sysbios_family_arm_m3_Hwi_excHandler__I)
                  0000d580    00000020                  : BIOS.obj (.text:ti_sysbios_knl_Clock_Module_startup__E)
                  0000d5a0    00000020                  : BIOS.obj (.text:ti_sysbios_knl_Clock_getTicks__E)
                  0000d5c0    00000020                  : BIOS.obj (.text:ti_sysbios_knl_Clock_stop__E)
                  0000d5e0    00000020                  : BIOS.obj (.text:ti_sysbios_knl_Idle_run__E)
                  0000d600    00000020     app_ble_pem3.oem3 (.text:ti_sysbios_knl_Semaphore_Object__destruct__S)
                  0000d620    00000020     sysbios.aem3 : BIOS.obj (.text:ti_sysbios_knl_Task_restoreHwi__E)
                  0000d640    00000020                  : BIOS.obj (.text:xdc_runtime_SysStd_abort__E)
                  0000d660    0000001e     icall.obj (.text:ICall_primSendServiceMsg$24)
                  0000d67e    0000001e     PINCC26XX.obj (.text:PIN_close)
                  0000d69c    0000001e     drivers_cc26xxware.aem3 : PowerCC26XX.oem3 (.text:Power_getTransitionLatency)
                  0000d6ba    0000001e     sysbios.aem3 : m3_Hwi_asm_switch.obj (.text:ti_sysbios_family_xxx_Hwi_switchAndRunFunc)
                  0000d6d8    0000001c     icall_api.obj (.text:GATT_bm_alloc)
                  0000d6f4    0000001c     icall_api.obj (.text:GATT_bm_free)
                  0000d710    0000001c     driverlib.lib : osc.obj (.text:NOROM_OSCClockSourceGet)
                  0000d72c    0000001c     PINCC26XX.obj (.text:PINCC26XX_setIoCfgMux$18)
                  0000d748    0000001c     PINCC26XX.obj (.text:PIN_hwi$18)
                  0000d764    0000001c     RFCC26XX_singleMode.obj (.text:RF_runDirectCmd)
                  0000d780    0000001c     RFCC26XX_singleMode.obj (.text:RF_runImmediateCmd)
                  0000d79c    0000001c     TRNGCC26XX.obj (.text:TRNGCC26XX_open)
                  0000d7b8    0000001c     icall_api.obj (.text:getStatusValueFromErrNo$27)
                  0000d7d4    0000001c     TRNGCC26XX.obj (.text:openTRNG)
                  0000d7f0    0000001c     app_ble_pem3.oem3 (.text:ti_sysbios_family_arm_m3_Hwi_Object__destruct__S)
                  0000d80c    0000001c     sysbios.aem3 : BIOS.obj (.text:ti_sysbios_family_arm_m3_Hwi_setPriority__E)
                  0000d828    0000001c                  : BIOS.obj (.text:ti_sysbios_gates_GateMutex_Instance_init__E)
                  0000d844    0000001c     app_ble_pem3.oem3 (.text:ti_sysbios_hal_Hwi_HwiProxy_create)
                  0000d860    0000001c     sysbios.aem3 : BIOS.obj (.text:ti_sysbios_knl_Clock_scheduleNextTick__E)
                  0000d87c    0000001c     app_ble_pem3.oem3 (.text:ti_sysbios_knl_Queue_Object__destruct__S)
                  0000d898    0000001c     sysbios.aem3 : BIOS.obj (.text:ti_sysbios_knl_Queue_get__E)
                  0000d8b4    0000001c                  : BIOS.obj (.text:ti_sysbios_knl_Queue_put__E)
                  0000d8d0    0000001c     app_ble_pem3.oem3 (.text:ti_sysbios_knl_Swi_Object__destruct__S)
                  0000d8ec    0000001c     sysbios.aem3 : BIOS.obj (.text:ti_sysbios_knl_Task_enter__I)
                  0000d908    0000001c                  : BIOS.obj (.text:xdc_runtime_Error_check__E)
                  0000d924    0000001c                  : BIOS.obj (.text:xdc_runtime_Error_raiseX__E)
                  0000d940    0000001c                  : BIOS.obj (.text:xdc_runtime_Memory_valloc__E)
                  0000d95c    0000001c                  : BIOS.obj (.text:xdc_runtime_System_abort__E)
                  0000d978    0000001a     icall_api.obj (.text:GATT_Notification)
                  0000d992    0000001a     icall.obj (.text:ICall_enterCSImpl)
                  0000d9ac    0000001a     icall.obj (.text:ICall_primSetTimerMSecs$24)
                  0000d9c6    0000001a     drivers_cc26xxware.aem3 : List.oem3 (.text:List_remove)
                  0000d9e0    0000001a     icall_api.obj (.text:matchGattIndNotiCS$27)
                  0000d9fa    0000001a     sysbios.aem3 : m3_Hwi_asm.obj (.text:ti_sysbios_family_arm_m3_Hwi_pendSV__I)
                  0000da14    0000001a                  : BIOS.obj (.text:ti_sysbios_knl_Task_sleepTimeout__I)
                  0000da2e    00000002     --HOLE-- [fill = 0]
                  0000da30    00000018     I2C.obj (.text:I2C_Params_init)
                  0000da48    00000018     icall_cc2650.obj (.text:ICallPlatform_pwrDispense)
                  0000da60    00000018     icall_cc2650.obj (.text:ICallPlatform_pwrRequire)
                  0000da78    00000018     util.obj (.text:ICall_free$14)
                  0000da90    00000018     oad.obj (.text:ICall_free$47)
                  0000daa8    00000018     icall_api.obj (.text:ICall_freeMsg$27)
                  0000dac0    00000018     icall.obj (.text:ICall_primMalloc$24)
                  0000dad8    00000018     driverlib.lib : aon_rtc.obj (.text:NOROM_AONRTCCurrentCompareValueGet)
                  0000daf0    00000018                   : chipinfo.obj (.text:NOROM_ChipInfo_GetPackageType)
                  0000db08    00000018                   : osc.obj (.text:NOROM_OSCHF_TurnOnXosc)
                  0000db20    00000018                   : rfc.obj (.text:NOROM_RFCCpeIntGetAndClear)
                  0000db38    00000018     oad_target_external_flash.obj (.text:OADTarget_open)
                  0000db50    00000018     drivers_cc26xxware.aem3 : PowerCC26XX.oem3 (.text:Power_idleFunc)
                  0000db68    00000018     RFCC26XX_singleMode.obj (.text:Q_pop$19)
                  0000db80    00000018     sensortag_batt.obj (.text:SensorTagBatt_clockHandler$2)
                  0000db98    00000018     sensortag_mov.obj (.text:SensorTagMov_clockHandler$9)
                  0000dbb0    00000018     sensortag.obj (.text:SensorTag_clockHandler$0)
                  0000dbc8    00000018     sensortag.obj (.text:SensorTag_updateAdvertisingData)
                  0000dbe0    00000018     rtsv7M3_T_le_eabi.lib : args_main.c.obj (.text:_args_main)
                  0000dbf8    00000018     drivers_cc26xxware.aem3 : PowerCC26XX.oem3 (.text:configureRFCoreClocks)
                  0000dc10    00000018     app_ble_pem3.oem3 (.text:free)
                  0000dc28    00000018     peripheral.obj (.text:gapRole_setEvent$50)
                  0000dc40    00000018     sensortag_opt.obj (.text:initCharacteristicValue$11)
                  0000dc58    00000018     sensortag_tmp.obj (.text:initCharacteristicValue$13)
                  0000dc70    00000018     sensortag_bar.obj (.text:initCharacteristicValue$1)
                  0000dc88    00000018     sensortag_hum.obj (.text:initCharacteristicValue$6)
                  0000dca0    00000018     rtsv7M3_T_le_eabi.lib : ll_mul_t2.asm.obj (.text)
                  0000dcb8    00000018                           : strcmp.c.obj (.text:strcmp)
                  0000dcd0    00000018     RFCC26XX_singleMode.obj (.text:swiFxnFsm$19)
                  0000dce8    00000018     app_ble_pem3.oem3 (.text:ti_sysbios_BIOS_rtsUnlock__I)
                  0000dd00    00000018     app_ble_pem3.oem3 (.text:ti_sysbios_family_arm_cc26xx_Timer_Module__startupDone__F)
                  0000dd18    00000018     app_ble_pem3.oem3 (.text:ti_sysbios_family_arm_m3_Hwi_Module__startupDone__F)
                  0000dd30    00000018     sysbios.aem3 : BIOS.obj (.text:ti_sysbios_family_arm_m3_Hwi_plug__E)
                  0000dd48    00000018                  : BIOS.obj (.text:ti_sysbios_gates_GateMutex_leave__E)
                  0000dd60    00000018                  : BIOS.obj (.text:ti_sysbios_knl_Swi_or__E)
                  0000dd78    00000018                  : BIOS.obj (.text:ti_sysbios_knl_Task_unblock__E)
                  0000dd90    00000018                  : BIOS.obj (.text:xdc_runtime_Core_destructObject__I)
                  0000dda8    00000018                  : BIOS.obj (.text:xdc_runtime_System_exit__E)
                  0000ddc0    00000016     main.obj (.text:AssertHandler)
                  0000ddd6    00000016     icall.obj (.text:ICall_leaveCSImpl)
                  0000ddec    00000016     icall.obj (.text:ICall_primStopTimer$24)
                  0000de02    00000016     ble_user_config.obj (.text:driverTable_fnSpinlock)
                  0000de18    00000016     rtsv7M3_T_le_eabi.lib : strchr.c.obj (.text:strchr)
                  0000de2e    00000016     app_ble_pem3.oem3 (.text:ti_sysbios_BIOS_exitFunc__I)
                  0000de44    00000016     sysbios.aem3 : BIOS.obj (.text:ti_sysbios_knl_Clock_start__E)
                  0000de5a    00000002     --HOLE-- [fill = 0]
                  0000de5c    00000014     ioservice.obj (.text:Io_getParameter)
                  0000de70    00000014     driverlib.lib : aon_rtc.obj (.text:NOROM_AONRTCCurrent64BitValueGet)
                  0000de84    00000014     oad_target_external_flash.obj (.text:OADTarget_close)
                  0000de98    00000014     PINCC26XX.obj (.text:PINCC26XX_getInputValue$18)
                  0000deac    00000014     PINCC26XX.obj (.text:PINCC26XX_getOutputValue$18)
                  0000dec0    00000014     SensorMpu9250.obj (.text:SensorMpu9250_Callback$32)
                  0000ded4    00000014     SensorMpu9250.obj (.text:SensorMpu9250_powerIsOn)
                  0000dee8    00000014     sensortag_keys.obj (.text:SensorTagKeys_reset)
                  0000defc    00000014     SensorUtil.obj (.text:SensorUtil_convertToLe)
                  0000df10    00000014     icall_api.obj (.text:setICallCmdEvtHdr$27)
                  0000df24    00000014     rtsv7M3_T_le_eabi.lib : strlen.c.obj (.text:strlen)
                  0000df38    00000014     app_ble_pem3.oem3 (.text:ti_sysbios_family_arm_m3_Hwi_Object__get__S)
                  0000df4c    00000014     sysbios.aem3 : BIOS.obj (.text:ti_sysbios_family_arm_m3_Hwi_switchFromBootStack__E)
                  0000df60    00000014     app_ble_pem3.oem3 (.text:ti_sysbios_knl_Clock_doTick__I)
                  0000df74    00000014     app_ble_pem3.oem3 (.text:ti_sysbios_knl_Swi_Object__get__S)
                  0000df88    00000012     gattservapp_util.obj (.text:GATTServApp_FindAttr)
                  0000df9a    00000012     RFCC26XX_singleMode.obj (.text:RF_getCmdOp)
                  0000dfac    00000012     rtsv7M3_T_le_eabi.lib : strcpy.c.obj (.text:strcpy)
                  0000dfbe    00000012     sysbios.aem3 : BIOS.obj (.text:ti_sysbios_hal_Hwi_Module_startup__E)
                  0000dfd0    00000012     app_ble_pem3.oem3 (.text:xdc_runtime_Startup_exec__I)
                  0000dfe2    00000002     --HOLE-- [fill = 0]
                  0000dfe4    00000010     icall_api.obj (.text:GAP_EndDiscoverable)
                  0000dff4    00000010     gattservapp_util.obj (.text:GATTServApp_ReadCharCfg)
                  0000e004    00000010     icall_cc2650.obj (.text:ICallPlatform_pwrGetXOSCStartupTime)
                  0000e014    00000010     icall.obj (.text:ICall_primGetTickPeriod$24)
                  0000e024    00000010     icall.obj (.text:ICall_taskEntry$24)
                  0000e034    00000010     util.obj (.text:Util_isActive)
                  0000e044    00000010     ExtFlash.obj (.text:extFlashDeselect$28)
                  0000e054    00000010     ExtFlash.obj (.text:extFlashSelect$28)
                  0000e064    00000010     I2CCC26XX.obj (.text:i2cPostNotify$17)
                  0000e074    00000010     sysbios.aem3 : BIOS.obj (.text:ti_sysbios_BIOS_exit__E)
                  0000e084    00000010                  : BIOS.obj (.text:ti_sysbios_BIOS_getCpuFreq__E)
                  0000e094    00000010                  : BIOS.obj (.text:ti_sysbios_BIOS_setThreadType__E)
                  0000e0a4    00000010                  : BIOS.obj (.text:ti_sysbios_BIOS_start__E)
                  0000e0b4    00000010                  : BIOS.obj (.text:ti_sysbios_family_arm_m3_Hwi_post__E)
                  0000e0c4    00000010                  : m3_TaskSupport_asm.obj (.text:ti_sysbios_family_arm_m3_TaskSupport_glue)
                  0000e0d4    00000010                  : m3_TaskSupport_asm.obj (.text:ti_sysbios_family_arm_m3_TaskSupport_swap__E)
                  0000e0e4    00000010     app_ble_pem3.oem3 (.text:ti_sysbios_hal_Hwi_HwiProxy_Object__create__S)
                  0000e0f4    00000010     sysbios.aem3 : BIOS.obj (.text:ti_sysbios_knl_Semaphore_Instance_finalize__E)
                  0000e104    00000010                  : BIOS.obj (.text:ti_sysbios_knl_Swi_disable__E)
                  0000e114    00000010                  : BIOS.obj (.text:ti_sysbios_knl_Swi_enabled__E)
                  0000e124    00000010     app_ble_pem3.oem3 (.text:ti_sysbios_knl_Task_Object__get__S)
                  0000e134    00000010     sysbios.aem3 : BIOS.obj (.text:ti_sysbios_knl_Task_disable__E)
                  0000e144    00000010                  : BIOS.obj (.text:xdc_runtime_Gate_leaveSystem__E)
                  0000e154    00000010                  : BIOS.obj (.text:xdc_runtime_Memory_free__E)
                  0000e164    0000000e     icall_cc2650.obj (.text:ICallPlatform_pwrGetTransitionState)
                  0000e172    0000000e     icall_cc2650.obj (.text:ICallPlatform_pwrIsStableXOSCHF)
                  0000e180    0000000e     icall.obj (.text:ICall_primDisableMInt$24)
                  0000e18e    0000000e     icall.obj (.text:ICall_primEnableMInt$24)
                  0000e19c    0000000e     icall.obj (.text:ICall_primFreeMsg$24)
                  0000e1aa    0000000e     icall.obj (.text:ICall_primGetTicks$24)
                  0000e1b8    0000000e     driverlib.lib : vims.obj (.text:NOROM_VIMSModeGet)
                  0000e1c6    0000000e     SPICC26XXDMA.obj (.text:SPICC26XXDMA_init)
                  0000e1d4    0000000e     SensorI2C.obj (.text:SensorI2C_readReg)
                  0000e1e2    0000000e     util.obj (.text:Util_constructQueue)
                  0000e1f0    0000000e     rtsv7M3_T_le_eabi.lib : copy_decompress_none.c.obj (.text:decompress:none:__TI_decompress_none)
                  0000e1fe    0000000e     icall_api.obj (.text:matchGSARegisterServiceCS$27)
                  0000e20c    0000000e     icall_api.obj (.text:matchGapLinkEstCS$27)
                  0000e21a    0000000e     icall_api.obj (.text:matchLinkDBNumConnsCS$27)
                  0000e228    0000000e     icall_api.obj (.text:setDispatchCmdEvtHdr$27)
                  0000e236    0000000e     sysbios.aem3 : BIOS.obj (.text:ti_sysbios_knl_Queue_empty__E)
                  0000e244    0000000e                  : BIOS.obj (.text:ti_sysbios_knl_Queue_remove__E)
                  0000e252    0000000e                  : BIOS.obj (.text:xdc_runtime_HeapMin_Instance_init__E)
                  0000e260    0000000c     RFCC26XX_singleMode.obj (.text:FsmNextState$19)
                  0000e26c    0000000c     icall.obj (.text:ICall_clockFunc$24)
                  0000e278    0000000c     icall.obj (.text:ICall_primDisableInt$24)
                  0000e284    0000000c     icall.obj (.text:ICall_primEnableInt$24)
                  0000e290    0000000c     icall.obj (.text:ICall_primFree$24)
                  0000e29c    0000000c     icall.obj (.text:ICall_primSignal$24)
                  0000e2a8    0000000c     driverlib.lib : cpu.obj (.text:NOROM_CPUcpsid)
                  0000e2b4    0000000c                   : cpu.obj (.text:NOROM_CPUcpsie)
                  0000e2c0    0000000c     drivers_cc26xxware.aem3 : PowerCC26XX.oem3 (.text:Power_getConstraintMask)
                  0000e2cc    0000000c                             : PowerCC26XX.oem3 (.text:Power_getDependencyCount)
                  0000e2d8    0000000c                             : PowerCC26XX.oem3 (.text:Power_getTransitionState)
                  0000e2e4    0000000c     SensorI2C.obj (.text:SensorI2C_deselect)
                  0000e2f0    0000000c     sensortag.obj (.text:SensorTag_testResult)
                  0000e2fc    0000000c     rtsv7M3_T_le_eabi.lib : _lock.c.obj (.text:_register_lock)
                  0000e308    0000000c                           : _lock.c.obj (.text:_register_unlock)
                  0000e314    0000000c                           : copy_zero_init.c.obj (.text:decompress:ZI:__TI_zero_init)
                  0000e320    0000000c     icall_api.obj (.text:matchProfileSetParamCS$27)
                  0000e32c    0000000c     rtsv7M3_T_le_eabi.lib : fputc.c.obj (.text:putchar)
                  0000e338    0000000c     SPICC26XXDMA.obj (.text:spiPostNotify$21)
                  0000e344    0000000c     sysbios.aem3 : BIOS.obj (.text:ti_sysbios_BIOS_getThreadType__E)
                  0000e350    0000000c     app_ble_pem3.oem3 (.text:ti_sysbios_family_arm_m3_Hwi_Params__init__S)
                  0000e35c    0000000c     sysbios.aem3 : BIOS.obj (.text:ti_sysbios_family_arm_m3_Hwi_disableFxn__E)
                  0000e368    0000000c                  : BIOS.obj (.text:ti_sysbios_family_arm_m3_Hwi_enableFxn__E)
                  0000e374    0000000c                  : BIOS.obj (.text:ti_sysbios_family_arm_m3_TaskSupport_getStackAlignment__E)
                  0000e380    0000000c                  : BIOS.obj (.text:ti_sysbios_gates_GateHwi_enter__E)
                  0000e38c    0000000c     app_ble_pem3.oem3 (.text:ti_sysbios_hal_Hwi_Params__init__S)
                  0000e398    0000000c     app_ble_pem3.oem3 (.text:ti_sysbios_knl_Clock_Params__init__S)
                  0000e3a4    0000000c     app_ble_pem3.oem3 (.text:ti_sysbios_knl_Queue_Object__get__S)
                  0000e3b0    0000000c     sysbios.aem3 : BIOS.obj (.text:ti_sysbios_knl_Queue_dequeue__E)
                  0000e3bc    0000000c                  : BIOS.obj (.text:ti_sysbios_knl_Queue_enqueue__E)
                  0000e3c8    0000000c     app_ble_pem3.oem3 (.text:ti_sysbios_knl_Semaphore_Params__init__S)
                  0000e3d4    0000000c     app_ble_pem3.oem3 (.text:ti_sysbios_knl_Swi_Params__init__S)
                  0000e3e0    0000000c     sysbios.aem3 : BIOS.obj (.text:ti_sysbios_knl_Swi_getTrigger__E)
                  0000e3ec    0000000c     app_ble_pem3.oem3 (.text:ti_sysbios_knl_Task_Params__init__S)
                  0000e3f8    0000000c     sysbios.aem3 : BIOS.obj (.text:ti_sysbios_knl_Task_self__E)
                  0000e404    0000000c                  : BIOS.obj (.text:xdc_runtime_Error_init__E)
                  0000e410    0000000c                  : BIOS.obj (.text:xdc_runtime_Gate_enterSystem__E)
                  0000e41c    0000000c                  : BIOS.obj (.text:xdc_runtime_HeapMin_getStats__E)
                  0000e428    0000000c                  : BIOS.obj (.text:xdc_runtime_Memory_calloc__E)
                  0000e434    0000000c                  : BIOS.obj (.text:xdc_runtime_Memory_getMaxDefaultTypeAlign__E)
                  0000e440    0000000c                  : BIOS.obj (.text:xdc_runtime_Startup_rtsDone__E)
                  0000e44c    0000000c                  : BIOS.obj (.text:xdc_runtime_SysStd_exit__E)
                  0000e458    0000000a     I2CCC26XX.obj (.text:I2CCC26XX_init)
                  0000e462    0000000a     I2C.obj (.text:I2C_close)
                  0000e46c    0000000a     I2C.obj (.text:I2C_transfer)
                  0000e476    0000000a     icall_cc2650.obj (.text:ICallPlatform_pwrSwitchXOSCHF)
                  0000e480    0000000a     icall.obj (.text:ICall_primE2S$24)
                  0000e48a    0000000a     drivers_cc26xxware.aem3 : List.oem3 (.text:List_empty)
                  0000e494    0000000a     SPI.obj (.text:SPI_transfer)
                  0000e49e    0000000a     sensortag.obj (.text:SensorTag_charValueChangeCB)
                  0000e4a8    0000000a     sensortag.obj (.text:SensorTag_stateChangeCB$0)
                  0000e4b2    0000000a     UDMACC26XX.obj (.text:UDMACC26XX_hwiIntFxn)
                  0000e4bc    0000000a     app_ble_pem3.oem3 (.text:xdc_runtime_IHeap_alloc)
                  0000e4c6    0000000a     app_ble_pem3.oem3 (.text:xdc_runtime_IHeap_free)
                  0000e4d0    00000008     I2CCC26XX.obj (.text:I2CCC26XX_blockingCallback$17)
                  0000e4d8    00000008     RFCC26XX_singleMode.obj (.text:RF_flushCmd)
                  0000e4e0    00000008     SPICC26XXDMA.obj (.text:SPICC26XXDMA_transferCallback$21)
                  0000e4e8    00000008     sensortag_conn_ctrl.obj (.text:ccChangeCB$4)
                  0000e4f0    00000008     sensortag_io.obj (.text:ioChangeCB$7)
                  0000e4f8    00000008     sensortag_register.obj (.text:registerChangeCB$12)
                  0000e500    00000008     sensortag_mov.obj (.text:sensorChangeCB$9)
                  0000e508    00000008     sensortag_opt.obj (.text:sensorConfigChangeCB$11)
                  0000e510    00000008     sensortag_tmp.obj (.text:sensorConfigChangeCB$13)
                  0000e518    00000008     sensortag_bar.obj (.text:sensorConfigChangeCB$1)
                  0000e520    00000008     sensortag_batt.obj (.text:sensorConfigChangeCB$2)
                  0000e528    00000008     sensortag_hum.obj (.text:sensorConfigChangeCB$6)
                  0000e530    00000008     sysbios.aem3 : BIOS.obj (.text:ti_sysbios_family_arm_m3_Hwi_doSwiRestore__I)
                  0000e538    00000008                  : BIOS.obj (.text:ti_sysbios_family_arm_m3_Hwi_startup__E)
                  0000e540    00000008                  : BIOS.obj (.text:ti_sysbios_knl_Idle_loop__E)
                  0000e548    00000006     I2CCC26XX.obj (.text:I2CCC26XX_control)
                  0000e54e    00000006     driverlib.lib : cpu.obj (.text:NOROM_CPUdelay)
                  0000e554    00000006     PINCC26XX.obj (.text:PIN_registerIntCb)
                  0000e55a    00000006     RFCC26XX_singleMode.obj (.text:clkInactivityFxn$19)
                  0000e560    00000006     icall_api.obj (.text:matchBondMgrSetParamCS$27)
                  0000e566    00000006     icall_api.obj (.text:matchGGSSetParamCS$27)
                  0000e56c    00000006     icall_api.obj (.text:matchGapConnParamUpdateReplyCS$27)
                  0000e572    00000006     icall_api.obj (.text:matchGapDeviceInitCS$27)
                  0000e578    00000006     icall_api.obj (.text:matchGapEndDiscoverableCS$27)
                  0000e57e    00000006     icall_api.obj (.text:matchGapGetParamCS$27)
                  0000e584    00000006     icall_api.obj (.text:matchGapMakeDiscoverableCS$27)
                  0000e58a    00000006     icall_api.obj (.text:matchGapSetParamCS$27)
                  0000e590    00000006     icall_api.obj (.text:matchGapTerminateAuthCS$27)
                  0000e596    00000006     icall_api.obj (.text:matchGapTerminateLinkReqCS$27)
                  0000e59c    00000006     icall_api.obj (.text:matchGapUpdateAdvDataCS$27)
                  0000e5a2    00000006     icall_api.obj (.text:matchGapUpdateLinkParamReqCS$27)
                  0000e5a8    00000006     icall_api.obj (.text:matchUtilNvReadCS$27)
                  0000e5ae    00000006     icall_api.obj (.text:matchUtilNvWriteCS$27)
                  0000e5b4    00000006     sysbios.aem3 : BIOS.obj (.text:ti_sysbios_family_arm_m3_Hwi_doTaskRestore__I)
                  0000e5ba    00000006                  : BIOS.obj (.text:ti_sysbios_family_arm_m3_Hwi_restoreFxn__E)
                  0000e5c0    00000006                  : BIOS.obj (.text:ti_sysbios_family_arm_m3_Hwi_setFunc__E)
                  0000e5c6    00000006                  : BIOS.obj (.text:ti_sysbios_gates_GateHwi_leave__E)
                  0000e5cc    00000006                  : BIOS.obj (.text:ti_sysbios_knl_Queue_Instance_init__E)
                  0000e5d2    00000006                  : BIOS.obj (.text:ti_sysbios_knl_Queue_elemClear__E)
                  0000e5d8    00000006                  : BIOS.obj (.text:ti_sysbios_knl_Swi_startup__E)
                  0000e5de    00000006                  : BIOS.obj (.text:ti_sysbios_knl_Task_enable__E)
                  0000e5e4    00000006                  : BIOS.obj (.text:xdc_runtime_System_Module_startup__E)
                  0000e5ea    00000004     tirtosport.aem3 : HwiP_tirtos.oem3 (.text:HwiP_disable)
                  0000e5ee    00000004     icall.obj (.text:ICall_primAbort$24)
                  0000e5f2    00000004     drivers_cc26xxware.aem3 : List.oem3 (.text:List_head)
                  0000e5f6    00000004                             : List.oem3 (.text:List_next)
                  0000e5fa    00000004     RFCC26XX_singleMode.obj (.text:Q_peek$19)
                  0000e5fe    00000004     util.obj (.text:Util_startClock)
                  0000e602    00000004     util.obj (.text:Util_stopClock)
                  0000e606    00000004     rtsv7M3_T_le_eabi.lib : exit.c.obj (.text:abort:abort)
                  0000e60a    00000004     drivers_cc26xxware.aem3 : PowerCC26XX.oem3 (.text:nopResourceHandler)
                  0000e60e    00000004     app_ble_pem3.oem3 (.text:ti_sysbios_BIOS_RtsGateProxy_enter__E)
                  0000e612    00000004     app_ble_pem3.oem3 (.text:ti_sysbios_BIOS_RtsGateProxy_leave__E)
                  0000e616    00000004     sysbios.aem3 : BIOS.obj (.text:ti_sysbios_family_arm_cc26xx_Timer_getCount64__E)
                  0000e61a    00000004                  : BIOS.obj (.text:ti_sysbios_family_arm_cc26xx_Timer_setPeriod__E)
                  0000e61e    00000004     app_ble_pem3.oem3 (.text:ti_sysbios_family_arm_m3_Hwi_destruct)
                  0000e622    00000004     app_ble_pem3.oem3 (.text:ti_sysbios_family_arm_m3_TaskSupport_Module__startupDone__S)
                  0000e626    00000004     sysbios.aem3 : BIOS.obj (.text:ti_sysbios_gates_GateHwi_query__E)
                  0000e62a    00000004                  : BIOS.obj (.text:ti_sysbios_gates_GateMutex_query__E)
                  0000e62e    00000004     app_ble_pem3.oem3 (.text:ti_sysbios_knl_Clock_TimerProxy_getCurrentTick__E)
                  0000e632    00000004     app_ble_pem3.oem3 (.text:ti_sysbios_knl_Clock_TimerProxy_getMaxTicks__E)
                  0000e636    00000004     app_ble_pem3.oem3 (.text:ti_sysbios_knl_Clock_TimerProxy_setNextTick__E)
                  0000e63a    00000004     sysbios.aem3 : BIOS.obj (.text:ti_sysbios_knl_Clock_isActive__E)
                  0000e63e    00000004                  : BIOS.obj (.text:ti_sysbios_knl_Clock_removeI__E)
                  0000e642    00000004                  : BIOS.obj (.text:ti_sysbios_knl_Clock_setPeriod__E)
                  0000e646    00000004                  : BIOS.obj (.text:ti_sysbios_knl_Clock_setTimeout__E)
                  0000e64a    00000004     app_ble_pem3.oem3 (.text:ti_sysbios_knl_Queue_destruct)
                  0000e64e    00000004     sysbios.aem3 : BIOS.obj (.text:ti_sysbios_knl_Queue_head__E)
                  0000e652    00000004                  : BIOS.obj (.text:ti_sysbios_knl_Queue_insert__E)
                  0000e656    00000004                  : BIOS.obj (.text:ti_sysbios_knl_Queue_next__E)
                  0000e65a    00000004     app_ble_pem3.oem3 (.text:ti_sysbios_knl_Semaphore_destruct)
                  0000e65e    00000004     app_ble_pem3.oem3 (.text:ti_sysbios_knl_Swi_destruct)
                  0000e662    00000004     sysbios.aem3 : BIOS.obj (.text:ti_sysbios_knl_Swi_postInit__I)
                  0000e666    00000004                  : BIOS.obj (.text:ti_sysbios_knl_Task_startup__E)
                  0000e66a    00000004                  : BIOS.obj (.text:xdc_runtime_HeapMin_isBlocking__E)
                  0000e66e    00000004     app_ble_pem3.oem3 (.text:xdc_runtime_System_Module_GateProxy_enter__E)
                  0000e672    00000004     app_ble_pem3.oem3 (.text:xdc_runtime_System_Module_GateProxy_leave__E)

.const     0    0000e678    00000b7c     
                  0000e678    000000cc     icall.obj (.const:$O20$$)
                  0000e744    00000068     board.obj (.const:BoardGpioInitTable)
                  0000e7ac    0000004c     oad.obj (.const:$O39$$)
                  0000e7f8    0000004c     drivers_cc26xxware.aem3 : PowerCC26XX.oem3 (.const:resourceDB)
                  0000e844    0000004c     ble_user_config.obj (.const:rfDriverTable)
                  0000e890    0000003c     sensortag.obj (.const:$O2$$)
                  0000e8cc    0000003c     app_ble_pem3.oem3 (.const:ti_sysbios_knl_Task_Object__PARAMS__C)
                  0000e908    00000038     SPICC26XXDMA.obj (.const:$O18$$)
                  0000e940    00000038     board.obj (.const:spiCC26XXDMAHWAttrs)
                  0000e978    00000030     app_ble_pem3.oem3 (.const:ti_sysbios_family_arm_m3_Hwi_Object__PARAMS__C)
                  0000e9a8    0000002c     gatt_uuid.obj (.const:$O33$$)
                  0000e9d4    0000002c     app_ble_pem3.oem3 (.const:ti_sysbios_hal_Hwi_Object__PARAMS__C)
                  0000ea00    00000028     app_ble_pem3.oem3 (.const:ti_sysbios_knl_Swi_Object__PARAMS__C)
                  0000ea28    00000028     app_ble_pem3.oem3 (.const:xdc_runtime_HeapMin_Module__FXNS__C)
                  0000ea50    00000027     ble_user_config.obj (.const:txPowerTable)
                  0000ea77    00000001     app_ble_pem3.oem3 (.const:xdc_runtime_Error_policy__C)
                  0000ea78    00000024     board.obj (.const:SPI_config)
                  0000ea9c    00000024     app_ble_pem3.oem3 (.const:ti_sysbios_gates_GateHwi_Module__FXNS__C)
                  0000eac0    00000024     app_ble_pem3.oem3 (.const:ti_sysbios_gates_GateMutex_Module__FXNS__C)
                  0000eae4    00000024     app_ble_pem3.oem3 (.const:ti_sysbios_knl_Clock_Object__PARAMS__C)
                  0000eb08    00000024     app_ble_pem3.oem3 (.const:ti_sysbios_knl_Semaphore_Object__PARAMS__C)
                  0000eb2c    00000020     SPI.obj (.const:SPI_defaultParams)
                  0000eb4c    00000020     app_ble_pem3.oem3 (.const:ti_sysbios_family_arm_m3_Hwi_Object__DESC__C)
                  0000eb6c    00000020     app_ble_pem3.oem3 (.const:ti_sysbios_gates_GateHwi_Object__DESC__C)
                  0000eb8c    00000020     app_ble_pem3.oem3 (.const:ti_sysbios_gates_GateMutex_Object__DESC__C)
                  0000ebac    00000020     app_ble_pem3.oem3 (.const:ti_sysbios_hal_Hwi_Object__DESC__C)
                  0000ebcc    00000020     app_ble_pem3.oem3 (.const:ti_sysbios_knl_Clock_Object__DESC__C)
                  0000ebec    00000020     app_ble_pem3.oem3 (.const:ti_sysbios_knl_Queue_Object__DESC__C)
                  0000ec0c    00000020     app_ble_pem3.oem3 (.const:ti_sysbios_knl_Semaphore_Object__DESC__C)
                  0000ec2c    00000020     app_ble_pem3.oem3 (.const:ti_sysbios_knl_Swi_Object__DESC__C)
                  0000ec4c    00000020     app_ble_pem3.oem3 (.const:ti_sysbios_knl_Task_Object__DESC__C)
                  0000ec6c    00000020     app_ble_pem3.oem3 (.const:xdc_runtime_HeapMin_Object__DESC__C)
                  0000ec8c    00000020     app_ble_pem3.oem3 (.const:xdc_runtime_HeapMin_Object__PARAMS__C)
                  0000ecac    0000001c     SPICC26XXDMA.obj (.const:SPICC26XXDMA_fxnTable)
                  0000ecc8    0000001c     app_ble_pem3.oem3 (.const:xdc_runtime_Startup_sfxnTab__A)
                  0000ece4    00000018     I2CCC26XX.obj (.const:I2CCC26XX_fxnTable)
                  0000ecfc    00000018     board.obj (.const:I2C_config)
                  0000ed14    00000018     board.obj (.const:i2cCC26xxHWAttrs)
                  0000ed2c    00000018     app_ble_pem3.oem3 (.const:ti_sysbios_gates_GateHwi_Object__PARAMS__C)
                  0000ed44    00000018     app_ble_pem3.oem3 (.const:ti_sysbios_gates_GateMutex_Object__PARAMS__C)
                  0000ed5c    00000018     app_ble_pem3.oem3 (.const:ti_sysbios_knl_Queue_Object__PARAMS__C)
                  0000ed74    00000014     RFCC26XX_singleMode.obj (.const:RF_defaultParams$19)
                  0000ed88    00000010     ccservice.obj (.const:.string:ccServiceServUUID)
                  0000ed98    00000010     ccservice.obj (.const:.string:ccServicechar1UUID)
                  0000eda8    00000010     ccservice.obj (.const:.string:ccServicechar2UUID)
                  0000edb8    00000010     ccservice.obj (.const:.string:ccServicechar3UUID)
                  0000edc8    00000010     ioservice.obj (.const:.string:ioConfUUID)
                  0000edd8    00000010     ioservice.obj (.const:.string:ioDataUUID)
                  0000ede8    00000010     ioservice.obj (.const:.string:ioServUUID)
                  0000edf8    00000010     oad.obj (.const:.string:oadServUUID$47)
                  0000ee08    00000010     registerservice.obj (.const:.string:registerAddressUUID$51)
                  0000ee18    00000010     registerservice.obj (.const:.string:registerDataUUID$51)
                  0000ee28    00000010     registerservice.obj (.const:.string:registerDeviceIDUUID$51)
                  0000ee38    00000010     barometerservice.obj (.const:.string:sensorCfgUUID$37)
                  0000ee48    00000010     humidityservice.obj (.const:.string:sensorCfgUUID$43)
                  0000ee58    00000010     irtempservice.obj (.const:.string:sensorCfgUUID$45)
                  0000ee68    00000010     movementservice.obj (.const:.string:sensorCfgUUID$46)
                  0000ee78    00000010     opticservice.obj (.const:.string:sensorCfgUUID$49)
                  0000ee88    00000010     barometerservice.obj (.const:.string:sensorDataUUID$37)
                  0000ee98    00000010     humidityservice.obj (.const:.string:sensorDataUUID$43)
                  0000eea8    00000010     irtempservice.obj (.const:.string:sensorDataUUID$45)
                  0000eeb8    00000010     movementservice.obj (.const:.string:sensorDataUUID$46)
                  0000eec8    00000010     opticservice.obj (.const:.string:sensorDataUUID$49)
                  0000eed8    00000010     barometerservice.obj (.const:.string:sensorPeriodUUID$37)
                  0000eee8    00000010     humidityservice.obj (.const:.string:sensorPeriodUUID$43)
                  0000eef8    00000010     irtempservice.obj (.const:.string:sensorPeriodUUID$45)
                  0000ef08    00000010     movementservice.obj (.const:.string:sensorPeriodUUID$46)
                  0000ef18    00000010     opticservice.obj (.const:.string:sensorPeriodUUID$49)
                  0000ef28    00000010     barometerservice.obj (.const:.string:sensorServiceUUID$37)
                  0000ef38    00000010     humidityservice.obj (.const:.string:sensorServiceUUID$43)
                  0000ef48    00000010     irtempservice.obj (.const:.string:sensorServiceUUID$45)
                  0000ef58    00000010     movementservice.obj (.const:.string:sensorServiceUUID$46)
                  0000ef68    00000010     opticservice.obj (.const:.string:sensorServiceUUID$49)
                  0000ef78    00000010     registerservice.obj (.const:.string:sensorServiceUUID$51)
                  0000ef88    00000010     I2C.obj (.const:I2C_defaultParams)
                  0000ef98    00000010     board.obj (.const:PowerCC26XX_config)
                  0000efa8    00000010     board.obj (.const:TRNGCC26XX_config)
                  0000efb8    00000010     board.obj (.const:UDMACC26XX_config)
                  0000efc8    0000000e     app_ble_pem3.oem3 (.const:xdc_runtime_Startup_sfxnRts__A)
                  0000efd6    0000000d     oad.obj (.const:.string:oadImgIdentifyDesc$47)
                  0000efe3    00000001     --HOLE-- [fill = 0]
                  0000efe4    0000000c     battservice.obj (.const:battCBs)
                  0000eff0    0000000c     ccservice.obj (.const:ccServiceCBs)
                  0000effc    0000000c     devinfoservice.obj (.const:devInfoCBs)
                  0000f008    0000000c     ioservice.obj (.const:ioCBs)
                  0000f014    0000000c     barometerservice.obj (.const:sensorCBs$37)
                  0000f020    0000000c     humidityservice.obj (.const:sensorCBs$43)
                  0000f02c    0000000c     irtempservice.obj (.const:sensorCBs$45)
                  0000f038    0000000c     movementservice.obj (.const:sensorCBs$46)
                  0000f044    0000000c     opticservice.obj (.const:sensorCBs$49)
                  0000f050    0000000c     registerservice.obj (.const:sensorCBs$51)
                  0000f05c    0000000c     simplekeys.obj (.const:skCBs)
                  0000f068    0000000c     ble_user_config.obj (.const:trngDriverTable)
                  0000f074    0000000b     oad.obj (.const:.string:oadStatusDesc$47)
                  0000f07f    0000000a     oad.obj (.const:.string:oadImgBlockDesc$47)
                  0000f089    0000000a     oad.obj (.const:.string:oadImgCountDesc$47)
                  0000f093    00000001     --HOLE-- [fill = 0]
                  0000f094    00000008     ExtFlash.obj (.const:$O24$$)
[...]
0000f1de  devInfoSerialNumberUUID                                    
0000f1e0  devInfoServUUID                                            
0000f1e2  devInfoSoftwareRevUUID                                     
0000f1e4  devInfoSystemIdUUID                                        
0000f1e6  keyPressedUUID                                             
0000f1e8  skServUUID                                                 
0000f1ec  ti_sysbios_family_arm_m3_Hwi_Module__id__C                 
0000f1ee  xdc_runtime_HeapMin_Module__id__C                          
0000f1f0  xdc_runtime_HeapMin_freeError__C                           
0000f1f2  xdc_runtime_Memory_Module__id__C                           
0000f1f8  __TI_static_base__                                         
0000f808  __TI_Handler_Table_Base                                    
0000f814  __TI_Handler_Table_Limit                                   
0000f840  __TI_CINIT_Base                                            
0000f870  __TI_CINIT_Limit                                           
10014c00  A1_rw                                                      
10014c00  __checksum_begin_CommonROM                                 
10014c01  COMMON_ROM_BASE_ADDR                                       
10014c04  P1_ro                                                      
10014c05  SCALARMUL_init                                             
10014ced  SCALARMUL_core                                             
10015019  SCALARMUL_final                                            
100150e5  SCALARMUL                                                  
10015101  SAVEPOINT                                                  
10015141  GETBIT                                                     
10015155  GETDIGIT                                                   
100151a5  GETDIGITL2R                                                
10015215  SelectReg                                                  
10015229  ATOMICPATTERN                                              
100154f5  JACADD                                                     
1001568d  INVERT                                                     
10015821  SQUAREMULTIPLYWORD                                         
1001588c  LUTOPCODE                                                  
10015894  LUTOPSIGN                                                  
100158ac  LUTC                                                       
100158c4  LUTSE                                                      
100158dc  LUTINCI                                                    
100158f4  LUTJ                                                       
1001596c  LUTSTATE                                                   
100159a9  IMPORTLENGTH                                               
100159ad  IMPORTMODULUS                                              
100159d1  IMPORTOPERAND                                              
10015a11  EXPORTOPERAND                                              
10015a35  IMPORTDATA                                                 
10015a51  SETOPERAND                                                 
10015a6d  COPY                                                       
10015a85  ZERO                                                       
10015a91  SETWORD                                                    
10015a9d  mSET                                                       
10015bcd  zSET                                                       
10015bd5  mINVK                                                      
10015d19  zADD                                                       
10015d5d  zSUB                                                       
10015de9  zMACC32                                                    
10015e69  zSUB32                                                     
10015eb5  zADD32                                                     
10015f0d  zMULT32                                                    
10015f81  mMULT                                                      
10016551  mADD                                                       
1001664d  mSUB                                                       
10016749  mOUT                                                       
10016975  ssp_KeyInit_Sw                                             
10016979  sspAesEncrypt_Sw                                           
10016985  sspKeyExpansion_Sw                                         
10016a99  sspAesEncryptKeyExp_Sw                                     
10016af5  sspAesEncryptBasic_Sw                                      
10016b79  RoundKey_Sw                                                
10016c29  AddRoundKeySubBytes_Sw                                     
10016c45  ShiftRows_Sw                                               
10016c79  MixColumns_Sw                                              
10016d05  FFMult_Sw                                                  
10016d29  sspAesDecrypt_Sw                                           
10016da1  InvAddRoundKey_Sw                                          
10016dc9  InvRoundKey_Sw                                             
10016e8d  InvSubBytes_Sw                                             
10016ea1  InvShiftRows_Sw                                            
10016ed5  InvMixColumns_Sw                                           
10016f58  FFMult2                                                    
10017058  FFMult3                                                    
10017158  RCon                                                       
10017164  Sbox                                                       
10017264  InvSbox                                                    
10017365  SSP_CCM_Auth_Sw                                            
100174fd  SSP_CCM_Encrypt_Sw                                         
100175ed  SSP_CTR_Encrypt_Sw                                         
1001767d  SSP_CCM_Decrypt_Sw                                         
10017771  SSP_CTR_Decrypt_Sw                                         
10017839  SSP_CCM_InvAuth_Sw                                         
10017895  SSP_CCM_Auth_Encrypt_Sw                                    
100178f5  SSP_CCM_InvAuth_Decrypt_Sw                                 
10017959  ECC_allocWorkzone                                          
10017961  ECC_setWin                                                 
10017969  ECDSA_sign                                                 
10017b01  ECDSA_verif                                                
10017dbd  eccRom_genKeys                                             
10017ded  eccRom_genSharedSecret                                     
10017e39  SHA256_updateW                                             
10017e75  SHA256_round                                               
10017ef1  SHA256_nextState                                           
10017f49  SHA256_saveBuffer                                          
10017ffd  SHA256_init                                                
10018019  SHA256_process                                             
10018089  SHA256_final                                               
10018129  SHA256_full                                                
100182ad  RFHAL_InitRfHal                                            
10018315  RFHAL_AllocRatChan                                         
1001833d  RFHAL_FreeRatChan                                          
10018369  RFHAL_MapRatChansToInt                                     
10018391  RFHAL_RegisterRatChanCallback                              
100183b9  RFHAL_InitDataQueue                                        
100183c5  RFHAL_QueueRFDataEntries                                   
10018415  RFHAL_AddTxDataEntry                                       
10018485  RFHAL_FreeNextTxDataEntry                                  
100184a9  RFHAL_AllocDataEntryQueue                                  
100184c5  RFHAL_FreeDataEntryQueue                                   
100184cd  RFHAL_GetNextDataEntry                                     
100184d1  RFHAL_GetTempDataEntry                                     
100184d5  RFHAL_NextDataEntryDone                                    
100184f9  RFHAL_AllocDataEntry                                       
10018549  RFHAL_FreeDataEntry                                        
10018551  RFHAL_BuildRingBuffer                                      
100185e1  RFHAL_BuildDataEntryRingBuffer                             
10018669  RFHAL_BuildLinkedBuffer                                    
10018755  MB_Init                                                    
10018799  MB_EnableInts                                              
100187f5  MB_DisableInts                                             
10018825  MB_ClearInts                                               
10018835  MB_EnableHWInts                                            
10018865  MB_SendCommand                                             
100188a5  MB_SendCommandSynch                                        
10018935  MB_ReadMailboxStatus                                       
1001893d  MB_RegisterIsrCback                                        
10018945  MB_FwDebugDump                                             
10018949  mbCmdAckIsr                                                
1001895d  mbCpe0Isr                                                  
10018985  mbCpe1Isr                                                  
100189e5  mbHwIsr                                                    
10018a19  AesCcm_authEncrypt_Sw                                      
10018a35  AesCcm_decryptAuth_Sw                                      
10018a99  Aes_encrypt_Sw                                             
10018ac5  Aes_decrypt_Sw                                             
10018b09  AesCcm_getNumBlocks_Sw                                     
10018b0c  NIST_Curve_P256_p                                          
10018b30  NIST_Curve_P256_r                                          
10018b54  NIST_Curve_P256_a                                          
10018b78  NIST_Curve_P256_b                                          
10018b9c  NIST_Curve_P256_Gx                                         
10018bc0  NIST_Curve_P256_Gy                                         
10018ced  __exit                                                     
10018d6c  Fill1                                                      
10019ffc  A3_rw                                                      
10019ffd  __checksum_end_CommonROM                                   
10019ffe  A2_rw                                                      
10019ffe  P1_ro_2                                                    
10019ffe  __checksum_CommonROM                                       
20000000  ti_sysbios_family_arm_m3_Hwi_ramVectors                    
20000520  gapProfileState                                            
20000521  selfEntityMain                                             
20000522  seq_no                                                     
20000528  sem                                                        
2000052c  hGpioPin                                                   
20000548  pinGpioState                                               
20000984  linkDBNumConns                                             
20000a98  gapRoleTask                                                
20000ae8  gapRoleTaskStack                                           
2000195c  __TI_ft_end                                                
20001960  __TI_tmpnams                                               
20001a00  _ftable                                                    
20001c10  PowerCC26XX_module                                         
20001d20  ICall_dispatcher                                           
20001d28  ICall_enterCriticalSection                                 
20001d2c  ICall_leaveCriticalSection                                 
20001d44  HEAPMGR_SIZE                                               
20001e2c  _stream                                                    
20001e7c  _device                                                    
20002498  rfRegTbl                                                   
200024f0  ti_sysbios_knl_Task_Object__table__V                       
20002584  appAssertCback                                             
20002588  ti_sysbios_family_arm_cc26xx_Timer_Object__table__V        
200025d0  ti_sysbios_knl_Task_Module__state__V                       
20002648  ti_sysbios_family_arm_m3_Hwi_Module__state__V              
200026ac  ti_sysbios_knl_Swi_Module_State_0_readyQ__A                
200026dc  ti_sysbios_knl_Swi_Object__table__V                        
2000270c  ti_sysbios_knl_Task_Module_State_0_readyQ__A               
2000273c  user0Cfg                                                   
200027c4  ti_sysbios_knl_Clock_Module__state__V                      
200027f0  ti_sysbios_BIOS_Module__state__V                           
20002814  ti_sysbios_knl_Clock_Object__table__V                      
20002834  ti_sysbios_gates_GateMutex_Object__table__V                
20002850  ti_sysbios_knl_Swi_Module__state__V                        
20002884  ti_sysbios_family_arm_m3_Hwi_Object__table__V              
200028c0  xdc_runtime_HeapMin_Object__table__V                       
200028d0  __TI_cleanup_ptr                                           
200028d4  __TI_dtors_ptr                                             
200028d8  __TI_enable_exit_profile_output                            
200028dc  lastAppOpcodeSent                                          
200028e0  pfnBMAlloc                                                 
200028e4  pfnBMFree                                                  
200028fc  _lock                                                      
20002900  _unlock                                                    
20002914  ti_sysbios_family_arm_cc26xx_Timer_Module__state__V        
2000291c  ti_sysbios_family_arm_m3_Hwi_Module__root__V               
20002924  ti_sysbios_gates_GateHwi_Module__root__V                   
2000292c  ti_sysbios_gates_GateMutex_Module__root__V                 
20002934  ti_sysbios_hal_Hwi_Module__root__V                         
2000293c  ti_sysbios_knl_Clock_Module__root__V                       
20002944  ti_sysbios_knl_Queue_Module__root__V                       
2000294c  ti_sysbios_knl_Semaphore_Module__root__V                   
20002954  ti_sysbios_knl_Swi_Module__root__V                         
2000295c  ti_sysbios_knl_Task_Module__root__V                        
20002964  xdc_runtime_HeapMin_Module__root__V                        
2000296c  xdc_runtime_Startup_Module__state__V                       
20002974  xdc_runtime_System_Module__state__V                        
2000297c  main_func_sp                                               
20002988  ti_sysbios_family_arm_m3_Hwi_Module_State_0_excContext__A  
2000298c  ti_sysbios_family_arm_m3_Hwi_Module_State_0_excStack__A    
20002990  ti_sysbios_gates_GateHwi_Object__table__V                  
20002994  ti_sysbios_knl_Task_Module_State_0_idleTask__A             
20002998  xdc_runtime_Memory_Module__state__V                        
200029b4  ti_sysbios_family_arm_m3_Hwi_Module_State_0_excActive__A   
200029b8  xdc_runtime_HeapMin_Instance_State_0_buf__A                
2000303c  trngCC26XXObjects                                          
20003040  ti_sysbios_knl_Task_Instance_State_0_stack__A              
20003240  spiCC26XXDMAObjects                                        
200033f8  __CIOBUF_                                                  
20003518  PIN_NumPins                                                
200035ac  PIN_HandleTable                                            
20003738  i2cCC26xxObjects                                           
20003818  ti_sysbios_family_arm_m3_Hwi_dispatchTable                 
20003958  udmaObjects                                                
200039c4  parmbuf                                                    
200039d1  driverlib_release_0_47020                                  
200039d2  heapStart                                                  
200041f8  __stack                                                    
200041f8  heapEnd                                                    
200043f8  __STACK_END                                                
200043f8  __STACK_TOP                                                
20004f2c  A4_rw                                                      
20004f2c  COMMON_RAM_BASE_ADDR                                       
20004f40  P2_rw                                                      
20004f40  P2_s0                                                      
20004f40  eccRom_windowSize                                          
20004f44  eccRom_workzone                                            
20004f48  eccRom_param_p                                             
20004f4c  eccRom_param_r                                             
20004f50  eccRom_param_a                                             
20004f54  inScalar                                                   
20004f58  inPointX                                                   
20004f5c  inPointY                                                   
20004f60  outPointX                                                  
20004f64  outPointY                                                  
20004f68  SCAL                                                       
20004f6c  EXPX                                                       
20004f70  EXPY                                                       
20004f74  EXPZ                                                       
20004f78  EXPW                                                       
20004f7c  ACCX                                                       
20004f80  ACCY                                                       
20004f84  ACCZ                                                       
20004f88  TMP1                                                       
20004f8c  TMP2                                                       
20004f90  TMP3                                                       
20004f94  TMP4                                                       
20004f98  TMP5                                                       
20004f9c  TMP6                                                       
20004fa0  eccRom_param_Gx                                            
20004fa4  eccRom_param_Gy                                            
20004fa8  eccRom_param_b                                             
20004fac  P2_zi                                                      
20004fac  ratChanInfo                                                
20004fcc  fwInfoCmd                                                  
20004fd8  MSBMOD                                                     
20004fdc  aux64                                                      
20004fe4  MOD                                                        
20004fe8  LEN                                                        
20004ffc  pSspAesEncrypt_Sw                                          
e000e000  ti_sysbios_family_arm_m3_Hwi_nvic                          
ffffffff  __TI_pprof_out_hndl                                        
ffffffff  __TI_prof_data_size                                        
ffffffff  __TI_prof_data_start                                       
ffffffff  __binit__                                                  
ffffffff  __c_args__                                                 
ffffffff  binit                                                      
UNDEFED   SHT$$INIT_ARRAY$$Base                                      
UNDEFED   SHT$$INIT_ARRAY$$Limit                                     

[957 symbols]
