******************************************************************************
                  TI ARM Linker PC v18.1.4                     
******************************************************************************
>> Linked Thu Feb 11 18:41:09 2021

OUTPUT FILE NAME:   <sensortag_cc2650stk_app.out>
ENTRY POINT SYMBOL: "ResetISR"  address: 0000b121


MEMORY CONFIGURATION

         name            origin    length      used     unused   attr    fill
----------------------  --------  ---------  --------  --------  ----  --------
  IMAGE_HEADER          00001000   00000010  00000010  00000000  R  X
  FLASH                 00001010   00010010  0000e912  000016fe  R  X
  SRAM                  20000000   000043f8  000037c2  00000c36  RW X


SEGMENT ALLOCATION MAP

run origin  load origin   length   init length attrs members
----------  ----------- ---------- ----------- ----- -------
00001000    00001000    0000e928   0000e928    r-x
  00001000    00001000    00000010   00000010    r-- .imgHdr
  00001010    00001010    0000003c   0000003c    r-- .resetVecs
  0000104c    0000104c    0000d6da   0000d6da    r-x .text
  0000e728    0000e728    00000b7c   00000b7c    r-- .const
  0000f2a8    0000f2a8    00000680   00000680    r-- .cinit
20000430    20000430    00000010   00000000    rw-
  20000430    20000430    00000010   00000000    rw- .TI.bound:dmaSpi0RxControlTableEntry$21
20000440    20000440    00000010   00000000    rw-
  20000440    20000440    00000010   00000000    rw- .TI.bound:dmaSpi0TxControlTableEntry$21
20000500    20000500    00000010   00000000    rw-
  20000500    20000500    00000010   00000000    rw- .TI.bound:dmaSpi1RxControlTableEntry$21
20000510    20000510    000034ca   00000000    rw-
  20000510    20000510    00000010   00000000    rw- .TI.bound:dmaSpi1TxControlTableEntry$21
  20000520    20000520    000024a0   00000000    rw- .data
  200029c0    200029c0    0000101a   00000000    rw- .bss
200041f8    200041f8    00000200   00000000    rw-
  200041f8    200041f8    00000200   00000000    rw- .stack


SECTION ALLOCATION MAP

 output                                  attributes/
section   page    origin      length       input sections
--------  ----  ----------  ----------   ----------------
.imgHdr    0    00001000    00000010     
                  00001000    00000010     oad_target_external_flash.obj (.imgHdr:retain)

.text      0    0000104c    0000d6da     
                  0000104c    00001ad0     sensortag.obj (.text:SensorTag_taskFxn$0)
                  00002b1c    000005bc     peripheral.obj (.text:gapRole_taskFxn$50)
                  000030d8    00000450     driverlib.lib : setup.obj (.text:TrimAfterColdResetWakeupFromShutDown$102)
                  00003528    00000280     RFCC26XX_singleMode.obj (.text:fsmActiveState$19)
                  000037a8    00000248     peripheral.obj (.text:GAPRole_SetParameter)
                  000039f0    00000228     drivers_cc26xxware.aem3 : PowerCC26XX.oem3 (.text:Power_sleep)
                  00003c18    00000214     driverlib.lib : sys_ctrl.obj (.text:NOROM_SysCtrlSetRechargeBeforePowerDown)
                  00003e2c    0000020c     sensortag_bar.obj (.text:sensorTaskFxn$1)
                  00004038    000001d0     drivers_cc26xxware.aem3 : PowerCC26XX_calibrateRCOSC.oem3 (.text:calibrateRcoscHf1)
                  00004208    000001c8     PINCC26XX.obj (.text:PIN_init)
                  000043d0    000001c0     RFCC26XX_singleMode.obj (.text:fsmSetupState$19)
                  00004590    000001b4     SPICC26XXDMA.obj (.text:SPICC26XXDMA_transfer)
                  00004744    000001ac     oad.obj (.text:OAD_imgBlockWrite)
                  000048f0    000001a8     RFCC26XX_singleMode.obj (.text:RF_postCmd)
                  00004a98    00000184     drivers_cc26xxware.aem3 : PowerCC26XX_calibrateRCOSC.oem3 (.text:PowerCC26XX_doCalibrate)
                  00004c1c    00000184     RFCC26XX_singleMode.obj (.text:abortCmd$19)
                  00004da0    00000158     SPICC26XXDMA.obj (.text:SPICC26XXDMA_initIO$21)
                  00004ef8    00000150     I2CCC26XX.obj (.text:I2CCC26XX_open)
                  00005048    00000148     driverlib.lib : setup.obj (.text:NOROM_SetupTrimDevice)
                  00005190    00000148     SPICC26XXDMA.obj (.text:SPICC26XXDMA_open)
                  000052d8    00000120     peripheral.obj (.text:GAPRole_GetParameter)
                  000053f8    0000011c     drivers_cc26xxware.aem3 : PowerCC26XX.oem3 (.text:Power_init)
                  00005514    00000108     RFCC26XX_singleMode.obj (.text:hwiFxnCpe0Active$19)
                  0000561c    00000106     icall.obj (.text:ICall_primWaitMatch$24)
                  00005722    00000002     ble_user_config.obj (.text:DefaultAssertCback)
                  00005724    00000100     I2CCC26XX.obj (.text:I2CCC26XX_hwiFxn$17)
                  00005824    00000100     sensortag_factoryreset.obj (.text:SensorTagFactoryReset_hasImage)
                  00005924    000000fc     SensorMpu9250.obj (.text:SensorMpu9250_magRead)
                  00005a20    000000fc     sensortag_tmp.obj (.text:sensorTaskFxn$13)
                  00005b1c    000000f8     RFCC26XX_singleMode.obj (.text:fsmPowerUpState$19)
                  00005c14    000000f8     RFCC26XX_singleMode.obj (.text:radioOpDoneCb$19)
                  00005d0c    000000f8     sysbios.aem3 : BIOS.obj (.text:xdc_runtime_Startup_startMods__I)
                  00005e04    000000f4     rtsv7M3_T_le_eabi.lib : fputc.c.obj (.text:fputc)
                  00005ef8    000000f0     SPICC26XXDMA.obj (.text:SPICC26XXDMA_transferCancel)
                  00005fe8    000000ec     RFCC26XX_singleMode.obj (.text:rf_init$19)
                  000060d4    000000e8     registerservice.obj (.text:sensor_WriteAttrCB$51)
                  000061bc    000000e4     sensortag_hum.obj (.text:sensorTaskFxn$6)
                  000062a0    000000dc     PINCC26XX.obj (.text:PINCC26XX_setIoCfg$18)
                  0000637c    000000d8     SPICC26XXDMA.obj (.text:SPICC26XXDMA_control)
                  00006454    000000d8     main.obj (.text:main)
                  0000652c    000000d4     power_cc26xx_tirtos.aem3 : PowerCC26XX_tirtos.oem3 (.text:PowerCC26XX_standbyPolicy)
                  00006600    000000d4     drivers_cc26xxware.aem3 : PowerCC26XX.oem3 (.text:Power_releaseDependency)
                  000066d4    000000d4     rtsv7M3_T_le_eabi.lib : setvbuf.c.obj (.text:setvbuf)
                  000067a8    000000d0     drivers_cc26xxware.aem3 : PowerCC26XX.oem3 (.text:Power_setDependency)
                  00006878    000000d0     RFCC26XX_singleMode.obj (.text:RF_open)
                  00006948    000000d0     SensorMpu9250.obj (.text:SensorMpu9250_enable)
                  00006a18    000000d0     SensorMpu9250.obj (.text:SensorMpu9250_reset)
                  00006ae8    000000cc     RFCC26XX_singleMode.obj (.text:fsmPowerDownState$19)
                  00006bb4    000000cc     sysbios.aem3 : BIOS.obj (.text:ti_sysbios_knl_Semaphore_pend__E)
                  00006c80    000000c8                  : m3_Hwi_asm.obj (.text:ti_sysbios_family_arm_m3_Hwi_dispatch__I)
                  00006d48    000000c4     ExtFlash.obj (.text:ExtFlash_open)
                  00006e0c    000000c4     barometerservice.obj (.text:sensor_WriteAttrCB$37)
                  00006ed0    000000c4     humidityservice.obj (.text:sensor_WriteAttrCB$43)
                  00006f94    000000c4     irtempservice.obj (.text:sensor_WriteAttrCB$45)
                  00007058    000000c4     movementservice.obj (.text:sensor_WriteAttrCB$46)
                  0000711c    000000c4     opticservice.obj (.text:sensor_WriteAttrCB$49)
                  000071e0    000000c4     sysbios.aem3 : BIOS.obj (.text:ti_sysbios_knl_Task_Instance_init__E)
                  000072a4    000000c0     I2CCC26XX.obj (.text:I2CCC26XX_transfer)
                  00007364    000000c0     ioservice.obj (.text:io_WriteAttrCB$44)
                  00007424    000000bc     rtsv7M3_T_le_eabi.lib : fclose.c.obj (.text:__TI_closefile)
                  000074e0    000000b8     devinfoservice.obj (.text:DevInfo_SetParameter)
                  00007598    000000b4     devinfoservice.obj (.text:devInfo_ReadAttrCB$40)
                  0000764c    000000a8     oad.obj (.text:oadWriteAttrCB$47)
                  000076f4    000000a4     ccservice.obj (.text:ccService_WriteAttrCB$39)
                  00007798    000000a0     SPICC26XXDMA.obj (.text:SPICC26XXDMA_hwiFxn$21)
                  00007838    000000a0     TRNGCC26XX.obj (.text:TRNGCC26XX_getNumber)
                  000078d8    000000a0     auto_init.aem3 : auto_init.oem3 (.text)
                  00007978    000000a0     sysbios.aem3 : BIOS.obj (.text:ti_sysbios_knl_Task_setPri__E)
                  00007a18    0000009c     sensortag_keys.obj (.text:SensorTagKeys_clockHandler$8)
                  00007ab4    0000009c     rtsv7M3_T_le_eabi.lib : memcpy_t2.asm.obj (.text)
                  00007b50    00000098     gattservapp_util.obj (.text:GATTServApp_ProcessCharCfg)
                  00007be8    00000098     PINCC26XX.obj (.text:PIN_open)
                  00007c80    00000098     sysbios.aem3 : BIOS.obj (.text:ti_sysbios_knl_Clock_workFuncDynamic__E)
                  00007d18    00000096     rtsv7M3_T_le_eabi.lib : ull_div_t2.asm.obj (.text)
                  00007dae    00000002     SPICC26XXDMA.obj (.text:SPICC26XXDMA_serviceISR$21)
                  00007db0    00000094     icall.obj (.text:ICall_primSetTimer$24)
                  00007e44    00000094     sysbios.aem3 : BIOS.obj (.text:ti_sysbios_family_arm_m3_Hwi_Instance_init__E)
                  00007ed8    00000092     SPICC26XXDMA.obj (.text:SPICC26XXDMA_close)
                  00007f6a    00000002     rtsv7M3_T_le_eabi.lib : _lock.c.obj (.text:_nop)
                  00007f6c    00000090     drivers_cc26xxware.aem3 : PowerCC26XX.oem3 (.text:switchXOSCHFclockFunc)
                  00007ffc    0000008c     I2CCC26XX.obj (.text:I2CCC26XX_cancel)
                  00008088    0000008c     I2CCC26XX.obj (.text:I2CCC26XX_primeTransfer$17)
                  00008114    0000008c     sensortag_register.obj (.text:SensorTagRegister_update)
                  000081a0    00000088     driverlib.lib : osc.obj (.text:NOROM_OSCHF_GetStartupTime)
                  00008228    00000088     registerservice.obj (.text:sensor_ReadAttrCB$51)
                  000082b0    00000084     icall.obj (.text:ICall_heapMalloc)
                  00008334    00000084     sensortag_mov.obj (.text:appStateSet$9)
                  000083b8    00000084     sysbios.aem3 : BIOS.obj (.text:ti_sysbios_knl_Task_postInit__I)
                  0000843c    00000080     SensorI2C.obj (.text:SensorI2C_open)
                  000084bc    00000080     sysbios.aem3 : BIOS.obj (.text:ti_sysbios_family_arm_m3_Hwi_initNVIC__E)
                  0000853c    00000080                  : BIOS.obj (.text:xdc_runtime_Core_createObject__I)
                  000085bc    0000007c     RFCC26XX_singleMode.obj (.text:RF_pendCmd)
                  00008638    0000007c     drivers_cc26xxware.aem3 : PowerCC26XX.oem3 (.text:disableLFClockQualifiers)
                  000086b4    0000007c     peripheral.obj (.text:gapRole_startConnUpdate$50)
                  00008730    0000007c     RFCC26XX_singleMode.obj (.text:swiFxnHw$19)
                  000087ac    0000007a     rtsv7M3_T_le_eabi.lib : memset_t2.asm.obj (.text)
                  00008826    00000002     RFCC26XX_singleMode.obj (.text:defaultErrCb$19)
                  00008828    00000078     SPICC26XXDMA.obj (.text:SPICC26XXDMA_csnCallback$21)
                  000088a0    00000078     sensortag.obj (.text:SensorTag_enqueueMsg$0)
                  00008918    00000078     sysbios.aem3 : BIOS.obj (.text:ti_sysbios_knl_Clock_walkQueueDynamic__E)
                  00008990    00000076     gattservapp_util.obj (.text:gattServApp_SendNotiInd$42)
                  00008a06    00000002     drivers_cc26xxware.aem3 : PowerCC26XX.oem3 (.text:emptyClockFunc)
                  00008a08    00000074     icall_cc2650.obj (.text:ICallPlatform_pwrUpdActivityCounter)
                  00008a7c    00000074     icall.obj (.text:ICall_primSend$24)
                  00008af0    00000074     drivers_cc26xxware.aem3 : PowerCC26XX_calibrateRCOSC.oem3 (.text:PowerCC26XX_auxISR)
                  00008b64    00000074     sensortag.obj (.text:SensorTag_callback$0)
                  00008bd8    00000074     drivers_cc26xxware.aem3 : PowerCC26XX_calibrateRCOSC.oem3 (.text:calibrateRcoscHf2)
                  00008c4c    00000074     sysbios.aem3 : BIOS.obj (.text:ti_sysbios_family_arm_cc26xx_Timer_start__E)
                  00008cc0    00000072     ExtFlash.obj (.text:ExtFlash_write)
                  00008d32    00000002     rtsv7M3_T_le_eabi.lib : div0.asm.obj (.text)
                  00008d34    00000070     SensorI2C.obj (.text:SensorI2C_select)
                  00008da4    00000070     sensortag_register.obj (.text:SensorTagRegister_reset)
                  00008e14    00000070     battservice.obj (.text:battNotifyLevel$38)
                  00008e84    00000070     rtsv7M3_T_le_eabi.lib : fseek.c.obj (.text:fseek)
                  00008ef4    00000070     sysbios.aem3 : BIOS.obj (.text:ti_sysbios_knl_Task_sleep__E)
                  00008f64    0000006c     icall.obj (.text:ICall_createRemoteTasks)
                  00008fd0    0000006c     drivers_cc26xxware.aem3 : PowerCC26XX.oem3 (.text:PowerCC26XX_calibrate)
                  0000903c    0000006c     UDMACC26XX.obj (.text:UDMACC26XX_open)
                  000090a8    0000006c     movementservice.obj (.text:sensor_ReadAttrCB$46)
                  00009114    0000006c     sysbios.aem3 : BIOS.obj (.text:xdc_runtime_Memory_alloc__E)
                  00009180    00000068     rtsv7M3_T_le_eabi.lib : hostlseek.c.obj (.text:HOSTlseek)
                  000091e8    00000068     driverlib.lib : sys_ctrl.obj (.text:NOROM_SysCtrl_DCDC_VoltageConditionalControl)
                  00009250    00000068     RFCC26XX_singleMode.obj (.text:decActiveClientCnt$19)
                  000092b8    00000068     rtsv7M3_T_le_eabi.lib : copy_decompress_lzss.c.obj (.text:decompress:lzss:__TI_decompress_lzss)
                  00009320    00000068                           : getdevice.c.obj (.text:getdevice)
                  00009388    00000068     sysbios.aem3 : BIOS.obj (.text:ti_sysbios_knl_Clock_startI__E)
                  000093f0    00000068                  : BIOS.obj (.text:ti_sysbios_knl_Swi_restoreHwi__E)
                  00009458    00000064     rtsv7M3_T_le_eabi.lib : hostrename.c.obj (.text:HOSTrename)
                  000094bc    00000064     I2CCC26XX.obj (.text:I2CCC26XX_close)
                  00009520    00000064     PINCC26XX.obj (.text:PIN_add)
                  00009584    00000064     sensortag_oad.obj (.text:SensorTag_processOadWriteCB$10)
                  000095e8    00000064     sysbios.aem3 : BIOS.obj (.text:ti_sysbios_knl_Semaphore_post__E)
                  0000964c    00000062     barometerservice.obj (.text:sensor_ReadAttrCB$37)
                  000096ae    00000060     gattservapp_util.obj (.text:GATTServApp_ProcessCCCWriteReq)
                  0000970e    00000002     sysbios.aem3 : BIOS.obj (.text:ti_sysbios_BIOS_linkedWithIncorrectBootLibrary__E)
                  00009710    00000060     icall.obj (.text:ICall_primEnroll$24)
                  00009770    00000060     oad.obj (.text:OAD_sendStatus$47)
                  000097d0    00000060     drivers_cc26xxware.aem3 : PowerCC26XX_calibrateRCOSC.oem3 (.text:PowerCC26XX_RCOSC_clockFunc)
                  00009830    00000060                             : PowerCC26XX_calibrateRCOSC.oem3 (.text:updateSubSecInc)
                  00009890    0000005c     ExtFlash.obj (.text:ExtFlash_erase)
                  000098ec    0000005c     ExtFlash.obj (.text:ExtFlash_waitReady$28)
                  00009948    0000005c     rtsv7M3_T_le_eabi.lib : hostopen.c.obj (.text:HOSTopen)
                  000099a4    0000005c     icall.obj (.text:ICall_primThreadServes$24)
                  00009a00    0000005c     driverlib.lib : osc.obj (.text:NOROM_OSCHF_AttemptToSwitchToXosc)
                  00009a5c    0000005c                   : sys_ctrl.obj (.text:NOROM_SysCtrlAdjustRechargeAfterPowerDown)
                  00009ab8    0000005c     oad.obj (.text:OAD_getNextBlockReq$47)
                  00009b14    0000005c     SensorMpu9250.obj (.text:SensorMpu9250_test)
                  00009b70    0000005c     RFCC26XX_singleMode.obj (.text:fsmXOSCState$19)
                  00009bcc    0000005c     sysbios.aem3 : BIOS.obj (.text:ti_sysbios_knl_Task_Module_startup__E)
                  00009c28    0000005c                  : BIOS.obj (.text:ti_sysbios_knl_Task_startCore__E)
                  00009c84    0000005a     humidityservice.obj (.text:sensor_ReadAttrCB$43)
                  00009cde    0000005a     irtempservice.obj (.text:sensor_ReadAttrCB$45)
                  00009d38    0000005a     opticservice.obj (.text:sensor_ReadAttrCB$49)
                  00009d92    00000002     app_ble_pem3.oem3 (.text:ti_sysbios_BIOS_nullFunc__I)
                  00009d94    00000058     rtsv7M3_T_le_eabi.lib : hostread.c.obj (.text:HOSTread)
                  00009dec    00000058     movementservice.obj (.text:Movement_setParameter)
                  00009e44    00000058     PINCC26XX.obj (.text:PIN_remove)
                  00009e9c    00000058     drivers_cc26xxware.aem3 : PowerCC26XX_calibrateRCOSC.oem3 (.text:PowerCC26XX_initiateCalibration)
                  00009ef4    00000058     SPICC26XXDMA.obj (.text:SPICC26XXDMA_initHw$21)
                  00009f4c    00000058     battservice.obj (.text:battReadAttrCB$38)
                  00009fa4    00000058     sensortag_keys.obj (.text:processGapStateChange$8)
                  00009ffc    00000058     sysbios.aem3 : BIOS.obj (.text:ti_sysbios_family_arm_m3_Hwi_postInit__I)
                  0000a054    00000058                  : BIOS.obj (.text:ti_sysbios_knl_Swi_Instance_init__E)
                  0000a0ac    00000058                  : BIOS.obj (.text:ti_sysbios_knl_Swi_run__I)
                  0000a104    00000054     barometerservice.obj (.text:Barometer_setParameter)
                  0000a158    00000054     ExtFlash.obj (.text:ExtFlash_close)
                  0000a1ac    00000054     rtsv7M3_T_le_eabi.lib : hostwrite.c.obj (.text:HOSTwrite)
                  0000a200    00000054     I2CCC26XX.obj (.text:I2CCC26XX_swiFxn$17)
                  0000a254    00000054     icall.obj (.text:ICall_primFetchMsg$24)
                  0000a2a8    00000054     RFCC26XX_singleMode.obj (.text:RF_getCurrentTime)
                  0000a2fc    00000054     util.obj (.text:Util_rescheduleClock)
                  0000a350    00000054     drivers_cc26xxware.aem3 : PowerCC26XX.oem3 (.text:configureXOSCHF)
                  0000a3a4    00000054     rtsv7M3_T_le_eabi.lib : fflush.c.obj (.text:fflush)
                  0000a3f8    00000054     RFCC26XX_singleMode.obj (.text:hwiFxnHw$19)
                  0000a44c    00000054     RFCC26XX_singleMode.obj (.text:ratChanFree$19)
                  0000a4a0    00000054     sysbios.aem3 : BIOS.obj (.text:ti_sysbios_family_arm_m3_Hwi_dispatchC__I)
                  0000a4f4    00000054                  : BIOS.obj (.text:ti_sysbios_knl_Swi_schedule__I)
                  0000a548    00000052     icall.obj (.text:ICall_primWait$24)
                  0000a59a    00000052     SPICC26XXDMA.obj (.text:SPICC26XXDMA_swiFxn$21)
                  0000a5ec    00000050     ExtFlash.obj (.text:ExtFlash_read)
                  0000a63c    00000050     icall_api.obj (.text:GAP_UpdateAdvertisingData)
                  0000a68c    00000050     humidityservice.obj (.text:Humidity_setParameter)
                  0000a6dc    00000050     icall.obj (.text:ICall_primRegisterApp$24)
                  0000a72c    00000050     irtempservice.obj (.text:IRTemp_setParameter)
                  0000a77c    00000050     opticservice.obj (.text:Optic_setParameter)
                  0000a7cc    00000050     RFCC26XX_singleMode.obj (.text:RF_getInfo)
                  0000a81c    00000050     sensortag_bar.obj (.text:SensorTagBar_reset)
                  0000a86c    00000050     sysbios.aem3 : BIOS.obj (.text:ti_sysbios_knl_Swi_runLoop__I)
                  0000a8bc    00000050                  : BIOS.obj (.text:xdc_runtime_Startup_exec__E)
                  0000a90c    0000004e     SensorOpt3001.obj (.text:SensorOpt3001_test)
                  0000a95a    0000004e     ccservice.obj (.text:ccService_ReadAttrCB$39)
                  0000a9a8    0000004e     ioservice.obj (.text:io_ReadAttrCB$44)
                  0000a9f6    00000002     sysbios.aem3 : BIOS.obj (.text:ti_sysbios_gates_GateHwi_Instance_init__E)
                  0000a9f8    0000004c     I2CCC26XX.obj (.text:I2CCC26XX_initHw$17)
                  0000aa44    0000004c     icall.obj (.text:ICall_newTask$24)
                  0000aa90    0000004c     icall.obj (.text:ICall_primGetEntityId$24)
                  0000aadc    0000004c     driverlib.lib : osc.obj (.text:NOROM_OSCClockSourceSet)
                  0000ab28    0000004c     util.obj (.text:Util_constructClock)
                  0000ab74    0000004c     rtsv7M3_T_le_eabi.lib : fflush.c.obj (.text:__TI_doflush)
                  0000abc0    0000004c     battservice.obj (.text:battWriteAttrCB$38)
                  0000ac0c    0000004c     rtsv7M3_T_le_eabi.lib : cpy_tbl.c.obj (.text:copy_in)
                  0000ac58    0000004c     sysbios.aem3 : m3_TaskSupport_asm.obj (.text:ti_sysbios_family_arm_m3_TaskSupport_buildTaskStack)
                  0000aca4    0000004c                  : BIOS.obj (.text:ti_sysbios_knl_Task_schedule__I)
                  0000acf0    0000004a     RFCC26XX_singleMode.obj (.text:syncCb$19)
                  0000ad3a    00000002     sysbios.aem3 : BIOS.obj (.text:ti_sysbios_knl_Clock_logTick__E)
                  0000ad3c    00000048     peripheral.obj (.text:GAPRole_TerminateConnection)
                  0000ad84    00000048     driverlib.lib : chipinfo.obj (.text:NOROM_ChipInfo_GetChipFamily)
                  0000adcc    00000048                   : ddi.obj (.text:NOROM_DDI16BitfieldWrite)
                  0000ae14    00000048     sensortag_io.obj (.text:SensorTagIO_reset)
                  0000ae5c    00000048     icall_api.obj (.text:gattIndNoti$27)
                  0000aea4    00000048     drivers_cc26xxware.aem3 : PowerCC26XX.oem3 (.text:notify)
                  0000aeec    00000048     sysbios.aem3 : BIOS.obj (.text:ti_sysbios_family_arm_m3_Hwi_Module_startup__E)
                  0000af34    00000048                  : m3_Hwi_asm_switch.obj (.text:ti_sysbios_family_arm_m3_Hwi_initStacks__E)
                  0000af7c    00000048     app_ble_pem3.oem3 (.text:ti_sysbios_hal_Hwi_create)
                  0000afc4    00000048     sysbios.aem3 : BIOS.obj (.text:xdc_runtime_Core_assignParams__I)
                  0000b00c    00000048                  : BIOS.obj (.text:xdc_runtime_Core_constructObject__I)
                  0000b054    00000044     PINCC26XX.obj (.text:PIN_swi$18)
                  0000b098    00000044     SensorMpu9250.obj (.text:SensorMpu9250_accSetRange)
                  0000b0dc    00000044     sensortag_io.obj (.text:SensorTagIO_blinkLed)
                  0000b120    00000044     boot.aem3 : boot.oem3 (.text)
                  0000b164    00000044     icall_api.obj (.text:gapSendParamAndPtrCmd$27)
                  0000b1a8    00000044     SensorMpu9250.obj (.text:sensorMpu9250SetBypass$32)
                  0000b1ec    00000044     app_ble_pem3.oem3 (.text:ti_sysbios_family_arm_m3_Hwi_Object__create__S)
                  0000b230    00000044     sysbios.aem3 : BIOS.obj (.text:ti_sysbios_family_arm_m3_Hwi_disableInterrupt__E)
                  0000b274    00000044                  : BIOS.obj (.text:ti_sysbios_family_arm_m3_Hwi_enableInterrupt__E)
                  0000b2b8    00000044                  : BIOS.obj (.text:ti_sysbios_knl_Swi_post__E)
                  0000b2fc    00000044                  : BIOS.obj (.text:ti_sysbios_knl_Task_allBlockedFunction__I)
                  0000b340    00000044     app_ble_pem3.oem3 (.text:ti_sysbios_knl_Task_create)
                  0000b384    00000042     icall.obj (.text:ICall_primCreateTask$24)
                  0000b3c6    00000002     sysbios.aem3 : BIOS.obj (.text:ti_sysbios_knl_Clock_triggerFunc__I)
                  0000b3c8    00000040     ExtFlash.obj (.text:ExtFlash_readInfo$28)
                  0000b408    00000040     peripheral.obj (.text:GAPRole_createTask)
                  0000b448    00000040     rtsv7M3_T_le_eabi.lib : hostclose.c.obj (.text:HOSTclose)
                  0000b488    00000040                           : hostunlink.c.obj (.text:HOSTunlink)
                  0000b4c8    00000040     driverlib.lib : ddi.obj (.text:NOROM_DDI16BitfieldRead)
                  0000b508    00000040     RFCC26XX_singleMode.obj (.text:RF_getRssi)
                  0000b548    00000040     simplekeys.obj (.text:SK_readAttrCB$52)
                  0000b588    00000040     SensorI2C.obj (.text:SensorI2C_read)
                  0000b5c8    00000040     SensorTmp007.obj (.text:SensorTmp007_enable)
                  0000b608    00000040     SensorMpu9250.obj (.text:sensorMpuSleep$32)
                  0000b648    00000040     sysbios.aem3 : BIOS.obj (.text:ti_sysbios_family_arm_m3_Hwi_getStackInfo__E)
                  0000b688    00000040                  : BIOS.obj (.text:xdc_runtime_HeapMin_alloc__E)
                  0000b6c8    0000003c     icall_api.obj (.text:GAP_GetParamValue)
                  0000b704    0000003c     icall_api.obj (.text:GATTServApp_RegisterService)
                  0000b740    0000003c     icall_cc2650.obj (.text:ICallPlatform_pwrConfigACAction)
                  0000b77c    0000003c     icall.obj (.text:ICall_primFetchServiceMsg$24)
                  0000b7b8    0000003c     icall.obj (.text:ICall_primGetMaxMSecs$24)
                  0000b7f4    0000003c     driverlib.lib : osc.obj (.text:NOROM_OSC_HPOSCRelativeFrequencyOffsetGet)
                  0000b830    0000003c     registerservice.obj (.text:Register_setParameter)
                  0000b86c    0000003c     SensorI2C.obj (.text:SensorI2C_writeRead)
                  0000b8a8    0000003c     sensortag_bar.obj (.text:SensorTagBar_createTask)
                  0000b8e4    0000003c     sensortag_hum.obj (.text:SensorTagHum_createTask)
                  0000b920    0000003c     sensortag_tmp.obj (.text:SensorTagTmp_createTask)
                  0000b95c    0000003c     sensortag.obj (.text:SensorTag_createTask)
                  0000b998    0000003c     RFCC26XX_singleMode.obj (.text:dispatchOpWhen$19)
                  0000b9d4    0000003c     oad.obj (.text:oadReadAttrCB$47)
                  0000ba10    0000003c     RFCC26XX_singleMode.obj (.text:postDirImmCmd$19)
                  0000ba4c    0000003c     icall_api.obj (.text:profileSetParameter$27)
                  0000ba88    0000003c     icall_api.obj (.text:sendWaitMatchCS$27)
                  0000bac4    0000003c     icall_api.obj (.text:sendWaitMatchValueCS$27)
                  0000bb00    0000003c     app_ble_pem3.oem3 (.text:ti_sysbios_family_arm_m3_Hwi_construct)
                  0000bb3c    0000003a     sysbios.aem3 : BIOS.obj (.text:ti_sysbios_knl_Task_exit__E)
                  0000bb76    00000002                  : BIOS.obj (.text:ti_sysbios_knl_Swi_Instance_finalize__E)
                  0000bb78    00000038     SensorI2C.obj (.text:SensorI2C_write)
                  0000bbb0    00000038     sensortag_opt.obj (.text:SensorTagOpt_reset)
                  0000bbe8    00000038     util.obj (.text:Util_restartClock)
                  0000bc20    00000038     rtsv7M3_T_le_eabi.lib : trgmsg.c.obj (.text:__TI_writemsg)
                  0000bc58    00000038     sysbios.aem3 : BIOS.obj (.text:ti_sysbios_family_arm_cc26xx_Timer_getCurrentTick__E)
                  0000bc90    00000038                  : BIOS.obj (.text:ti_sysbios_family_arm_m3_Hwi_Instance_finalize__E)
                  0000bcc8    00000038                  : BIOS.obj (.text:ti_sysbios_knl_Clock_Instance_init__E)
                  0000bd00    00000038     app_ble_pem3.oem3 (.text:ti_sysbios_knl_Clock_create)
                  0000bd38    00000038     app_ble_pem3.oem3 (.text:ti_sysbios_knl_Swi_construct)
                  0000bd70    00000038     app_ble_pem3.oem3 (.text:ti_sysbios_knl_Task_construct)
                  0000bda8    00000038     sysbios.aem3 : BIOS.obj (.text:xdc_runtime_System_atexit__E)
                  0000bde0    00000036                  : BIOS.obj (.text:ti_sysbios_family_arm_cc26xx_Timer_setNextTick__E)
                  0000be16    00000036     icall_api.obj (.text:waitMatchCS$27)
                  0000be4c    00000034     icall_api.obj (.text:GAPBondMgr_SetParameter)
                  0000be80    00000034     peripheral.obj (.text:GAPRole_SendUpdateParam)
                  0000beb4    00000034     icall_api.obj (.text:GAP_SetParamValue)
                  0000bee8    00000034     icall.obj (.text:ICall_primEntityId2ServiceId$24)
                  0000bf1c    00000034     icall.obj (.text:ICall_primRegisterISR$24)
                  0000bf50    00000034     icall.obj (.text:ICall_primRegisterISR_Ext$24)
                  0000bf84    00000034     icall.obj (.text:ICall_searchServiceEntity)
                  0000bfb8    00000034     ioservice.obj (.text:Io_setParameter)
                  0000bfec    00000034     movementservice.obj (.text:Movement_getParameter)
                  0000c020    00000034     driverlib.lib : ddi.obj (.text:NOROM_DDI32RegWrite)
                  0000c054    00000034                   : osc.obj (.text:NOROM_OSCHF_SwitchToRcOscTurnOffXosc)
                  0000c088    00000034     PINCC26XX.obj (.text:PIN_setOutputValue)
                  0000c0bc    00000034     drivers_cc26xxware.aem3 : PowerCC26XX.oem3 (.text:PowerCC26XX_isStableXOSC_HF)
                  0000c0f0    00000034     RFCC26XX_singleMode.obj (.text:Q_push$19)
                  0000c124    00000034     RFCC26XX_singleMode.obj (.text:RF_runCmd)
                  0000c158    00000034     registerservice.obj (.text:Register_getParameter)
                  0000c18c    00000034     SensorMpu9250.obj (.text:SensorMpu9250_accRead)
                  0000c1c0    00000034     SensorMpu9250.obj (.text:SensorMpu9250_gyroRead)
                  0000c1f4    00000034     rtsv7M3_T_le_eabi.lib : trgmsg.c.obj (.text:__TI_readmsg)
                  0000c228    00000034     icall_api.obj (.text:osal_snv_read)
                  0000c25c    00000034     icall_api.obj (.text:osal_snv_write)
                  0000c290    00000034     icall_api.obj (.text:profileAddService$27)
                  0000c2c4    00000034     rtsv7M3_T_le_eabi.lib : strncpy.c.obj (.text:strncpy)
                  0000c2f8    00000034     sysbios.aem3 : BIOS.obj (.text:ti_sysbios_family_arm_cc26xx_Timer_initDevice__I)
                  0000c32c    00000034     app_ble_pem3.oem3 (.text:ti_sysbios_knl_Clock_construct)
                  0000c360    00000034     app_ble_pem3.oem3 (.text:ti_sysbios_knl_Semaphore_create)
                  0000c394    00000034     sysbios.aem3 : BIOS.obj (.text:ti_sysbios_knl_Swi_restore__E)
                  0000c3c8    00000034                  : BIOS.obj (.text:ti_sysbios_knl_Task_blockI__E)
                  0000c3fc    00000032     icall_api.obj (.text:gapSendParamsCmd$27)
                  0000c42e    00000032     icall_api.obj (.text:gapSendPtrParamsCmd$27)
                  0000c460    00000032     icall_api.obj (.text:matchGapSetGetParamCS$27)
                  0000c492    00000032     icall_api.obj (.text:matchGattCmdStatus$27)
                  0000c4c4    00000032     icall_api.obj (.text:matchUtilNvCS$27)
                  0000c4f6    00000030     icall_cc2650.obj (.text:ICallPlatform_pwrNotify$25)
                  0000c526    00000002     sysbios.aem3 : BIOS.obj (.text:xdc_runtime_Error_policySpin__E)
                  0000c528    00000030     icall_cc2650.obj (.text:ICallPlatform_pwrRegisterNotify)
                  0000c558    00000030     icall.obj (.text:ICall_dispatch$24)
                  0000c588    00000030     icall.obj (.text:ICall_msecs2Ticks$24)
                  0000c5b8    00000030     icall.obj (.text:ICall_searchTask$24)
                  0000c5e8    00000030     driverlib.lib : setup_rom.obj (.text:NOROM_SetupSetAonRtcSubSecInc)
                  0000c618    00000030                   : trng.obj (.text:NOROM_TRNGConfigure)
                  0000c648    00000030     PINCC26XX.obj (.text:PIN_setInterrupt)
                  0000c678    00000030     drivers_cc26xxware.aem3 : PowerCC26XX.oem3 (.text:Power_releaseConstraint)
                  0000c6a8    00000030                             : PowerCC26XX.oem3 (.text:Power_setConstraint)
                  0000c6d8    00000030     SensorMpu9250.obj (.text:SensorMpu9250_powerOn)
                  0000c708    00000030     ExtFlash.obj (.text:Spi_read$28)
                  0000c738    00000030     ExtFlash.obj (.text:Spi_write$28)
                  0000c768    00000030     oad.obj (.text:crc16$47)
                  0000c798    00000030     sensortag_factoryreset.obj (.text:crc16$5)
                  0000c7c8    00000030     app_ble_pem3.oem3 (.text:ti_sysbios_BIOS_atExitFunc__I)
                  0000c7f8    00000030     app_ble_pem3.oem3 (.text:ti_sysbios_BIOS_startFunc__I)
                  0000c828    00000030     sysbios.aem3 : BIOS.obj (.text:ti_sysbios_family_arm_cc26xx_Timer_setThreshold__I)
                  0000c858    00000030     app_ble_pem3.oem3 (.text:ti_sysbios_gates_GateHwi_Object__create__S)
                  0000c888    00000030     app_ble_pem3.oem3 (.text:ti_sysbios_gates_GateMutex_Object__create__S)
                  0000c8b8    00000030     sysbios.aem3 : BIOS.obj (.text:ti_sysbios_gates_GateMutex_enter__E)
                  0000c8e8    00000030     app_ble_pem3.oem3 (.text:ti_sysbios_knl_Semaphore_construct)
                  0000c918    00000030     sysbios.aem3 : BIOS.obj (.text:ti_sysbios_knl_Task_processVitalTaskFlag__I)
                  0000c948    00000030     app_ble_pem3.oem3 (.text:xdc_runtime_HeapMin_Object__create__S)
                  0000c978    00000030     sysbios.aem3 : BIOS.obj (.text:xdc_runtime_HeapMin_free__E)
                  0000c9a8    00000030                  : BIOS.obj (.text:xdc_runtime_System_processAtExit__E)
                  0000c9d8    0000002e     icall_cc2650.obj (.text:ICallPlatform_pwrDispenseImpl$25)
                  0000ca06    0000002e     icall_cc2650.obj (.text:ICallPlatform_pwrRequireImpl$25)
                  0000ca34    0000002e     simplekeys.obj (.text:SK_writeAttrCB$52)
                  0000ca62    0000002e     SensorOpt3001.obj (.text:SensorOpt3001_enable)
                  0000ca90    0000002e     app_ble_pem3.oem3 (.text:malloc)
                  0000cabe    0000002e     sysbios.aem3 : BIOS.obj (.text:ti_sysbios_family_arm_m3_TaskSupport_start__E)
                  0000caec    0000002e                  : BIOS.obj (.text:ti_sysbios_hal_Hwi_initStack)
                  0000cb1a    00000002                  : BIOS.obj (.text:xdc_runtime_System_abortSpin__E)
                  0000cb1c    0000002c     ExtFlash.obj (.text:ExtFlash_writeEnable$28)
                  0000cb48    0000002c     icall.obj (.text:ICall_heapFree)
                  0000cb74    0000002c     oad.obj (.text:ICall_malloc$47)
                  0000cba0    0000002c     icall.obj (.text:ICall_msgEnqueue$24)
                  0000cbcc    0000002c     icall.obj (.text:ICall_primAllocMsg$24)
                  0000cbf8    0000002c     icall_api.obj (.text:ICall_sendServiceMsg$27)
                  0000cc24    0000002c     PINCC26XX.obj (.text:PINCC26XX_setMux)
                  0000cc50    0000002c     PINCC26XX.obj (.text:PIN_setConfig)
                  0000cc7c    0000002c     SensorI2C.obj (.text:SensorI2C_writeReg)
                  0000cca8    0000002c     sensortag_mov.obj (.text:SensorTagMov_reset)
                  0000ccd4    0000002c     rtsv7M3_T_le_eabi.lib : fopen.c.obj (.text:__TI_cleanup)
                  0000cd00    0000002c     RFCC26XX_singleMode.obj (.text:getCmd$19)
                  0000cd2c    0000002c     icall_api.obj (.text:matchProfileAddServiceCS$27)
                  0000cd58    0000002c     sysbios.aem3 : BIOS.obj (.text:ti_sysbios_knl_Clock_getTicksUntilInterrupt__E)
                  0000cd84    0000002c     app_ble_pem3.oem3 (.text:ti_sysbios_knl_Queue_construct)
                  0000cdb0    0000002c     sysbios.aem3 : BIOS.obj (.text:ti_sysbios_knl_Semaphore_pendTimeout__I)
                  0000cddc    0000002c                  : BIOS.obj (.text:ti_sysbios_knl_Task_unblockI__E)
                  0000ce08    0000002c     st_util.obj (.text:utilExtractUuid16)
                  0000ce34    0000002a     icall_api.obj (.text:ICall_waitMatch$27)
                  0000ce5e    0000002a     icall_api.obj (.text:matchProfileCS$27)
                  0000ce88    00000028     ccservice.obj (.text:CcService_setParameter)
                  0000ceb0    00000028     driverlib.lib : aon_batmon.obj (.text:NOROM_AONBatMonTemperatureGetDegC)
                  0000ced8    00000028                   : rfc.obj (.text:NOROM_RFCDoorbellSendTo)
                  0000cf00    00000028     drivers_cc26xxware.aem3 : PowerCC26XX.oem3 (.text:PowerCC26XX_switchXOSC_HF)
                  0000cf28    00000028                             : PowerCC26XX.oem3 (.text:Power_registerNotify)
                  0000cf50    00000028     simplekeys.obj (.text:SK_SetParameter)
                  0000cf78    00000028     SPICC26XXDMA.obj (.text:SPICC26XXDMA_flushFifos$21)
                  0000cfa0    00000028     driverlib.lib : adi.obj (.text:SafeHapiVoid)
                  0000cfc8    00000028     SensorBmp280.obj (.text:SensorBmp280_enable)
                  0000cff0    00000028     sensortag_batt.obj (.text:SensorTagBatt_reset)
                  0000d018    00000028     sensortag_buzzer.obj (.text:SensorTagBuzzer_close)
                  0000d040    00000028     sensortag_conn_ctrl.obj (.text:SensorTagConnControl_paramUpdateCB)
                  0000d068    00000028     sensortag_tmp.obj (.text:SensorTagTmp_reset)
                  0000d090    00000028     sensortag.obj (.text:SensorTag_resetAllModules$0)
                  0000d0b8    00000028     TRNGCC26XX.obj (.text:TRNGCC26XX_init)
                  0000d0e0    00000028     RFCC26XX_singleMode.obj (.text:clkPowerUpFxn$19)
                  0000d108    00000028     sysbios.aem3 : BIOS.obj (.text:ti_sysbios_knl_Clock_addI__E)
                  0000d130    00000028                  : BIOS.obj (.text:ti_sysbios_knl_Task_restore__E)
                  0000d158    00000028     rtsv7M3_T_le_eabi.lib : unlink.c.obj (.text:unlink)
                  0000d180    00000028                           : write.c.obj (.text:write)
                  0000d1a8    00000026     drivers_cc26xxware.aem3 : List.oem3 (.text:List_put)
                  0000d1ce    00000026     sysbios.aem3 : BIOS.obj (.text:ti_sysbios_hal_Hwi_Instance_init__E)
                  0000d1f4    00000024     barometerservice.obj (.text:Barometer_getParameter)
                  0000d218    00000024     I2C.obj (.text:I2C_open)
                  0000d23c    00000024     icall_api.obj (.text:ICall_getLocalMsgEntityId$27)
                  0000d260    00000024     sensortag_hum.obj (.text:SensorTagHum_reset)
                  0000d284    00000024     drivers_cc26xxware.aem3 : PowerCC26XX_calibrateRCOSC.oem3 (.text:getTdcSemaphore)
                  0000d2a8    00000024     RFCC26XX_singleMode.obj (.text:hwiFxnCpe0PowerFsm$19)
                  0000d2cc    00000024     rtsv7M3_T_le_eabi.lib : memcmp.c.obj (.text:memcmp)
                  0000d2f0    00000024     app_ble_pem3.oem3 (.text:ti_sysbios_BIOS_registerRTSLock__I)
                  0000d314    00000024     app_ble_pem3.oem3 (.text:ti_sysbios_BIOS_removeRTSLock__I)
                  0000d338    00000024     sysbios.aem3 : BIOS.obj (.text:ti_sysbios_family_arm_cc26xx_Timer_Module_startup__E)
                  0000d35c    00000024                  : BIOS.obj (.text:ti_sysbios_family_arm_cc26xx_Timer_getMaxTicks__E)
                  0000d380    00000024                  : BIOS.obj (.text:ti_sysbios_family_arm_cc26xx_Timer_startup__E)
                  0000d3a4    00000024                  : BIOS.obj (.text:ti_sysbios_knl_Semaphore_Instance_init__E)
                  0000d3c8    00000024                  : BIOS.obj (.text:ti_sysbios_knl_Swi_Module_startup__E)
                  0000d3ec    00000022                  : BIOS.obj (.text:ti_sysbios_family_arm_cc26xx_Timer_postInit__I)
                  0000d40e    00000002                  : BIOS.obj (.text:xdc_runtime_System_exitSpin__E)
                  0000d410    00000020     gattservapp_util.obj (.text:GATTServApp_InitCharCfg)
                  0000d430    00000020     humidityservice.obj (.text:Humidity_getParameter)
                  0000d450    00000020     icall_api.obj (.text:ICall_allocMsg$27)
                  0000d470    00000020     icall_api.obj (.text:ICall_getEntityId$27)
                  0000d490    00000020     icall.obj (.text:ICall_primService$24)
                  0000d4b0    00000020     irtempservice.obj (.text:IRTemp_getParameter)
                  0000d4d0    00000020     opticservice.obj (.text:Optic_getParameter)
                  0000d4f0    00000020     drivers_cc26xxware.aem3 : PowerCC26XX.oem3 (.text:Power_unregisterNotify)
                  0000d510    00000020     sensortag_mov.obj (.text:SensorTagMov_processInterrupt$9)
                  0000d530    00000020     sensortag_opt.obj (.text:SensorTagOpt_clockHandler$11)
                  0000d550    00000020     battservice.obj (.text:battMeasure$38)
                  0000d570    00000020     gattservapp_util.obj (.text:gattServApp_FindCharCfgItem$42)
                  0000d590    00000020     sensortag_mov.obj (.text:initCharacteristicValue$9)
                  0000d5b0    00000020     app_ble_pem3.oem3 (.text:ti_sysbios_BIOS_rtsLock__I)
                  0000d5d0    00000020     sysbios.aem3 : BIOS.obj (.text:ti_sysbios_family_arm_cc26xx_Timer_dynamicStub__E)
                  0000d5f0    00000020                  : m3_Hwi_asm.obj (.text:ti_sysbios_family_arm_m3_Hwi_excHandlerAsm__I)
                  0000d610    00000020                  : BIOS.obj (.text:ti_sysbios_family_arm_m3_Hwi_excHandler__I)
                  0000d630    00000020                  : BIOS.obj (.text:ti_sysbios_knl_Clock_Module_startup__E)
                  0000d650    00000020                  : BIOS.obj (.text:ti_sysbios_knl_Clock_getTicks__E)
                  0000d670    00000020                  : BIOS.obj (.text:ti_sysbios_knl_Clock_stop__E)
                  0000d690    00000020                  : BIOS.obj (.text:ti_sysbios_knl_Idle_run__E)
                  0000d6b0    00000020     app_ble_pem3.oem3 (.text:ti_sysbios_knl_Semaphore_Object__destruct__S)
                  0000d6d0    00000020     sysbios.aem3 : BIOS.obj (.text:ti_sysbios_knl_Task_restoreHwi__E)
                  0000d6f0    00000020                  : BIOS.obj (.text:xdc_runtime_SysStd_abort__E)
                  0000d710    0000001e     icall.obj (.text:ICall_primSendServiceMsg$24)
                  0000d72e    0000001e     PINCC26XX.obj (.text:PIN_close)
                  0000d74c    0000001e     drivers_cc26xxware.aem3 : PowerCC26XX.oem3 (.text:Power_getTransitionLatency)
                  0000d76a    0000001e     sysbios.aem3 : m3_Hwi_asm_switch.obj (.text:ti_sysbios_family_xxx_Hwi_switchAndRunFunc)
                  0000d788    0000001c     icall_api.obj (.text:GATT_bm_alloc)
                  0000d7a4    0000001c     icall_api.obj (.text:GATT_bm_free)
                  0000d7c0    0000001c     driverlib.lib : osc.obj (.text:NOROM_OSCClockSourceGet)
                  0000d7dc    0000001c     PINCC26XX.obj (.text:PINCC26XX_setIoCfgMux$18)
                  0000d7f8    0000001c     PINCC26XX.obj (.text:PIN_hwi$18)
                  0000d814    0000001c     RFCC26XX_singleMode.obj (.text:RF_runDirectCmd)
                  0000d830    0000001c     RFCC26XX_singleMode.obj (.text:RF_runImmediateCmd)
                  0000d84c    0000001c     TRNGCC26XX.obj (.text:TRNGCC26XX_open)
                  0000d868    0000001c     icall_api.obj (.text:getStatusValueFromErrNo$27)
                  0000d884    0000001c     TRNGCC26XX.obj (.text:openTRNG)
                  0000d8a0    0000001c     app_ble_pem3.oem3 (.text:ti_sysbios_family_arm_m3_Hwi_Object__destruct__S)
                  0000d8bc    0000001c     sysbios.aem3 : BIOS.obj (.text:ti_sysbios_family_arm_m3_Hwi_setPriority__E)
                  0000d8d8    0000001c                  : BIOS.obj (.text:ti_sysbios_gates_GateMutex_Instance_init__E)
                  0000d8f4    0000001c     app_ble_pem3.oem3 (.text:ti_sysbios_hal_Hwi_HwiProxy_create)
                  0000d910    0000001c     sysbios.aem3 : BIOS.obj (.text:ti_sysbios_knl_Clock_scheduleNextTick__E)
                  0000d92c    0000001c     app_ble_pem3.oem3 (.text:ti_sysbios_knl_Queue_Object__destruct__S)
                  0000d948    0000001c     sysbios.aem3 : BIOS.obj (.text:ti_sysbios_knl_Queue_get__E)
                  0000d964    0000001c                  : BIOS.obj (.text:ti_sysbios_knl_Queue_put__E)
                  0000d980    0000001c     app_ble_pem3.oem3 (.text:ti_sysbios_knl_Swi_Object__destruct__S)
                  0000d99c    0000001c     sysbios.aem3 : BIOS.obj (.text:ti_sysbios_knl_Task_enter__I)
                  0000d9b8    0000001c                  : BIOS.obj (.text:xdc_runtime_Error_check__E)
                  0000d9d4    0000001c                  : BIOS.obj (.text:xdc_runtime_Error_raiseX__E)
                  0000d9f0    0000001c                  : BIOS.obj (.text:xdc_runtime_Memory_valloc__E)
                  0000da0c    0000001c                  : BIOS.obj (.text:xdc_runtime_System_abort__E)
                  0000da28    0000001a     icall_api.obj (.text:GATT_Notification)
                  0000da42    0000001a     icall.obj (.text:ICall_enterCSImpl)
                  0000da5c    0000001a     icall.obj (.text:ICall_primSetTimerMSecs$24)
                  0000da76    0000001a     drivers_cc26xxware.aem3 : List.oem3 (.text:List_remove)
                  0000da90    0000001a     icall_api.obj (.text:matchGattIndNotiCS$27)
                  0000daaa    0000001a     sysbios.aem3 : m3_Hwi_asm.obj (.text:ti_sysbios_family_arm_m3_Hwi_pendSV__I)
                  0000dac4    0000001a                  : BIOS.obj (.text:ti_sysbios_knl_Task_sleepTimeout__I)
                  0000dade    00000002     --HOLE-- [fill = 0]
                  0000dae0    00000018     I2C.obj (.text:I2C_Params_init)
                  0000daf8    00000018     icall_cc2650.obj (.text:ICallPlatform_pwrDispense)
                  0000db10    00000018     icall_cc2650.obj (.text:ICallPlatform_pwrRequire)
                  0000db28    00000018     util.obj (.text:ICall_free$14)
                  0000db40    00000018     oad.obj (.text:ICall_free$47)
                  0000db58    00000018     icall_api.obj (.text:ICall_freeMsg$27)
                  0000db70    00000018     icall.obj (.text:ICall_primMalloc$24)
                  0000db88    00000018     driverlib.lib : aon_rtc.obj (.text:NOROM_AONRTCCurrentCompareValueGet)
                  0000dba0    00000018                   : chipinfo.obj (.text:NOROM_ChipInfo_GetPackageType)
                  0000dbb8    00000018                   : osc.obj (.text:NOROM_OSCHF_TurnOnXosc)
                  0000dbd0    00000018                   : rfc.obj (.text:NOROM_RFCCpeIntGetAndClear)
                  0000dbe8    00000018     oad_target_external_flash.obj (.text:OADTarget_open)
                  0000dc00    00000018     drivers_cc26xxware.aem3 : PowerCC26XX.oem3 (.text:Power_idleFunc)
                  0000dc18    00000018     RFCC26XX_singleMode.obj (.text:Q_pop$19)
                  0000dc30    00000018     sensortag_batt.obj (.text:SensorTagBatt_clockHandler$2)
                  0000dc48    00000018     sensortag_mov.obj (.text:SensorTagMov_clockHandler$9)
                  0000dc60    00000018     sensortag.obj (.text:SensorTag_clockHandler$0)
                  0000dc78    00000018     sensortag.obj (.text:SensorTag_updateAdvertisingData)
                  0000dc90    00000018     rtsv7M3_T_le_eabi.lib : args_main.c.obj (.text:_args_main)
                  0000dca8    00000018     drivers_cc26xxware.aem3 : PowerCC26XX.oem3 (.text:configureRFCoreClocks)
                  0000dcc0    00000018     app_ble_pem3.oem3 (.text:free)
                  0000dcd8    00000018     peripheral.obj (.text:gapRole_setEvent$50)
                  0000dcf0    00000018     sensortag_opt.obj (.text:initCharacteristicValue$11)
                  0000dd08    00000018     sensortag_tmp.obj (.text:initCharacteristicValue$13)
                  0000dd20    00000018     sensortag_bar.obj (.text:initCharacteristicValue$1)
                  0000dd38    00000018     sensortag_hum.obj (.text:initCharacteristicValue$6)
                  0000dd50    00000018     rtsv7M3_T_le_eabi.lib : ll_mul_t2.asm.obj (.text)
                  0000dd68    00000018                           : strcmp.c.obj (.text:strcmp)
                  0000dd80    00000018     RFCC26XX_singleMode.obj (.text:swiFxnFsm$19)
                  0000dd98    00000018     app_ble_pem3.oem3 (.text:ti_sysbios_BIOS_rtsUnlock__I)
                  0000ddb0    00000018     app_ble_pem3.oem3 (.text:ti_sysbios_family_arm_cc26xx_Timer_Module__startupDone__F)
                  0000ddc8    00000018     app_ble_pem3.oem3 (.text:ti_sysbios_family_arm_m3_Hwi_Module__startupDone__F)
                  0000dde0    00000018     sysbios.aem3 : BIOS.obj (.text:ti_sysbios_family_arm_m3_Hwi_plug__E)
                  0000ddf8    00000018                  : BIOS.obj (.text:ti_sysbios_gates_GateMutex_leave__E)
                  0000de10    00000018                  : BIOS.obj (.text:ti_sysbios_knl_Swi_or__E)
                  0000de28    00000018                  : BIOS.obj (.text:ti_sysbios_knl_Task_unblock__E)
                  0000de40    00000018                  : BIOS.obj (.text:xdc_runtime_Core_destructObject__I)
                  0000de58    00000018                  : BIOS.obj (.text:xdc_runtime_System_exit__E)
                  0000de70    00000016     main.obj (.text:AssertHandler)
                  0000de86    00000016     icall.obj (.text:ICall_leaveCSImpl)
                  0000de9c    00000016     icall.obj (.text:ICall_primStopTimer$24)
                  0000deb2    00000016     ble_user_config.obj (.text:driverTable_fnSpinlock)
                  0000dec8    00000016     rtsv7M3_T_le_eabi.lib : strchr.c.obj (.text:strchr)
                  0000dede    00000016     app_ble_pem3.oem3 (.text:ti_sysbios_BIOS_exitFunc__I)
                  0000def4    00000016     sysbios.aem3 : BIOS.obj (.text:ti_sysbios_knl_Clock_start__E)
                  0000df0a    00000002     --HOLE-- [fill = 0]
                  0000df0c    00000014     ioservice.obj (.text:Io_getParameter)
                  0000df20    00000014     driverlib.lib : aon_rtc.obj (.text:NOROM_AONRTCCurrent64BitValueGet)
                  0000df34    00000014     oad_target_external_flash.obj (.text:OADTarget_close)
                  0000df48    00000014     PINCC26XX.obj (.text:PINCC26XX_getInputValue$18)
                  0000df5c    00000014     PINCC26XX.obj (.text:PINCC26XX_getOutputValue$18)
                  0000df70    00000014     SensorMpu9250.obj (.text:SensorMpu9250_Callback$32)
                  0000df84    00000014     SensorMpu9250.obj (.text:SensorMpu9250_powerIsOn)
                  0000df98    00000014     sensortag_keys.obj (.text:SensorTagKeys_reset)
                  0000dfac    00000014     SensorUtil.obj (.text:SensorUtil_convertToLe)
                  0000dfc0    00000014     icall_api.obj (.text:setICallCmdEvtHdr$27)
                  0000dfd4    00000014     rtsv7M3_T_le_eabi.lib : strlen.c.obj (.text:strlen)
                  0000dfe8    00000014     app_ble_pem3.oem3 (.text:ti_sysbios_family_arm_m3_Hwi_Object__get__S)
                  0000dffc    00000014     sysbios.aem3 : BIOS.obj (.text:ti_sysbios_family_arm_m3_Hwi_switchFromBootStack__E)
                  0000e010    00000014     app_ble_pem3.oem3 (.text:ti_sysbios_knl_Clock_doTick__I)
                  0000e024    00000014     app_ble_pem3.oem3 (.text:ti_sysbios_knl_Swi_Object__get__S)
                  0000e038    00000012     gattservapp_util.obj (.text:GATTServApp_FindAttr)
                  0000e04a    00000012     RFCC26XX_singleMode.obj (.text:RF_getCmdOp)
                  0000e05c    00000012     rtsv7M3_T_le_eabi.lib : strcpy.c.obj (.text:strcpy)
                  0000e06e    00000012     sysbios.aem3 : BIOS.obj (.text:ti_sysbios_hal_Hwi_Module_startup__E)
                  0000e080    00000012     app_ble_pem3.oem3 (.text:xdc_runtime_Startup_exec__I)
                  0000e092    00000002     --HOLE-- [fill = 0]
                  0000e094    00000010     icall_api.obj (.text:GAP_EndDiscoverable)
                  0000e0a4    00000010     gattservapp_util.obj (.text:GATTServApp_ReadCharCfg)
                  0000e0b4    00000010     icall_cc2650.obj (.text:ICallPlatform_pwrGetXOSCStartupTime)
                  0000e0c4    00000010     icall.obj (.text:ICall_primGetTickPeriod$24)
                  0000e0d4    00000010     icall.obj (.text:ICall_taskEntry$24)
                  0000e0e4    00000010     util.obj (.text:Util_isActive)
                  0000e0f4    00000010     ExtFlash.obj (.text:extFlashDeselect$28)
                  0000e104    00000010     ExtFlash.obj (.text:extFlashSelect$28)
                  0000e114    00000010     I2CCC26XX.obj (.text:i2cPostNotify$17)
                  0000e124    00000010     sysbios.aem3 : BIOS.obj (.text:ti_sysbios_BIOS_exit__E)
                  0000e134    00000010                  : BIOS.obj (.text:ti_sysbios_BIOS_getCpuFreq__E)
                  0000e144    00000010                  : BIOS.obj (.text:ti_sysbios_BIOS_setThreadType__E)
                  0000e154    00000010                  : BIOS.obj (.text:ti_sysbios_BIOS_start__E)
                  0000e164    00000010                  : BIOS.obj (.text:ti_sysbios_family_arm_m3_Hwi_post__E)
                  0000e174    00000010                  : m3_TaskSupport_asm.obj (.text:ti_sysbios_family_arm_m3_TaskSupport_glue)
                  0000e184    00000010                  : m3_TaskSupport_asm.obj (.text:ti_sysbios_family_arm_m3_TaskSupport_swap__E)
                  0000e194    00000010     app_ble_pem3.oem3 (.text:ti_sysbios_hal_Hwi_HwiProxy_Object__create__S)
                  0000e1a4    00000010     sysbios.aem3 : BIOS.obj (.text:ti_sysbios_knl_Semaphore_Instance_finalize__E)
                  0000e1b4    00000010                  : BIOS.obj (.text:ti_sysbios_knl_Swi_disable__E)
                  0000e1c4    00000010                  : BIOS.obj (.text:ti_sysbios_knl_Swi_enabled__E)
                  0000e1d4    00000010     app_ble_pem3.oem3 (.text:ti_sysbios_knl_Task_Object__get__S)
                  0000e1e4    00000010     sysbios.aem3 : BIOS.obj (.text:ti_sysbios_knl_Task_disable__E)
                  0000e1f4    00000010                  : BIOS.obj (.text:xdc_runtime_Gate_leaveSystem__E)
                  0000e204    00000010                  : BIOS.obj (.text:xdc_runtime_Memory_free__E)
                  0000e214    0000000e     icall_cc2650.obj (.text:ICallPlatform_pwrGetTransitionState)
                  0000e222    0000000e     icall_cc2650.obj (.text:ICallPlatform_pwrIsStableXOSCHF)
                  0000e230    0000000e     icall.obj (.text:ICall_primDisableMInt$24)
                  0000e23e    0000000e     icall.obj (.text:ICall_primEnableMInt$24)
                  0000e24c    0000000e     icall.obj (.text:ICall_primFreeMsg$24)
                  0000e25a    0000000e     icall.obj (.text:ICall_primGetTicks$24)
                  0000e268    0000000e     driverlib.lib : vims.obj (.text:NOROM_VIMSModeGet)
                  0000e276    0000000e     SPICC26XXDMA.obj (.text:SPICC26XXDMA_init)
                  0000e284    0000000e     SensorI2C.obj (.text:SensorI2C_readReg)
                  0000e292    0000000e     util.obj (.text:Util_constructQueue)
                  0000e2a0    0000000e     rtsv7M3_T_le_eabi.lib : copy_decompress_none.c.obj (.text:decompress:none:__TI_decompress_none)
                  0000e2ae    0000000e     icall_api.obj (.text:matchGSARegisterServiceCS$27)
                  0000e2bc    0000000e     icall_api.obj (.text:matchGapLinkEstCS$27)
                  0000e2ca    0000000e     icall_api.obj (.text:matchLinkDBNumConnsCS$27)
                  0000e2d8    0000000e     icall_api.obj (.text:setDispatchCmdEvtHdr$27)
                  0000e2e6    0000000e     sysbios.aem3 : BIOS.obj (.text:ti_sysbios_knl_Queue_empty__E)
                  0000e2f4    0000000e                  : BIOS.obj (.text:ti_sysbios_knl_Queue_remove__E)
                  0000e302    0000000e                  : BIOS.obj (.text:xdc_runtime_HeapMin_Instance_init__E)
                  0000e310    0000000c     RFCC26XX_singleMode.obj (.text:FsmNextState$19)
                  0000e31c    0000000c     icall.obj (.text:ICall_clockFunc$24)
                  0000e328    0000000c     icall.obj (.text:ICall_primDisableInt$24)
                  0000e334    0000000c     icall.obj (.text:ICall_primEnableInt$24)
                  0000e340    0000000c     icall.obj (.text:ICall_primFree$24)
                  0000e34c    0000000c     icall.obj (.text:ICall_primSignal$24)
                  0000e358    0000000c     driverlib.lib : cpu.obj (.text:NOROM_CPUcpsid)
                  0000e364    0000000c                   : cpu.obj (.text:NOROM_CPUcpsie)
                  0000e370    0000000c     drivers_cc26xxware.aem3 : PowerCC26XX.oem3 (.text:Power_getConstraintMask)
                  0000e37c    0000000c                             : PowerCC26XX.oem3 (.text:Power_getDependencyCount)
                  0000e388    0000000c                             : PowerCC26XX.oem3 (.text:Power_getTransitionState)
                  0000e394    0000000c     SensorI2C.obj (.text:SensorI2C_deselect)
                  0000e3a0    0000000c     sensortag.obj (.text:SensorTag_testResult)
                  0000e3ac    0000000c     rtsv7M3_T_le_eabi.lib : _lock.c.obj (.text:_register_lock)
                  0000e3b8    0000000c                           : _lock.c.obj (.text:_register_unlock)
                  0000e3c4    0000000c                           : copy_zero_init.c.obj (.text:decompress:ZI:__TI_zero_init)
                  0000e3d0    0000000c     icall_api.obj (.text:matchProfileSetParamCS$27)
                  0000e3dc    0000000c     rtsv7M3_T_le_eabi.lib : fputc.c.obj (.text:putchar)
                  0000e3e8    0000000c     SPICC26XXDMA.obj (.text:spiPostNotify$21)
                  0000e3f4    0000000c     sysbios.aem3 : BIOS.obj (.text:ti_sysbios_BIOS_getThreadType__E)
                  0000e400    0000000c     app_ble_pem3.oem3 (.text:ti_sysbios_family_arm_m3_Hwi_Params__init__S)
                  0000e40c    0000000c     sysbios.aem3 : BIOS.obj (.text:ti_sysbios_family_arm_m3_Hwi_disableFxn__E)
                  0000e418    0000000c                  : BIOS.obj (.text:ti_sysbios_family_arm_m3_Hwi_enableFxn__E)
                  0000e424    0000000c                  : BIOS.obj (.text:ti_sysbios_family_arm_m3_TaskSupport_getStackAlignment__E)
                  0000e430    0000000c                  : BIOS.obj (.text:ti_sysbios_gates_GateHwi_enter__E)
                  0000e43c    0000000c     app_ble_pem3.oem3 (.text:ti_sysbios_hal_Hwi_Params__init__S)
                  0000e448    0000000c     app_ble_pem3.oem3 (.text:ti_sysbios_knl_Clock_Params__init__S)
                  0000e454    0000000c     app_ble_pem3.oem3 (.text:ti_sysbios_knl_Queue_Object__get__S)
                  0000e460    0000000c     sysbios.aem3 : BIOS.obj (.text:ti_sysbios_knl_Queue_dequeue__E)
                  0000e46c    0000000c                  : BIOS.obj (.text:ti_sysbios_knl_Queue_enqueue__E)
                  0000e478    0000000c     app_ble_pem3.oem3 (.text:ti_sysbios_knl_Semaphore_Params__init__S)
                  0000e484    0000000c     app_ble_pem3.oem3 (.text:ti_sysbios_knl_Swi_Params__init__S)
                  0000e490    0000000c     sysbios.aem3 : BIOS.obj (.text:ti_sysbios_knl_Swi_getTrigger__E)
                  0000e49c    0000000c     app_ble_pem3.oem3 (.text:ti_sysbios_knl_Task_Params__init__S)
                  0000e4a8    0000000c     sysbios.aem3 : BIOS.obj (.text:ti_sysbios_knl_Task_self__E)
                  0000e4b4    0000000c                  : BIOS.obj (.text:xdc_runtime_Error_init__E)
                  0000e4c0    0000000c                  : BIOS.obj (.text:xdc_runtime_Gate_enterSystem__E)
                  0000e4cc    0000000c                  : BIOS.obj (.text:xdc_runtime_HeapMin_getStats__E)
                  0000e4d8    0000000c                  : BIOS.obj (.text:xdc_runtime_Memory_calloc__E)
                  0000e4e4    0000000c                  : BIOS.obj (.text:xdc_runtime_Memory_getMaxDefaultTypeAlign__E)
                  0000e4f0    0000000c                  : BIOS.obj (.text:xdc_runtime_Startup_rtsDone__E)
                  0000e4fc    0000000c                  : BIOS.obj (.text:xdc_runtime_SysStd_exit__E)
                  0000e508    0000000a     I2CCC26XX.obj (.text:I2CCC26XX_init)
                  0000e512    0000000a     I2C.obj (.text:I2C_close)
                  0000e51c    0000000a     I2C.obj (.text:I2C_transfer)
                  0000e526    0000000a     icall_cc2650.obj (.text:ICallPlatform_pwrSwitchXOSCHF)
                  0000e530    0000000a     icall.obj (.text:ICall_primE2S$24)
                  0000e53a    0000000a     drivers_cc26xxware.aem3 : List.oem3 (.text:List_empty)
                  0000e544    0000000a     SPI.obj (.text:SPI_transfer)
                  0000e54e    0000000a     sensortag.obj (.text:SensorTag_charValueChangeCB)
                  0000e558    0000000a     sensortag.obj (.text:SensorTag_stateChangeCB$0)
                  0000e562    0000000a     UDMACC26XX.obj (.text:UDMACC26XX_hwiIntFxn)
                  0000e56c    0000000a     app_ble_pem3.oem3 (.text:xdc_runtime_IHeap_alloc)
                  0000e576    0000000a     app_ble_pem3.oem3 (.text:xdc_runtime_IHeap_free)
                  0000e580    00000008     I2CCC26XX.obj (.text:I2CCC26XX_blockingCallback$17)
                  0000e588    00000008     RFCC26XX_singleMode.obj (.text:RF_flushCmd)
                  0000e590    00000008     SPICC26XXDMA.obj (.text:SPICC26XXDMA_transferCallback$21)
                  0000e598    00000008     sensortag_conn_ctrl.obj (.text:ccChangeCB$4)
                  0000e5a0    00000008     sensortag_io.obj (.text:ioChangeCB$7)
                  0000e5a8    00000008     sensortag_register.obj (.text:registerChangeCB$12)
                  0000e5b0    00000008     sensortag_mov.obj (.text:sensorChangeCB$9)
                  0000e5b8    00000008     sensortag_opt.obj (.text:sensorConfigChangeCB$11)
                  0000e5c0    00000008     sensortag_tmp.obj (.text:sensorConfigChangeCB$13)
                  0000e5c8    00000008     sensortag_bar.obj (.text:sensorConfigChangeCB$1)
                  0000e5d0    00000008     sensortag_batt.obj (.text:sensorConfigChangeCB$2)
                  0000e5d8    00000008     sensortag_hum.obj (.text:sensorConfigChangeCB$6)
                  0000e5e0    00000008     sysbios.aem3 : BIOS.obj (.text:ti_sysbios_family_arm_m3_Hwi_doSwiRestore__I)
                  0000e5e8    00000008                  : BIOS.obj (.text:ti_sysbios_family_arm_m3_Hwi_startup__E)
                  0000e5f0    00000008                  : BIOS.obj (.text:ti_sysbios_knl_Idle_loop__E)
                  0000e5f8    00000006     I2CCC26XX.obj (.text:I2CCC26XX_control)
                  0000e5fe    00000006     driverlib.lib : cpu.obj (.text:NOROM_CPUdelay)
                  0000e604    00000006     PINCC26XX.obj (.text:PIN_registerIntCb)
                  0000e60a    00000006     RFCC26XX_singleMode.obj (.text:clkInactivityFxn$19)
                  0000e610    00000006     icall_api.obj (.text:matchBondMgrSetParamCS$27)
                  0000e616    00000006     icall_api.obj (.text:matchGGSSetParamCS$27)
                  0000e61c    00000006     icall_api.obj (.text:matchGapConnParamUpdateReplyCS$27)
                  0000e622    00000006     icall_api.obj (.text:matchGapDeviceInitCS$27)
                  0000e628    00000006     icall_api.obj (.text:matchGapEndDiscoverableCS$27)
                  0000e62e    00000006     icall_api.obj (.text:matchGapGetParamCS$27)
                  0000e634    00000006     icall_api.obj (.text:matchGapMakeDiscoverableCS$27)
                  0000e63a    00000006     icall_api.obj (.text:matchGapSetParamCS$27)
                  0000e640    00000006     icall_api.obj (.text:matchGapTerminateAuthCS$27)
                  0000e646    00000006     icall_api.obj (.text:matchGapTerminateLinkReqCS$27)
                  0000e64c    00000006     icall_api.obj (.text:matchGapUpdateAdvDataCS$27)
                  0000e652    00000006     icall_api.obj (.text:matchGapUpdateLinkParamReqCS$27)
                  0000e658    00000006     icall_api.obj (.text:matchUtilNvReadCS$27)
                  0000e65e    00000006     icall_api.obj (.text:matchUtilNvWriteCS$27)
                  0000e664    00000006     sysbios.aem3 : BIOS.obj (.text:ti_sysbios_family_arm_m3_Hwi_doTaskRestore__I)
                  0000e66a    00000006                  : BIOS.obj (.text:ti_sysbios_family_arm_m3_Hwi_restoreFxn__E)
                  0000e670    00000006                  : BIOS.obj (.text:ti_sysbios_family_arm_m3_Hwi_setFunc__E)
                  0000e676    00000006                  : BIOS.obj (.text:ti_sysbios_gates_GateHwi_leave__E)
                  0000e67c    00000006                  : BIOS.obj (.text:ti_sysbios_knl_Queue_Instance_init__E)
                  0000e682    00000006                  : BIOS.obj (.text:ti_sysbios_knl_Queue_elemClear__E)
                  0000e688    00000006                  : BIOS.obj (.text:ti_sysbios_knl_Swi_startup__E)
                  0000e68e    00000006                  : BIOS.obj (.text:ti_sysbios_knl_Task_enable__E)
                  0000e694    00000006                  : BIOS.obj (.text:xdc_runtime_System_Module_startup__E)
                  0000e69a    00000004     tirtosport.aem3 : HwiP_tirtos.oem3 (.text:HwiP_disable)
                  0000e69e    00000004     icall.obj (.text:ICall_primAbort$24)
                  0000e6a2    00000004     drivers_cc26xxware.aem3 : List.oem3 (.text:List_head)
                  0000e6a6    00000004                             : List.oem3 (.text:List_next)
                  0000e6aa    00000004     RFCC26XX_singleMode.obj (.text:Q_peek$19)
                  0000e6ae    00000004     util.obj (.text:Util_startClock)
                  0000e6b2    00000004     util.obj (.text:Util_stopClock)
                  0000e6b6    00000004     rtsv7M3_T_le_eabi.lib : exit.c.obj (.text:abort:abort)
                  0000e6ba    00000004     drivers_cc26xxware.aem3 : PowerCC26XX.oem3 (.text:nopResourceHandler)
                  0000e6be    00000004     app_ble_pem3.oem3 (.text:ti_sysbios_BIOS_RtsGateProxy_enter__E)
                  0000e6c2    00000004     app_ble_pem3.oem3 (.text:ti_sysbios_BIOS_RtsGateProxy_leave__E)
                  0000e6c6    00000004     sysbios.aem3 : BIOS.obj (.text:ti_sysbios_family_arm_cc26xx_Timer_getCount64__E)
                  0000e6ca    00000004                  : BIOS.obj (.text:ti_sysbios_family_arm_cc26xx_Timer_setPeriod__E)
                  0000e6ce    00000004     app_ble_pem3.oem3 (.text:ti_sysbios_family_arm_m3_Hwi_destruct)
                  0000e6d2    00000004     app_ble_pem3.oem3 (.text:ti_sysbios_family_arm_m3_TaskSupport_Module__startupDone__S)
                  0000e6d6    00000004     sysbios.aem3 : BIOS.obj (.text:ti_sysbios_gates_GateHwi_query__E)
                  0000e6da    00000004                  : BIOS.obj (.text:ti_sysbios_gates_GateMutex_query__E)
                  0000e6de    00000004     app_ble_pem3.oem3 (.text:ti_sysbios_knl_Clock_TimerProxy_getCurrentTick__E)
                  0000e6e2    00000004     app_ble_pem3.oem3 (.text:ti_sysbios_knl_Clock_TimerProxy_getMaxTicks__E)
                  0000e6e6    00000004     app_ble_pem3.oem3 (.text:ti_sysbios_knl_Clock_TimerProxy_setNextTick__E)
                  0000e6ea    00000004     sysbios.aem3 : BIOS.obj (.text:ti_sysbios_knl_Clock_isActive__E)
                  0000e6ee    00000004                  : BIOS.obj (.text:ti_sysbios_knl_Clock_removeI__E)
                  0000e6f2    00000004                  : BIOS.obj (.text:ti_sysbios_knl_Clock_setPeriod__E)
                  0000e6f6    00000004                  : BIOS.obj (.text:ti_sysbios_knl_Clock_setTimeout__E)
                  0000e6fa    00000004     app_ble_pem3.oem3 (.text:ti_sysbios_knl_Queue_destruct)
                  0000e6fe    00000004     sysbios.aem3 : BIOS.obj (.text:ti_sysbios_knl_Queue_head__E)
                  0000e702    00000004                  : BIOS.obj (.text:ti_sysbios_knl_Queue_insert__E)
                  0000e706    00000004                  : BIOS.obj (.text:ti_sysbios_knl_Queue_next__E)
                  0000e70a    00000004     app_ble_pem3.oem3 (.text:ti_sysbios_knl_Semaphore_destruct)
                  0000e70e    00000004     app_ble_pem3.oem3 (.text:ti_sysbios_knl_Swi_destruct)
                  0000e712    00000004     sysbios.aem3 : BIOS.obj (.text:ti_sysbios_knl_Swi_postInit__I)
                  0000e716    00000004                  : BIOS.obj (.text:ti_sysbios_knl_Task_startup__E)
                  0000e71a    00000004                  : BIOS.obj (.text:xdc_runtime_HeapMin_isBlocking__E)
                  0000e71e    00000004     app_ble_pem3.oem3 (.text:xdc_runtime_System_Module_GateProxy_enter__E)
                  0000e722    00000004     app_ble_pem3.oem3 (.text:xdc_runtime_System_Module_GateProxy_leave__E)

.const     0    0000e728    00000b7c     
                  0000e728    000000cc     icall.obj (.const:$O20$$)
                  0000e7f4    00000068     board.obj (.const:BoardGpioInitTable)
                  0000e85c    0000004c     oad.obj (.const:$O39$$)
                  0000e8a8    0000004c     drivers_cc26xxware.aem3 : PowerCC26XX.oem3 (.const:resourceDB)
                  0000e8f4    0000004c     ble_user_config.obj (.const:rfDriverTable)
                  0000e940    0000003c     sensortag.obj (.const:$O2$$)
                  0000e97c    0000003c     app_ble_pem3.oem3 (.const:ti_sysbios_knl_Task_Object__PARAMS__C)
                  0000e9b8    00000038     SPICC26XXDMA.obj (.const:$O18$$)
                  0000e9f0    00000038     board.obj (.const:spiCC26XXDMAHWAttrs)
                  0000ea28    00000030     app_ble_pem3.oem3 (.const:ti_sysbios_family_arm_m3_Hwi_Object__PARAMS__C)
                  0000ea58    0000002c     gatt_uuid.obj (.const:$O33$$)
                  0000ea84    0000002c     app_ble_pem3.oem3 (.const:ti_sysbios_hal_Hwi_Object__PARAMS__C)
                  0000eab0    00000028     app_ble_pem3.oem3 (.const:ti_sysbios_knl_Swi_Object__PARAMS__C)
                  0000ead8    00000028     app_ble_pem3.oem3 (.const:xdc_runtime_HeapMin_Module__FXNS__C)
                  0000eb00    00000027     ble_user_config.obj (.const:txPowerTable)
                  0000eb27    00000001     app_ble_pem3.oem3 (.const:xdc_runtime_Error_policy__C)
                  0000eb28    00000024     board.obj (.const:SPI_config)
                  0000eb4c    00000024     app_ble_pem3.oem3 (.const:ti_sysbios_gates_GateHwi_Module__FXNS__C)
                  0000eb70    00000024     app_ble_pem3.oem3 (.const:ti_sysbios_gates_GateMutex_Module__FXNS__C)
                  0000eb94    00000024     app_ble_pem3.oem3 (.const:ti_sysbios_knl_Clock_Object__PARAMS__C)
                  0000ebb8    00000024     app_ble_pem3.oem3 (.const:ti_sysbios_knl_Semaphore_Object__PARAMS__C)
                  0000ebdc    00000020     SPI.obj (.const:SPI_defaultParams)
                  0000ebfc    00000020     app_ble_pem3.oem3 (.const:ti_sysbios_family_arm_m3_Hwi_Object__DESC__C)
                  0000ec1c    00000020     app_ble_pem3.oem3 (.const:ti_sysbios_gates_GateHwi_Object__DESC__C)
                  0000ec3c    00000020     app_ble_pem3.oem3 (.const:ti_sysbios_gates_GateMutex_Object__DESC__C)
                  0000ec5c    00000020     app_ble_pem3.oem3 (.const:ti_sysbios_hal_Hwi_Object__DESC__C)
                  0000ec7c    00000020     app_ble_pem3.oem3 (.const:ti_sysbios_knl_Clock_Object__DESC__C)
                  0000ec9c    00000020     app_ble_pem3.oem3 (.const:ti_sysbios_knl_Queue_Object__DESC__C)
                  0000ecbc    00000020     app_ble_pem3.oem3 (.const:ti_sysbios_knl_Semaphore_Object__DESC__C)
                  0000ecdc    00000020     app_ble_pem3.oem3 (.const:ti_sysbios_knl_Swi_Object__DESC__C)
                  0000ecfc    00000020     app_ble_pem3.oem3 (.const:ti_sysbios_knl_Task_Object__DESC__C)
                  0000ed1c    00000020     app_ble_pem3.oem3 (.const:xdc_runtime_HeapMin_Object__DESC__C)
                  0000ed3c    00000020     app_ble_pem3.oem3 (.const:xdc_runtime_HeapMin_Object__PARAMS__C)
                  0000ed5c    0000001c     SPICC26XXDMA.obj (.const:SPICC26XXDMA_fxnTable)
                  0000ed78    0000001c     app_ble_pem3.oem3 (.const:xdc_runtime_Startup_sfxnTab__A)
                  0000ed94    00000018     I2CCC26XX.obj (.const:I2CCC26XX_fxnTable)
                  0000edac    00000018     board.obj (.const:I2C_config)
                  0000edc4    00000018     board.obj (.const:i2cCC26xxHWAttrs)
                  0000eddc    00000018     app_ble_pem3.oem3 (.const:ti_sysbios_gates_GateHwi_Object__PARAMS__C)
                  0000edf4    00000018     app_ble_pem3.oem3 (.const:ti_sysbios_gates_GateMutex_Object__PARAMS__C)
                  0000ee0c    00000018     app_ble_pem3.oem3 (.const:ti_sysbios_knl_Queue_Object__PARAMS__C)
                  0000ee24    00000014     RFCC26XX_singleMode.obj (.const:RF_defaultParams$19)
                  0000ee38    00000010     ccservice.obj (.const:.string:ccServiceServUUID)
                  0000ee48    00000010     ccservice.obj (.const:.string:ccServicechar1UUID)
                  0000ee58    00000010     ccservice.obj (.const:.string:ccServicechar2UUID)
                  0000ee68    00000010     ccservice.obj (.const:.string:ccServicechar3UUID)
                  0000ee78    00000010     ioservice.obj (.const:.string:ioConfUUID)
                  0000ee88    00000010     ioservice.obj (.const:.string:ioDataUUID)
                  0000ee98    00000010     ioservice.obj (.const:.string:ioServUUID)
                  0000eea8    00000010     oad.obj (.const:.string:oadServUUID$47)
                  0000eeb8    00000010     registerservice.obj (.const:.string:registerAddressUUID$51)
                  0000eec8    00000010     registerservice.obj (.const:.string:registerDataUUID$51)
                  0000eed8    00000010     registerservice.obj (.const:.string:registerDeviceIDUUID$51)
                  0000eee8    00000010     barometerservice.obj (.const:.string:sensorCfgUUID$37)
                  0000eef8    00000010     humidityservice.obj (.const:.string:sensorCfgUUID$43)
                  0000ef08    00000010     irtempservice.obj (.const:.string:sensorCfgUUID$45)
                  0000ef18    00000010     movementservice.obj (.const:.string:sensorCfgUUID$46)
                  0000ef28    00000010     opticservice.obj (.const:.string:sensorCfgUUID$49)
                  0000ef38    00000010     barometerservice.obj (.const:.string:sensorDataUUID$37)
                  0000ef48    00000010     humidityservice.obj (.const:.string:sensorDataUUID$43)
                  0000ef58    00000010     irtempservice.obj (.const:.string:sensorDataUUID$45)
                  0000ef68    00000010     movementservice.obj (.const:.string:sensorDataUUID$46)
                  0000ef78    00000010     opticservice.obj (.const:.string:sensorDataUUID$49)
                  0000ef88    00000010     barometerservice.obj (.const:.string:sensorPeriodUUID$37)
                  0000ef98    00000010     humidityservice.obj (.const:.string:sensorPeriodUUID$43)
                  0000efa8    00000010     irtempservice.obj (.const:.string:sensorPeriodUUID$45)
                  0000efb8    00000010     movementservice.obj (.const:.string:sensorPeriodUUID$46)
                  0000efc8    00000010     opticservice.obj (.const:.string:sensorPeriodUUID$49)
                  0000efd8    00000010     barometerservice.obj (.const:.string:sensorServiceUUID$37)
                  0000efe8    00000010     humidityservice.obj (.const:.string:sensorServiceUUID$43)
                  0000eff8    00000010     irtempservice.obj (.const:.string:sensorServiceUUID$45)
                  0000f008    00000010     movementservice.obj (.const:.string:sensorServiceUUID$46)
                  0000f018    00000010     opticservice.obj (.const:.string:sensorServiceUUID$49)
                  0000f028    00000010     registerservice.obj (.const:.string:sensorServiceUUID$51)
                  0000f038    00000010     I2C.obj (.const:I2C_defaultParams)
                  0000f048    00000010     board.obj (.const:PowerCC26XX_config)
                  0000f058    00000010     board.obj (.const:TRNGCC26XX_config)
                  0000f068    00000010     board.obj (.const:UDMACC26XX_config)
                  0000f078    0000000e     app_ble_pem3.oem3 (.const:xdc_runtime_Startup_sfxnRts__A)
                  0000f086    0000000d     oad.obj (.const:.string:oadImgIdentifyDesc$47)
                  0000f093    00000001     --HOLE-- [fill = 0]
                  0000f094    0000000c     battservice.obj (.const:battCBs)
                  0000f0a0    0000000c     ccservice.obj (.const:ccServiceCBs)
                  0000f0ac    0000000c     devinfoservice.obj (.const:devInfoCBs)
                  0000f0b8    0000000c     ioservice.obj (.const:ioCBs)
                  0000f0c4    0000000c     barometerservice.obj (.const:sensorCBs$37)
                  0000f0d0    0000000c     humidityservice.obj (.const:sensorCBs$43)
                  0000f0dc    0000000c     irtempservice.obj (.const:sensorCBs$45)
                  0000f0e8    0000000c     movementservice.obj (.const:sensorCBs$46)
                  0000f0f4    0000000c     opticservice.obj (.const:sensorCBs$49)
                  0000f100    0000000c     registerservice.obj (.const:sensorCBs$51)
                  0000f10c    0000000c     simplekeys.obj (.const:skCBs)
                  0000f118    0000000c     ble_user_config.obj (.const:trngDriverTable)
                  0000f124    0000000b     oad.obj (.const:.string:oadStatusDesc$47)
                  0000f12f    0000000a     oad.obj (.const:.string:oadImgBlockDesc$47)
                  0000f139    0000000a     oad.obj (.const:.string:oadImgCountDesc$47)
                  0000f143    00000001     --HOLE-- [fill = 0]
                  0000f144    00000008     ExtFlash.obj (.const:$O24$$)
[...]
0000f292  devInfoSoftwareRevUUID                                     
0000f294  devInfoSystemIdUUID                                        
0000f296  keyPressedUUID                                             
0000f298  skServUUID                                                 
0000f29c  ti_sysbios_family_arm_m3_Hwi_Module__id__C                 
0000f29e  xdc_runtime_HeapMin_Module__id__C                          
0000f2a0  xdc_runtime_HeapMin_freeError__C                           
0000f2a2  xdc_runtime_Memory_Module__id__C                           
0000f2a8  __TI_static_base__                                         
0000f8c4  __TI_Handler_Table_Base                                    
0000f8d0  __TI_Handler_Table_Limit                                   
0000f8f8  __TI_CINIT_Base                                            
0000f928  __TI_CINIT_Limit                                           
10014c00  A1_rw                                                      
10014c00  __checksum_begin_CommonROM                                 
10014c01  COMMON_ROM_BASE_ADDR                                       
10014c04  P1_ro                                                      
10014c05  SCALARMUL_init                                             
10014ced  SCALARMUL_core                                             
10015019  SCALARMUL_final                                            
100150e5  SCALARMUL                                                  
10015101  SAVEPOINT                                                  
10015141  GETBIT                                                     
10015155  GETDIGIT                                                   
100151a5  GETDIGITL2R                                                
10015215  SelectReg                                                  
10015229  ATOMICPATTERN                                              
100154f5  JACADD                                                     
1001568d  INVERT                                                     
10015821  SQUAREMULTIPLYWORD                                         
1001588c  LUTOPCODE                                                  
10015894  LUTOPSIGN                                                  
100158ac  LUTC                                                       
100158c4  LUTSE                                                      
100158dc  LUTINCI                                                    
100158f4  LUTJ                                                       
1001596c  LUTSTATE                                                   
100159a9  IMPORTLENGTH                                               
100159ad  IMPORTMODULUS                                              
100159d1  IMPORTOPERAND                                              
10015a11  EXPORTOPERAND                                              
10015a35  IMPORTDATA                                                 
10015a51  SETOPERAND                                                 
10015a6d  COPY                                                       
10015a85  ZERO                                                       
10015a91  SETWORD                                                    
10015a9d  mSET                                                       
10015bcd  zSET                                                       
10015bd5  mINVK                                                      
10015d19  zADD                                                       
10015d5d  zSUB                                                       
10015de9  zMACC32                                                    
10015e69  zSUB32                                                     
10015eb5  zADD32                                                     
10015f0d  zMULT32                                                    
10015f81  mMULT                                                      
10016551  mADD                                                       
1001664d  mSUB                                                       
10016749  mOUT                                                       
10016975  ssp_KeyInit_Sw                                             
10016979  sspAesEncrypt_Sw                                           
10016985  sspKeyExpansion_Sw                                         
10016a99  sspAesEncryptKeyExp_Sw                                     
10016af5  sspAesEncryptBasic_Sw                                      
10016b79  RoundKey_Sw                                                
10016c29  AddRoundKeySubBytes_Sw                                     
10016c45  ShiftRows_Sw                                               
10016c79  MixColumns_Sw                                              
10016d05  FFMult_Sw                                                  
10016d29  sspAesDecrypt_Sw                                           
10016da1  InvAddRoundKey_Sw                                          
10016dc9  InvRoundKey_Sw                                             
10016e8d  InvSubBytes_Sw                                             
10016ea1  InvShiftRows_Sw                                            
10016ed5  InvMixColumns_Sw                                           
10016f58  FFMult2                                                    
10017058  FFMult3                                                    
10017158  RCon                                                       
10017164  Sbox                                                       
10017264  InvSbox                                                    
10017365  SSP_CCM_Auth_Sw                                            
100174fd  SSP_CCM_Encrypt_Sw                                         
100175ed  SSP_CTR_Encrypt_Sw                                         
1001767d  SSP_CCM_Decrypt_Sw                                         
10017771  SSP_CTR_Decrypt_Sw                                         
10017839  SSP_CCM_InvAuth_Sw                                         
10017895  SSP_CCM_Auth_Encrypt_Sw                                    
100178f5  SSP_CCM_InvAuth_Decrypt_Sw                                 
10017959  ECC_allocWorkzone                                          
10017961  ECC_setWin                                                 
10017969  ECDSA_sign                                                 
10017b01  ECDSA_verif                                                
10017dbd  eccRom_genKeys                                             
10017ded  eccRom_genSharedSecret                                     
10017e39  SHA256_updateW                                             
10017e75  SHA256_round                                               
10017ef1  SHA256_nextState                                           
10017f49  SHA256_saveBuffer                                          
10017ffd  SHA256_init                                                
10018019  SHA256_process                                             
10018089  SHA256_final                                               
10018129  SHA256_full                                                
100182ad  RFHAL_InitRfHal                                            
10018315  RFHAL_AllocRatChan                                         
1001833d  RFHAL_FreeRatChan                                          
10018369  RFHAL_MapRatChansToInt                                     
10018391  RFHAL_RegisterRatChanCallback                              
100183b9  RFHAL_InitDataQueue                                        
100183c5  RFHAL_QueueRFDataEntries                                   
10018415  RFHAL_AddTxDataEntry                                       
10018485  RFHAL_FreeNextTxDataEntry                                  
100184a9  RFHAL_AllocDataEntryQueue                                  
100184c5  RFHAL_FreeDataEntryQueue                                   
100184cd  RFHAL_GetNextDataEntry                                     
100184d1  RFHAL_GetTempDataEntry                                     
100184d5  RFHAL_NextDataEntryDone                                    
100184f9  RFHAL_AllocDataEntry                                       
10018549  RFHAL_FreeDataEntry                                        
10018551  RFHAL_BuildRingBuffer                                      
100185e1  RFHAL_BuildDataEntryRingBuffer                             
10018669  RFHAL_BuildLinkedBuffer                                    
10018755  MB_Init                                                    
10018799  MB_EnableInts                                              
100187f5  MB_DisableInts                                             
10018825  MB_ClearInts                                               
10018835  MB_EnableHWInts                                            
10018865  MB_SendCommand                                             
100188a5  MB_SendCommandSynch                                        
10018935  MB_ReadMailboxStatus                                       
1001893d  MB_RegisterIsrCback                                        
10018945  MB_FwDebugDump                                             
10018949  mbCmdAckIsr                                                
1001895d  mbCpe0Isr                                                  
10018985  mbCpe1Isr                                                  
100189e5  mbHwIsr                                                    
10018a19  AesCcm_authEncrypt_Sw                                      
10018a35  AesCcm_decryptAuth_Sw                                      
10018a99  Aes_encrypt_Sw                                             
10018ac5  Aes_decrypt_Sw                                             
10018b09  AesCcm_getNumBlocks_Sw                                     
10018b0c  NIST_Curve_P256_p                                          
10018b30  NIST_Curve_P256_r                                          
10018b54  NIST_Curve_P256_a                                          
10018b78  NIST_Curve_P256_b                                          
10018b9c  NIST_Curve_P256_Gx                                         
10018bc0  NIST_Curve_P256_Gy                                         
10018ced  __exit                                                     
10018d6c  Fill1                                                      
10019ffc  A3_rw                                                      
10019ffd  __checksum_end_CommonROM                                   
10019ffe  A2_rw                                                      
10019ffe  P1_ro_2                                                    
10019ffe  __checksum_CommonROM                                       
20000000  ti_sysbios_family_arm_m3_Hwi_ramVectors                    
20000520  gapProfileState                                            
20000521  selfEntityMain                                             
20000522  seq_no                                                     
20000526  b_acc                                                      
20000529  b_gyro                                                     
2000052c  sem                                                        
20000530  hGpioPin                                                   
2000054c  pinGpioState                                               
2000098c  linkDBNumConns                                             
20000aa0  gapRoleTask                                                
20000af0  gapRoleTaskStack                                           
20001964  __TI_ft_end                                                
20001968  __TI_tmpnams                                               
20001a08  _ftable                                                    
20001c18  PowerCC26XX_module                                         
20001d28  ICall_dispatcher                                           
20001d30  ICall_enterCriticalSection                                 
20001d34  ICall_leaveCriticalSection                                 
20001d4c  HEAPMGR_SIZE                                               
20001e34  _stream                                                    
20001e84  _device                                                    
200024a0  rfRegTbl                                                   
200024f8  ti_sysbios_knl_Task_Object__table__V                       
2000258c  appAssertCback                                             
20002590  ti_sysbios_family_arm_cc26xx_Timer_Object__table__V        
200025d8  ti_sysbios_knl_Task_Module__state__V                       
20002650  ti_sysbios_family_arm_m3_Hwi_Module__state__V              
200026b4  ti_sysbios_knl_Swi_Module_State_0_readyQ__A                
200026e4  ti_sysbios_knl_Swi_Object__table__V                        
20002714  ti_sysbios_knl_Task_Module_State_0_readyQ__A               
20002744  user0Cfg                                                   
200027cc  ti_sysbios_knl_Clock_Module__state__V                      
200027f8  ti_sysbios_BIOS_Module__state__V                           
2000281c  ti_sysbios_knl_Clock_Object__table__V                      
2000283c  ti_sysbios_gates_GateMutex_Object__table__V                
20002858  ti_sysbios_knl_Swi_Module__state__V                        
2000288c  ti_sysbios_family_arm_m3_Hwi_Object__table__V              
200028c8  xdc_runtime_HeapMin_Object__table__V                       
200028d8  __TI_cleanup_ptr                                           
200028dc  __TI_dtors_ptr                                             
200028e0  __TI_enable_exit_profile_output                            
200028e4  lastAppOpcodeSent                                          
200028e8  pfnBMAlloc                                                 
200028ec  pfnBMFree                                                  
20002904  _lock                                                      
20002908  _unlock                                                    
2000291c  ti_sysbios_family_arm_cc26xx_Timer_Module__state__V        
20002924  ti_sysbios_family_arm_m3_Hwi_Module__root__V               
2000292c  ti_sysbios_gates_GateHwi_Module__root__V                   
20002934  ti_sysbios_gates_GateMutex_Module__root__V                 
2000293c  ti_sysbios_hal_Hwi_Module__root__V                         
20002944  ti_sysbios_knl_Clock_Module__root__V                       
2000294c  ti_sysbios_knl_Queue_Module__root__V                       
20002954  ti_sysbios_knl_Semaphore_Module__root__V                   
2000295c  ti_sysbios_knl_Swi_Module__root__V                         
20002964  ti_sysbios_knl_Task_Module__root__V                        
2000296c  xdc_runtime_HeapMin_Module__root__V                        
20002974  xdc_runtime_Startup_Module__state__V                       
2000297c  xdc_runtime_System_Module__state__V                        
20002984  main_func_sp                                               
20002990  ti_sysbios_family_arm_m3_Hwi_Module_State_0_excContext__A  
20002994  ti_sysbios_family_arm_m3_Hwi_Module_State_0_excStack__A    
20002998  ti_sysbios_gates_GateHwi_Object__table__V                  
2000299c  ti_sysbios_knl_Task_Module_State_0_idleTask__A             
200029a0  xdc_runtime_Memory_Module__state__V                        
200029bc  ti_sysbios_family_arm_m3_Hwi_Module_State_0_excActive__A   
200029c0  xdc_runtime_HeapMin_Instance_State_0_buf__A                
20003044  trngCC26XXObjects                                          
20003048  ti_sysbios_knl_Task_Instance_State_0_stack__A              
20003248  spiCC26XXDMAObjects                                        
20003400  __CIOBUF_                                                  
20003520  PIN_NumPins                                                
200035b4  PIN_HandleTable                                            
20003740  i2cCC26xxObjects                                           
20003820  ti_sysbios_family_arm_m3_Hwi_dispatchTable                 
20003960  udmaObjects                                                
200039cc  parmbuf                                                    
200039d9  driverlib_release_0_47020                                  
200039da  heapStart                                                  
200041f8  __stack                                                    
200041f8  heapEnd                                                    
200043f8  __STACK_END                                                
200043f8  __STACK_TOP                                                
20004f2c  A4_rw                                                      
20004f2c  COMMON_RAM_BASE_ADDR                                       
20004f40  P2_rw                                                      
20004f40  P2_s0                                                      
20004f40  eccRom_windowSize                                          
20004f44  eccRom_workzone                                            
20004f48  eccRom_param_p                                             
20004f4c  eccRom_param_r                                             
20004f50  eccRom_param_a                                             
20004f54  inScalar                                                   
20004f58  inPointX                                                   
20004f5c  inPointY                                                   
20004f60  outPointX                                                  
20004f64  outPointY                                                  
20004f68  SCAL                                                       
20004f6c  EXPX                                                       
20004f70  EXPY                                                       
20004f74  EXPZ                                                       
20004f78  EXPW                                                       
20004f7c  ACCX                                                       
20004f80  ACCY                                                       
20004f84  ACCZ                                                       
20004f88  TMP1                                                       
20004f8c  TMP2                                                       
20004f90  TMP3                                                       
20004f94  TMP4                                                       
20004f98  TMP5                                                       
20004f9c  TMP6                                                       
20004fa0  eccRom_param_Gx                                            
20004fa4  eccRom_param_Gy                                            
20004fa8  eccRom_param_b                                             
20004fac  P2_zi                                                      
20004fac  ratChanInfo                                                
20004fcc  fwInfoCmd                                                  
20004fd8  MSBMOD                                                     
20004fdc  aux64                                                      
20004fe4  MOD                                                        
20004fe8  LEN                                                        
20004ffc  pSspAesEncrypt_Sw                                          
e000e000  ti_sysbios_family_arm_m3_Hwi_nvic                          
ffffffff  __TI_pprof_out_hndl                                        
ffffffff  __TI_prof_data_size                                        
ffffffff  __TI_prof_data_start                                       
ffffffff  __binit__                                                  
ffffffff  __c_args__                                                 
ffffffff  binit                                                      
UNDEFED   SHT$$INIT_ARRAY$$Base                                      
UNDEFED   SHT$$INIT_ARRAY$$Limit                                     

[959 symbols]
